MSBuild version 17.8.45+2a7a854c1 for .NET
  Determining projects to restore...
C:\Users\anijay\.gemini\antigravity\scratch\COGNEX\Cognexalgo.Core\Cognexalgo.Core.csproj : warning NU1701: Package 'FireSharp 2.0.4' was restored using '.NETFramework,Version=v4.6.1, .NETFramework,Version=v4.6.2, .NETFramework,Version=v4.7, .NETFramework,Version=v4.7.1, .NETFramework,Version=v4.7.2, .NETFramework,Version=v4.8, .NETFramework,Version=v4.8.1' instead of the project target framework 'net8.0'. This package may not be fully compatible with your project.
C:\Users\anijay\.gemini\antigravity\scratch\COGNEX\Cognexalgo.Core\Cognexalgo.Core.csproj : warning NU1701: Package 'Microsoft.Bcl 1.1.9' was restored using '.NETFramework,Version=v4.6.1, .NETFramework,Version=v4.6.2, .NETFramework,Version=v4.7, .NETFramework,Version=v4.7.1, .NETFramework,Version=v4.7.2, .NETFramework,Version=v4.8, .NETFramework,Version=v4.8.1' instead of the project target framework 'net8.0'. This package may not be fully compatible with your project.
C:\Users\anijay\.gemini\antigravity\scratch\COGNEX\Cognexalgo.Core\Cognexalgo.Core.csproj : warning NU1701: Package 'Microsoft.Bcl.Async 1.0.168' was restored using '.NETFramework,Version=v4.6.1, .NETFramework,Version=v4.6.2, .NETFramework,Version=v4.7, .NETFramework,Version=v4.7.1, .NETFramework,Version=v4.7.2, .NETFramework,Version=v4.8, .NETFramework,Version=v4.8.1' instead of the project target framework 'net8.0'. This package may not be fully compatible with your project.
C:\Users\anijay\.gemini\antigravity\scratch\COGNEX\Cognexalgo.Core\Cognexalgo.Core.csproj : warning NU1701: Package 'Microsoft.Net.Http 2.2.28' was restored using '.NETFramework,Version=v4.6.1, .NETFramework,Version=v4.6.2, .NETFramework,Version=v4.7, .NETFramework,Version=v4.7.1, .NETFramework,Version=v4.7.2, .NETFramework,Version=v4.8, .NETFramework,Version=v4.8.1' instead of the project target framework 'net8.0'. This package may not be fully compatible with your project.
  All projects are up-to-date for restore.
C:\Users\anijay\.gemini\antigravity\scratch\COGNEX\Cognexalgo.Core\Cognexalgo.Core.csproj : warning NU1701: Package 'FireSharp 2.0.4' was restored using '.NETFramework,Version=v4.6.1, .NETFramework,Version=v4.6.2, .NETFramework,Version=v4.7, .NETFramework,Version=v4.7.1, .NETFramework,Version=v4.7.2, .NETFramework,Version=v4.8, .NETFramework,Version=v4.8.1' instead of the project target framework 'net8.0'. This package may not be fully compatible with your project.
C:\Users\anijay\.gemini\antigravity\scratch\COGNEX\Cognexalgo.Core\Cognexalgo.Core.csproj : warning NU1701: Package 'Microsoft.Bcl 1.1.9' was restored using '.NETFramework,Version=v4.6.1, .NETFramework,Version=v4.6.2, .NETFramework,Version=v4.7, .NETFramework,Version=v4.7.1, .NETFramework,Version=v4.7.2, .NETFramework,Version=v4.8, .NETFramework,Version=v4.8.1' instead of the project target framework 'net8.0'. This package may not be fully compatible with your project.
C:\Users\anijay\.gemini\antigravity\scratch\COGNEX\Cognexalgo.Core\Cognexalgo.Core.csproj : warning NU1701: Package 'Microsoft.Bcl.Async 1.0.168' was restored using '.NETFramework,Version=v4.6.1, .NETFramework,Version=v4.6.2, .NETFramework,Version=v4.7, .NETFramework,Version=v4.7.1, .NETFramework,Version=v4.7.2, .NETFramework,Version=v4.8, .NETFramework,Version=v4.8.1' instead of the project target framework 'net8.0'. This package may not be fully compatible with your project.
C:\Users\anijay\.gemini\antigravity\scratch\COGNEX\Cognexalgo.Core\Cognexalgo.Core.csproj : warning NU1701: Package 'Microsoft.Net.Http 2.2.28' was restored using '.NETFramework,Version=v4.6.1, .NETFramework,Version=v4.6.2, .NETFramework,Version=v4.7, .NETFramework,Version=v4.7.1, .NETFramework,Version=v4.7.2, .NETFramework,Version=v4.8, .NETFramework,Version=v4.8.1' instead of the project target framework 'net8.0'. This package may not be fully compatible with your project.
C:\Users\anijay\.gemini\antigravity\scratch\COGNEX\Cognexalgo.Core\Repositories\IStrategyRepository.cs(19,92): warning CS8625: Cannot convert null literal to non-nullable reference type. [C:\Users\anijay\.gemini\antigravity\scratch\COGNEX\Cognexalgo.Core\Cognexalgo.Core.csproj]
C:\Users\anijay\.gemini\antigravity\scratch\COGNEX\Cognexalgo.Core\Repositories\IStrategyRepository.cs(20,95): warning CS8625: Cannot convert null literal to non-nullable reference type. [C:\Users\anijay\.gemini\antigravity\scratch\COGNEX\Cognexalgo.Core\Cognexalgo.Core.csproj]
C:\Users\anijay\.gemini\antigravity\scratch\COGNEX\Cognexalgo.Core\Services\AngelOneDataService.cs(20,41): warning CS8625: Cannot convert null literal to non-nullable reference type. [C:\Users\anijay\.gemini\antigravity\scratch\COGNEX\Cognexalgo.Core\Cognexalgo.Core.csproj]
C:\Users\anijay\.gemini\antigravity\scratch\COGNEX\Cognexalgo.Core\Repositories\StrategyRepository.cs(64,105): warning CS8625: Cannot convert null literal to non-nullable reference type. [C:\Users\anijay\.gemini\antigravity\scratch\COGNEX\Cognexalgo.Core\Cognexalgo.Core.csproj]
C:\Users\anijay\.gemini\antigravity\scratch\COGNEX\Cognexalgo.Core\Repositories\StrategyRepository.cs(102,108): warning CS8625: Cannot convert null literal to non-nullable reference type. [C:\Users\anijay\.gemini\antigravity\scratch\COGNEX\Cognexalgo.Core\Cognexalgo.Core.csproj]
C:\Users\anijay\.gemini\antigravity\scratch\COGNEX\Cognexalgo.Core\Data\Entities\StrategyExecutionLog.cs(17,23): warning CS8618: Non-nullable property 'Status' must contain a non-null value when exiting constructor. Consider declaring the property as nullable. [C:\Users\anijay\.gemini\antigravity\scratch\COGNEX\Cognexalgo.Core\Cognexalgo.Core.csproj]
C:\Users\anijay\.gemini\antigravity\scratch\COGNEX\Cognexalgo.Core\Data\Entities\StrategyExecutionLog.cs(20,23): warning CS8618: Non-nullable property 'ExecutionDetails' must contain a non-null value when exiting constructor. Consider declaring the property as nullable. [C:\Users\anijay\.gemini\antigravity\scratch\COGNEX\Cognexalgo.Core\Cognexalgo.Core.csproj]
C:\Users\anijay\.gemini\antigravity\scratch\COGNEX\Cognexalgo.Core\Data\Entities\StrategyExecutionLog.cs(26,37): warning CS8618: Non-nullable property 'Strategy' must contain a non-null value when exiting constructor. Consider declaring the property as nullable. [C:\Users\anijay\.gemini\antigravity\scratch\COGNEX\Cognexalgo.Core\Cognexalgo.Core.csproj]
C:\Users\anijay\.gemini\antigravity\scratch\COGNEX\Cognexalgo.Core\Models\TickerData.cs(30,23): warning CS8618: Non-nullable property 'Token' must contain a non-null value when exiting constructor. Consider declaring the property as nullable. [C:\Users\anijay\.gemini\antigravity\scratch\COGNEX\Cognexalgo.Core\Cognexalgo.Core.csproj]
C:\Users\anijay\.gemini\antigravity\scratch\COGNEX\Cognexalgo.Core\Models\TickerData.cs(33,23): warning CS8618: Non-nullable property 'Symbol' must contain a non-null value when exiting constructor. Consider declaring the property as nullable. [C:\Users\anijay\.gemini\antigravity\scratch\COGNEX\Cognexalgo.Core\Cognexalgo.Core.csproj]
C:\Users\anijay\.gemini\antigravity\scratch\COGNEX\Cognexalgo.Core\Data\Entities\HybridStrategyEntity.cs(15,23): warning CS8618: Non-nullable property 'Name' must contain a non-null value when exiting constructor. Consider declaring the property as nullable. [C:\Users\anijay\.gemini\antigravity\scratch\COGNEX\Cognexalgo.Core\Cognexalgo.Core.csproj]
C:\Users\anijay\.gemini\antigravity\scratch\COGNEX\Cognexalgo.Core\Data\Entities\HybridStrategyEntity.cs(19,23): warning CS8618: Non-nullable property 'ConfigJson' must contain a non-null value when exiting constructor. Consider declaring the property as nullable. [C:\Users\anijay\.gemini\antigravity\scratch\COGNEX\Cognexalgo.Core\Cognexalgo.Core.csproj]
C:\Users\anijay\.gemini\antigravity\scratch\COGNEX\Cognexalgo.Core\Data\Entities\HybridStrategyEntity.cs(30,23): warning CS8618: Non-nullable property 'CreatedBy' must contain a non-null value when exiting constructor. Consider declaring the property as nullable. [C:\Users\anijay\.gemini\antigravity\scratch\COGNEX\Cognexalgo.Core\Cognexalgo.Core.csproj]
C:\Users\anijay\.gemini\antigravity\scratch\COGNEX\Cognexalgo.Core\Data\Entities\HybridStrategyEntity.cs(33,23): warning CS8618: Non-nullable property 'LastModifiedBy' must contain a non-null value when exiting constructor. Consider declaring the property as nullable. [C:\Users\anijay\.gemini\antigravity\scratch\COGNEX\Cognexalgo.Core\Cognexalgo.Core.csproj]
C:\Users\anijay\.gemini\antigravity\scratch\COGNEX\Cognexalgo.Core\Data\Entities\HybridStrategyEntity.cs(36,50): warning CS8618: Non-nullable property 'ExecutionLogs' must contain a non-null value when exiting constructor. Consider declaring the property as nullable. [C:\Users\anijay\.gemini\antigravity\scratch\COGNEX\Cognexalgo.Core\Cognexalgo.Core.csproj]
C:\Users\anijay\.gemini\antigravity\scratch\COGNEX\Cognexalgo.Core\Rules\RuleModels.cs(105,23): warning CS8618: Non-nullable property 'StrategyName' must contain a non-null value when exiting constructor. Consider declaring the property as nullable. [C:\Users\anijay\.gemini\antigravity\scratch\COGNEX\Cognexalgo.Core\Cognexalgo.Core.csproj]
C:\Users\anijay\.gemini\antigravity\scratch\COGNEX\Cognexalgo.Core\Rules\RuleModels.cs(106,23): warning CS8618: Non-nullable property 'Symbol' must contain a non-null value when exiting constructor. Consider declaring the property as nullable. [C:\Users\anijay\.gemini\antigravity\scratch\COGNEX\Cognexalgo.Core\Cognexalgo.Core.csproj]
C:\Users\anijay\.gemini\antigravity\scratch\COGNEX\Cognexalgo.Core\Rules\RuleModels.cs(107,23): warning CS8618: Non-nullable property 'Timeframe' must contain a non-null value when exiting constructor. Consider declaring the property as nullable. [C:\Users\anijay\.gemini\antigravity\scratch\COGNEX\Cognexalgo.Core\Cognexalgo.Core.csproj]
C:\Users\anijay\.gemini\antigravity\scratch\COGNEX\Cognexalgo.Core\Models\TickerData.cs(18,31): warning CS8618: Non-nullable property 'Nifty' must contain a non-null value when exiting constructor. Consider declaring the property as nullable. [C:\Users\anijay\.gemini\antigravity\scratch\COGNEX\Cognexalgo.Core\Cognexalgo.Core.csproj]
C:\Users\anijay\.gemini\antigravity\scratch\COGNEX\Cognexalgo.Core\Models\TickerData.cs(21,31): warning CS8618: Non-nullable property 'BankNifty' must contain a non-null value when exiting constructor. Consider declaring the property as nullable. [C:\Users\anijay\.gemini\antigravity\scratch\COGNEX\Cognexalgo.Core\Cognexalgo.Core.csproj]
C:\Users\anijay\.gemini\antigravity\scratch\COGNEX\Cognexalgo.Core\Models\TickerData.cs(9,23): warning CS8618: Non-nullable property 'Type' must contain a non-null value when exiting constructor. Consider declaring the property as nullable. [C:\Users\anijay\.gemini\antigravity\scratch\COGNEX\Cognexalgo.Core\Cognexalgo.Core.csproj]
C:\Users\anijay\.gemini\antigravity\scratch\COGNEX\Cognexalgo.Core\Models\TickerData.cs(12,27): warning CS8618: Non-nullable property 'Data' must contain a non-null value when exiting constructor. Consider declaring the property as nullable. [C:\Users\anijay\.gemini\antigravity\scratch\COGNEX\Cognexalgo.Core\Cognexalgo.Core.csproj]
C:\Users\anijay\.gemini\antigravity\scratch\COGNEX\Cognexalgo.Core\Data\AlgoDbContext.cs(15,16): warning CS8618: Non-nullable field '_configuration' must contain a non-null value when exiting constructor. Consider declaring the field as nullable. [C:\Users\anijay\.gemini\antigravity\scratch\COGNEX\Cognexalgo.Core\Cognexalgo.Core.csproj]
C:\Users\anijay\.gemini\antigravity\scratch\COGNEX\Cognexalgo.Core\Repositories\StrategyRepository.cs(23,56): warning CS1998: This async method lacks 'await' operators and will run synchronously. Consider using the 'await' operator to await non-blocking API calls, or 'await Task.Run(...)' to do CPU-bound work on a background thread. [C:\Users\anijay\.gemini\antigravity\scratch\COGNEX\Cognexalgo.Core\Cognexalgo.Core.csproj]
C:\Users\anijay\.gemini\antigravity\scratch\COGNEX\Cognexalgo.Core\Data\AlgoDbContext.cs(20,16): warning CS8618: Non-nullable field '_configuration' must contain a non-null value when exiting constructor. Consider declaring the field as nullable. [C:\Users\anijay\.gemini\antigravity\scratch\COGNEX\Cognexalgo.Core\Cognexalgo.Core.csproj]
C:\Users\anijay\.gemini\antigravity\scratch\COGNEX\Cognexalgo.Core\Repositories\StrategyRepository.cs(24,56): warning CS1998: This async method lacks 'await' operators and will run synchronously. Consider using the 'await' operator to await non-blocking API calls, or 'await Task.Run(...)' to do CPU-bound work on a background thread. [C:\Users\anijay\.gemini\antigravity\scratch\COGNEX\Cognexalgo.Core\Cognexalgo.Core.csproj]
C:\Users\anijay\.gemini\antigravity\scratch\COGNEX\Cognexalgo.Core\Rules\RuleModels.cs(61,23): warning CS8618: Non-nullable property 'Action' must contain a non-null value when exiting constructor. Consider declaring the property as nullable. [C:\Users\anijay\.gemini\antigravity\scratch\COGNEX\Cognexalgo.Core\Cognexalgo.Core.csproj]
C:\Users\anijay\.gemini\antigravity\scratch\COGNEX\Cognexalgo.Core\Repositories\StrategyRepository.cs(25,27): warning CS1998: This async method lacks 'await' operators and will run synchronously. Consider using the 'await' operator to await non-blocking API calls, or 'await Task.Run(...)' to do CPU-bound work on a background thread. [C:\Users\anijay\.gemini\antigravity\scratch\COGNEX\Cognexalgo.Core\Cognexalgo.Core.csproj]
C:\Users\anijay\.gemini\antigravity\scratch\COGNEX\Cognexalgo.Core\CloudServices\FirebaseService.cs(16,33): warning CS1998: This async method lacks 'await' operators and will run synchronously. Consider using the 'await' operator to await non-blocking API calls, or 'await Task.Run(...)' to do CPU-bound work on a background thread. [C:\Users\anijay\.gemini\antigravity\scratch\COGNEX\Cognexalgo.Core\Cognexalgo.Core.csproj]
C:\Users\anijay\.gemini\antigravity\scratch\COGNEX\Cognexalgo.Core\Data\AlgoDbContext.cs(33,43): warning CS8600: Converting null literal or possible null value to non-nullable type. [C:\Users\anijay\.gemini\antigravity\scratch\COGNEX\Cognexalgo.Core\Cognexalgo.Core.csproj]
C:\Users\anijay\.gemini\antigravity\scratch\COGNEX\Cognexalgo.Core\Repositories\StrategyRepository.cs(26,27): warning CS1998: This async method lacks 'await' operators and will run synchronously. Consider using the 'await' operator to await non-blocking API calls, or 'await Task.Run(...)' to do CPU-bound work on a background thread. [C:\Users\anijay\.gemini\antigravity\scratch\COGNEX\Cognexalgo.Core\Cognexalgo.Core.csproj]
C:\Users\anijay\.gemini\antigravity\scratch\COGNEX\Cognexalgo.Core\Repositories\StrategyRepository.cs(27,27): warning CS1998: This async method lacks 'await' operators and will run synchronously. Consider using the 'await' operator to await non-blocking API calls, or 'await Task.Run(...)' to do CPU-bound work on a background thread. [C:\Users\anijay\.gemini\antigravity\scratch\COGNEX\Cognexalgo.Core\Cognexalgo.Core.csproj]
C:\Users\anijay\.gemini\antigravity\scratch\COGNEX\Cognexalgo.Core\Repositories\StrategyRepository.cs(28,27): warning CS1998: This async method lacks 'await' operators and will run synchronously. Consider using the 'await' operator to await non-blocking API calls, or 'await Task.Run(...)' to do CPU-bound work on a background thread. [C:\Users\anijay\.gemini\antigravity\scratch\COGNEX\Cognexalgo.Core\Cognexalgo.Core.csproj]
C:\Users\anijay\.gemini\antigravity\scratch\COGNEX\Cognexalgo.Core\Models\AngelOneModels.cs(9,23): warning CS8618: Non-nullable property 'TradingSymbol' must contain a non-null value when exiting constructor. Consider declaring the property as nullable. [C:\Users\anijay\.gemini\antigravity\scratch\COGNEX\Cognexalgo.Core\Cognexalgo.Core.csproj]
C:\Users\anijay\.gemini\antigravity\scratch\COGNEX\Cognexalgo.Core\Models\AngelOneModels.cs(12,23): warning CS8618: Non-nullable property 'SymbolToken' must contain a non-null value when exiting constructor. Consider declaring the property as nullable. [C:\Users\anijay\.gemini\antigravity\scratch\COGNEX\Cognexalgo.Core\Cognexalgo.Core.csproj]
C:\Users\anijay\.gemini\antigravity\scratch\COGNEX\Cognexalgo.Core\Models\AngelOneModels.cs(15,23): warning CS8618: Non-nullable property 'Exchange' must contain a non-null value when exiting constructor. Consider declaring the property as nullable. [C:\Users\anijay\.gemini\antigravity\scratch\COGNEX\Cognexalgo.Core\Cognexalgo.Core.csproj]
C:\Users\anijay\.gemini\antigravity\scratch\COGNEX\Cognexalgo.Core\Models\AngelOneModels.cs(18,23): warning CS8618: Non-nullable property 'Isin' must contain a non-null value when exiting constructor. Consider declaring the property as nullable. [C:\Users\anijay\.gemini\antigravity\scratch\COGNEX\Cognexalgo.Core\Cognexalgo.Core.csproj]
C:\Users\anijay\.gemini\antigravity\scratch\COGNEX\Cognexalgo.Core\Repositories\StrategyRepository.cs(35,40): warning CS8603: Possible null reference return. [C:\Users\anijay\.gemini\antigravity\scratch\COGNEX\Cognexalgo.Core\Cognexalgo.Core.csproj]
C:\Users\anijay\.gemini\antigravity\scratch\COGNEX\Cognexalgo.Core\Repositories\CredentialsRepository.cs(23,24): warning CS8603: Possible null reference return. [C:\Users\anijay\.gemini\antigravity\scratch\COGNEX\Cognexalgo.Core\Cognexalgo.Core.csproj]
C:\Users\anijay\.gemini\antigravity\scratch\COGNEX\Cognexalgo.Core\Models\AngelOneModels.cs(45,23): warning CS8618: Non-nullable property 'TradingSymbol' must contain a non-null value when exiting constructor. Consider declaring the property as nullable. [C:\Users\anijay\.gemini\antigravity\scratch\COGNEX\Cognexalgo.Core\Cognexalgo.Core.csproj]
C:\Users\anijay\.gemini\antigravity\scratch\COGNEX\Cognexalgo.Core\Models\AngelOneModels.cs(48,23): warning CS8618: Non-nullable property 'SymbolToken' must contain a non-null value when exiting constructor. Consider declaring the property as nullable. [C:\Users\anijay\.gemini\antigravity\scratch\COGNEX\Cognexalgo.Core\Cognexalgo.Core.csproj]
C:\Users\anijay\.gemini\antigravity\scratch\COGNEX\Cognexalgo.Core\Models\AngelOneModels.cs(51,23): warning CS8618: Non-nullable property 'Exchange' must contain a non-null value when exiting constructor. Consider declaring the property as nullable. [C:\Users\anijay\.gemini\antigravity\scratch\COGNEX\Cognexalgo.Core\Cognexalgo.Core.csproj]
C:\Users\anijay\.gemini\antigravity\scratch\COGNEX\Cognexalgo.Core\Models\AngelOneModels.cs(54,23): warning CS8618: Non-nullable property 'InstrumentType' must contain a non-null value when exiting constructor. Consider declaring the property as nullable. [C:\Users\anijay\.gemini\antigravity\scratch\COGNEX\Cognexalgo.Core\Cognexalgo.Core.csproj]
C:\Users\anijay\.gemini\antigravity\scratch\COGNEX\Cognexalgo.Core\Models\AngelOneModels.cs(57,23): warning CS8618: Non-nullable property 'ProductType' must contain a non-null value when exiting constructor. Consider declaring the property as nullable. [C:\Users\anijay\.gemini\antigravity\scratch\COGNEX\Cognexalgo.Core\Cognexalgo.Core.csproj]
C:\Users\anijay\.gemini\antigravity\scratch\COGNEX\Cognexalgo.Core\Models\AngelOneModels.cs(60,23): warning CS8618: Non-nullable property 'OptionType' must contain a non-null value when exiting constructor. Consider declaring the property as nullable. [C:\Users\anijay\.gemini\antigravity\scratch\COGNEX\Cognexalgo.Core\Cognexalgo.Core.csproj]
C:\Users\anijay\.gemini\antigravity\scratch\COGNEX\Cognexalgo.Core\Models\AngelOneModels.cs(63,23): warning CS8618: Non-nullable property 'Token' must contain a non-null value when exiting constructor. Consider declaring the property as nullable. [C:\Users\anijay\.gemini\antigravity\scratch\COGNEX\Cognexalgo.Core\Cognexalgo.Core.csproj]
C:\Users\anijay\.gemini\antigravity\scratch\COGNEX\Cognexalgo.Core\Models\AngelOneModels.cs(66,23): warning CS8618: Non-nullable property 'BuyQty' must contain a non-null value when exiting constructor. Consider declaring the property as nullable. [C:\Users\anijay\.gemini\antigravity\scratch\COGNEX\Cognexalgo.Core\Cognexalgo.Core.csproj]
C:\Users\anijay\.gemini\antigravity\scratch\COGNEX\Cognexalgo.Core\Models\AngelOneModels.cs(69,23): warning CS8618: Non-nullable property 'SellQty' must contain a non-null value when exiting constructor. Consider declaring the property as nullable. [C:\Users\anijay\.gemini\antigravity\scratch\COGNEX\Cognexalgo.Core\Cognexalgo.Core.csproj]
C:\Users\anijay\.gemini\antigravity\scratch\COGNEX\Cognexalgo.Core\Models\AngelOneModels.cs(78,23): warning CS8618: Non-nullable property 'CfBuyQty' must contain a non-null value when exiting constructor. Consider declaring the property as nullable. [C:\Users\anijay\.gemini\antigravity\scratch\COGNEX\Cognexalgo.Core\Cognexalgo.Core.csproj]
C:\Users\anijay\.gemini\antigravity\scratch\COGNEX\Cognexalgo.Core\Models\AngelOneModels.cs(81,23): warning CS8618: Non-nullable property 'CfSellQty' must contain a non-null value when exiting constructor. Consider declaring the property as nullable. [C:\Users\anijay\.gemini\antigravity\scratch\COGNEX\Cognexalgo.Core\Cognexalgo.Core.csproj]
C:\Users\anijay\.gemini\antigravity\scratch\COGNEX\Cognexalgo.Core\Models\AngelOneModels.cs(84,23): warning CS8618: Non-nullable property 'NetQty' must contain a non-null value when exiting constructor. Consider declaring the property as nullable. [C:\Users\anijay\.gemini\antigravity\scratch\COGNEX\Cognexalgo.Core\Cognexalgo.Core.csproj]
C:\Users\anijay\.gemini\antigravity\scratch\COGNEX\Cognexalgo.Core\Models\AngelOneModels.cs(108,23): warning CS8618: Non-nullable property 'ClosedPositions' must contain a non-null value when exiting constructor. Consider declaring the property as nullable. [C:\Users\anijay\.gemini\antigravity\scratch\COGNEX\Cognexalgo.Core\Cognexalgo.Core.csproj]
C:\Users\anijay\.gemini\antigravity\scratch\COGNEX\Cognexalgo.Core\Models\BrokerCredentials.cs(7,23): warning CS8618: Non-nullable property 'ApiKey' must contain a non-null value when exiting constructor. Consider declaring the property as nullable. [C:\Users\anijay\.gemini\antigravity\scratch\COGNEX\Cognexalgo.Core\Cognexalgo.Core.csproj]
C:\Users\anijay\.gemini\antigravity\scratch\COGNEX\Cognexalgo.Core\Models\BrokerCredentials.cs(8,23): warning CS8618: Non-nullable property 'ClientCode' must contain a non-null value when exiting constructor. Consider declaring the property as nullable. [C:\Users\anijay\.gemini\antigravity\scratch\COGNEX\Cognexalgo.Core\Cognexalgo.Core.csproj]
C:\Users\anijay\.gemini\antigravity\scratch\COGNEX\Cognexalgo.Core\Models\BrokerCredentials.cs(9,23): warning CS8618: Non-nullable property 'Password' must contain a non-null value when exiting constructor. Consider declaring the property as nullable. [C:\Users\anijay\.gemini\antigravity\scratch\COGNEX\Cognexalgo.Core\Cognexalgo.Core.csproj]
C:\Users\anijay\.gemini\antigravity\scratch\COGNEX\Cognexalgo.Core\Models\BrokerCredentials.cs(10,23): warning CS8618: Non-nullable property 'TotpKey' must contain a non-null value when exiting constructor. Consider declaring the property as nullable. [C:\Users\anijay\.gemini\antigravity\scratch\COGNEX\Cognexalgo.Core\Cognexalgo.Core.csproj]
C:\Users\anijay\.gemini\antigravity\scratch\COGNEX\Cognexalgo.Core\TradingEngine.cs(65,13): error CS0103: The name '_dbService' does not exist in the current context [C:\Users\anijay\.gemini\antigravity\scratch\COGNEX\Cognexalgo.Core\Cognexalgo.Core.csproj]
C:\Users\anijay\.gemini\antigravity\scratch\COGNEX\Cognexalgo.Core\TradingEngine.cs(69,51): error CS0103: The name '_dbService' does not exist in the current context [C:\Users\anijay\.gemini\antigravity\scratch\COGNEX\Cognexalgo.Core\Cognexalgo.Core.csproj]
C:\Users\anijay\.gemini\antigravity\scratch\COGNEX\Cognexalgo.Core\TradingEngine.cs(70,63): error CS0103: The name '_dbService' does not exist in the current context [C:\Users\anijay\.gemini\antigravity\scratch\COGNEX\Cognexalgo.Core\Cognexalgo.Core.csproj]
C:\Users\anijay\.gemini\antigravity\scratch\COGNEX\Cognexalgo.Core\TradingEngine.cs(79,13): error CS0103: The name '_clientId' does not exist in the current context [C:\Users\anijay\.gemini\antigravity\scratch\COGNEX\Cognexalgo.Core\Cognexalgo.Core.csproj]
C:\Users\anijay\.gemini\antigravity\scratch\COGNEX\Cognexalgo.Core\TradingEngine.cs(39,16): warning CS8618: Non-nullable event 'OnSignalReceived' must contain a non-null value when exiting constructor. Consider declaring the event as nullable. [C:\Users\anijay\.gemini\antigravity\scratch\COGNEX\Cognexalgo.Core\Cognexalgo.Core.csproj]
C:\Users\anijay\.gemini\antigravity\scratch\COGNEX\Cognexalgo.Core\TradingEngine.cs(39,16): warning CS8618: Non-nullable property 'Api' must contain a non-null value when exiting constructor. Consider declaring the property as nullable. [C:\Users\anijay\.gemini\antigravity\scratch\COGNEX\Cognexalgo.Core\Cognexalgo.Core.csproj]
C:\Users\anijay\.gemini\antigravity\scratch\COGNEX\Cognexalgo.Core\TradingEngine.cs(39,16): warning CS8618: Non-nullable property 'DataService' must contain a non-null value when exiting constructor. Consider declaring the property as nullable. [C:\Users\anijay\.gemini\antigravity\scratch\COGNEX\Cognexalgo.Core\Cognexalgo.Core.csproj]
C:\Users\anijay\.gemini\antigravity\scratch\COGNEX\Cognexalgo.Core\Models\CloudModels.cs(7,23): warning CS8618: Non-nullable property 'LicenseKey' must contain a non-null value when exiting constructor. Consider declaring the property as nullable. [C:\Users\anijay\.gemini\antigravity\scratch\COGNEX\Cognexalgo.Core\Cognexalgo.Core.csproj]
C:\Users\anijay\.gemini\antigravity\scratch\COGNEX\Cognexalgo.Core\Models\CloudModels.cs(11,23): warning CS8618: Non-nullable property 'OwnerName' must contain a non-null value when exiting constructor. Consider declaring the property as nullable. [C:\Users\anijay\.gemini\antigravity\scratch\COGNEX\Cognexalgo.Core\Cognexalgo.Core.csproj]
C:\Users\anijay\.gemini\antigravity\scratch\COGNEX\Cognexalgo.Core\Models\CloudModels.cs(12,23): warning CS8618: Non-nullable property 'Message' must contain a non-null value when exiting constructor. Consider declaring the property as nullable. [C:\Users\anijay\.gemini\antigravity\scratch\COGNEX\Cognexalgo.Core\Cognexalgo.Core.csproj]
C:\Users\anijay\.gemini\antigravity\scratch\COGNEX\Cognexalgo.Core\Repositories\StrategyRepository.cs(45,40): warning CS8603: Possible null reference return. [C:\Users\anijay\.gemini\antigravity\scratch\COGNEX\Cognexalgo.Core\Cognexalgo.Core.csproj]
C:\Users\anijay\.gemini\antigravity\scratch\COGNEX\Cognexalgo.Core\TradingEngine.cs(91,13): error CS0103: The name '_firebaseService' does not exist in the current context [C:\Users\anijay\.gemini\antigravity\scratch\COGNEX\Cognexalgo.Core\Cognexalgo.Core.csproj]
C:\Users\anijay\.gemini\antigravity\scratch\COGNEX\Cognexalgo.Core\Models\CloudModels.cs(17,23): warning CS8618: Non-nullable property 'ClientId' must contain a non-null value when exiting constructor. Consider declaring the property as nullable. [C:\Users\anijay\.gemini\antigravity\scratch\COGNEX\Cognexalgo.Core\Cognexalgo.Core.csproj]
C:\Users\anijay\.gemini\antigravity\scratch\COGNEX\Cognexalgo.Core\Models\CloudModels.cs(18,23): warning CS8618: Non-nullable property 'MachineName' must contain a non-null value when exiting constructor. Consider declaring the property as nullable. [C:\Users\anijay\.gemini\antigravity\scratch\COGNEX\Cognexalgo.Core\Cognexalgo.Core.csproj]
C:\Users\anijay\.gemini\antigravity\scratch\COGNEX\Cognexalgo.Core\Models\CloudModels.cs(19,23): warning CS8618: Non-nullable property 'Version' must contain a non-null value when exiting constructor. Consider declaring the property as nullable. [C:\Users\anijay\.gemini\antigravity\scratch\COGNEX\Cognexalgo.Core\Cognexalgo.Core.csproj]
C:\Users\anijay\.gemini\antigravity\scratch\COGNEX\Cognexalgo.Core\Models\CloudModels.cs(20,23): warning CS8618: Non-nullable property 'Status' must contain a non-null value when exiting constructor. Consider declaring the property as nullable. [C:\Users\anijay\.gemini\antigravity\scratch\COGNEX\Cognexalgo.Core\Cognexalgo.Core.csproj]
C:\Users\anijay\.gemini\antigravity\scratch\COGNEX\Cognexalgo.Core\Models\CloudModels.cs(29,23): warning CS8618: Non-nullable property 'CommandId' must contain a non-null value when exiting constructor. Consider declaring the property as nullable. [C:\Users\anijay\.gemini\antigravity\scratch\COGNEX\Cognexalgo.Core\Cognexalgo.Core.csproj]
C:\Users\anijay\.gemini\antigravity\scratch\COGNEX\Cognexalgo.Core\Models\CloudModels.cs(30,23): warning CS8618: Non-nullable property 'Action' must contain a non-null value when exiting constructor. Consider declaring the property as nullable. [C:\Users\anijay\.gemini\antigravity\scratch\COGNEX\Cognexalgo.Core\Cognexalgo.Core.csproj]
C:\Users\anijay\.gemini\antigravity\scratch\COGNEX\Cognexalgo.Core\Models\CloudModels.cs(31,23): warning CS8618: Non-nullable property 'Payload' must contain a non-null value when exiting constructor. Consider declaring the property as nullable. [C:\Users\anijay\.gemini\antigravity\scratch\COGNEX\Cognexalgo.Core\Cognexalgo.Core.csproj]
C:\Users\anijay\.gemini\antigravity\scratch\COGNEX\Cognexalgo.Core\TradingEngine.cs(101,21): error CS0103: The name '_firebaseService' does not exist in the current context [C:\Users\anijay\.gemini\antigravity\scratch\COGNEX\Cognexalgo.Core\Cognexalgo.Core.csproj]
C:\Users\anijay\.gemini\antigravity\scratch\COGNEX\Cognexalgo.Core\TradingEngine.cs(105,36): error CS0103: The name '_clientId' does not exist in the current context [C:\Users\anijay\.gemini\antigravity\scratch\COGNEX\Cognexalgo.Core\Cognexalgo.Core.csproj]
C:\Users\anijay\.gemini\antigravity\scratch\COGNEX\Cognexalgo.Core\TradingEngine.cs(111,27): error CS0103: The name '_firebaseService' does not exist in the current context [C:\Users\anijay\.gemini\antigravity\scratch\COGNEX\Cognexalgo.Core\Cognexalgo.Core.csproj]
C:\Users\anijay\.gemini\antigravity\scratch\COGNEX\Cognexalgo.Core\TradingEngine.cs(127,21): error CS0103: The name '_firebaseService' does not exist in the current context [C:\Users\anijay\.gemini\antigravity\scratch\COGNEX\Cognexalgo.Core\Cognexalgo.Core.csproj]
C:\Users\anijay\.gemini\antigravity\scratch\COGNEX\Cognexalgo.Core\TradingEngine.cs(129,41): error CS0103: The name '_firebaseService' does not exist in the current context [C:\Users\anijay\.gemini\antigravity\scratch\COGNEX\Cognexalgo.Core\Cognexalgo.Core.csproj]
C:\Users\anijay\.gemini\antigravity\scratch\COGNEX\Cognexalgo.Core\TradingEngine.cs(129,80): error CS0103: The name '_clientId' does not exist in the current context [C:\Users\anijay\.gemini\antigravity\scratch\COGNEX\Cognexalgo.Core\Cognexalgo.Core.csproj]
C:\Users\anijay\.gemini\antigravity\scratch\COGNEX\Cognexalgo.Core\Models\HybridStrategyConfig.cs(7,23): warning CS8618: Non-nullable property 'StrategyName' must contain a non-null value when exiting constructor. Consider declaring the property as nullable. [C:\Users\anijay\.gemini\antigravity\scratch\COGNEX\Cognexalgo.Core\Cognexalgo.Core.csproj]
C:\Users\anijay\.gemini\antigravity\scratch\COGNEX\Cognexalgo.Core\Models\OptionChainItem.cs(16,23): warning CS8618: Non-nullable property 'OptionType' must contain a non-null value when exiting constructor. Consider declaring the property as nullable. [C:\Users\anijay\.gemini\antigravity\scratch\COGNEX\Cognexalgo.Core\Cognexalgo.Core.csproj]
C:\Users\anijay\.gemini\antigravity\scratch\COGNEX\Cognexalgo.Core\Models\OptionChainItem.cs(26,23): warning CS8618: Non-nullable property 'Symbol' must contain a non-null value when exiting constructor. Consider declaring the property as nullable. [C:\Users\anijay\.gemini\antigravity\scratch\COGNEX\Cognexalgo.Core\Cognexalgo.Core.csproj]
C:\Users\anijay\.gemini\antigravity\scratch\COGNEX\Cognexalgo.Core\Models\OptionChainItem.cs(31,23): warning CS8618: Non-nullable property 'Token' must contain a non-null value when exiting constructor. Consider declaring the property as nullable. [C:\Users\anijay\.gemini\antigravity\scratch\COGNEX\Cognexalgo.Core\Cognexalgo.Core.csproj]
C:\Users\anijay\.gemini\antigravity\scratch\COGNEX\Cognexalgo.Core\Repositories\StrategyRepository.cs(70,60): error CS1061: 'HybridStrategyConfig' does not contain a definition for 'Name' and no accessible extension method 'Name' accepting a first argument of type 'HybridStrategyConfig' could be found (are you missing a using directive or an assembly reference?) [C:\Users\anijay\.gemini\antigravity\scratch\COGNEX\Cognexalgo.Core\Cognexalgo.Core.csproj]
C:\Users\anijay\.gemini\antigravity\scratch\COGNEX\Cognexalgo.Core\Repositories\StrategyRepository.cs(79,50): error CS1061: 'HybridStrategyConfig' does not contain a definition for 'IsActive' and no accessible extension method 'IsActive' accepting a first argument of type 'HybridStrategyConfig' could be found (are you missing a using directive or an assembly reference?) [C:\Users\anijay\.gemini\antigravity\scratch\COGNEX\Cognexalgo.Core\Cognexalgo.Core.csproj]
C:\Users\anijay\.gemini\antigravity\scratch\COGNEX\Cognexalgo.Core\Repositories\StrategyRepository.cs(86,35): error CS1061: 'HybridStrategyConfig' does not contain a definition for 'Name' and no accessible extension method 'Name' accepting a first argument of type 'HybridStrategyConfig' could be found (are you missing a using directive or an assembly reference?) [C:\Users\anijay\.gemini\antigravity\scratch\COGNEX\Cognexalgo.Core\Cognexalgo.Core.csproj]
C:\Users\anijay\.gemini\antigravity\scratch\COGNEX\Cognexalgo.Core\Repositories\StrategyRepository.cs(88,39): error CS1061: 'HybridStrategyConfig' does not contain a definition for 'IsActive' and no accessible extension method 'IsActive' accepting a first argument of type 'HybridStrategyConfig' could be found (are you missing a using directive or an assembly reference?) [C:\Users\anijay\.gemini\antigravity\scratch\COGNEX\Cognexalgo.Core\Cognexalgo.Core.csproj]
C:\Users\anijay\.gemini\antigravity\scratch\COGNEX\Cognexalgo.Core\Models\Order.cs(8,23): warning CS8618: Non-nullable property 'OrderId' must contain a non-null value when exiting constructor. Consider declaring the property as nullable. [C:\Users\anijay\.gemini\antigravity\scratch\COGNEX\Cognexalgo.Core\Cognexalgo.Core.csproj]
C:\Users\anijay\.gemini\antigravity\scratch\COGNEX\Cognexalgo.Core\Models\Order.cs(9,23): warning CS8618: Non-nullable property 'Symbol' must contain a non-null value when exiting constructor. Consider declaring the property as nullable. [C:\Users\anijay\.gemini\antigravity\scratch\COGNEX\Cognexalgo.Core\Cognexalgo.Core.csproj]
C:\Users\anijay\.gemini\antigravity\scratch\COGNEX\Cognexalgo.Core\Models\Order.cs(10,23): warning CS8618: Non-nullable property 'Token' must contain a non-null value when exiting constructor. Consider declaring the property as nullable. [C:\Users\anijay\.gemini\antigravity\scratch\COGNEX\Cognexalgo.Core\Cognexalgo.Core.csproj]
C:\Users\anijay\.gemini\antigravity\scratch\COGNEX\Cognexalgo.Core\Models\Order.cs(13,23): warning CS8618: Non-nullable property 'Status' must contain a non-null value when exiting constructor. Consider declaring the property as nullable. [C:\Users\anijay\.gemini\antigravity\scratch\COGNEX\Cognexalgo.Core\Cognexalgo.Core.csproj]
C:\Users\anijay\.gemini\antigravity\scratch\COGNEX\Cognexalgo.Core\Models\Order.cs(14,23): warning CS8618: Non-nullable property 'TransactionType' must contain a non-null value when exiting constructor. Consider declaring the property as nullable. [C:\Users\anijay\.gemini\antigravity\scratch\COGNEX\Cognexalgo.Core\Cognexalgo.Core.csproj]
C:\Users\anijay\.gemini\antigravity\scratch\COGNEX\Cognexalgo.Core\Models\Order.cs(19,23): warning CS8618: Non-nullable property 'StrategyName' must contain a non-null value when exiting constructor. Consider declaring the property as nullable. [C:\Users\anijay\.gemini\antigravity\scratch\COGNEX\Cognexalgo.Core\Cognexalgo.Core.csproj]
C:\Users\anijay\.gemini\antigravity\scratch\COGNEX\Cognexalgo.Core\TradingEngine.cs(188,74): warning CS8604: Possible null reference argument for parameter 'logger' in 'AngelOneDataService.AngelOneDataService(SmartApiClient api, TokenService tokenService, FileLoggingService logger = null)'. [C:\Users\anijay\.gemini\antigravity\scratch\COGNEX\Cognexalgo.Core\Cognexalgo.Core.csproj]
C:\Users\anijay\.gemini\antigravity\scratch\COGNEX\Cognexalgo.Core\Rules\EvaluationContext.cs(100,29): warning CS8600: Converting null literal or possible null value to non-nullable type. [C:\Users\anijay\.gemini\antigravity\scratch\COGNEX\Cognexalgo.Core\Cognexalgo.Core.csproj]
C:\Users\anijay\.gemini\antigravity\scratch\COGNEX\Cognexalgo.Core\Rules\EvaluationContext.cs(101,24): warning CS8602: Dereference of a possibly null reference. [C:\Users\anijay\.gemini\antigravity\scratch\COGNEX\Cognexalgo.Core\Cognexalgo.Core.csproj]
C:\Users\anijay\.gemini\antigravity\scratch\COGNEX\Cognexalgo.Core\Models\Signal.cs(8,23): warning CS8618: Non-nullable property 'StrategyName' must contain a non-null value when exiting constructor. Consider declaring the property as nullable. [C:\Users\anijay\.gemini\antigravity\scratch\COGNEX\Cognexalgo.Core\Cognexalgo.Core.csproj]
C:\Users\anijay\.gemini\antigravity\scratch\COGNEX\Cognexalgo.Core\Models\Signal.cs(9,23): warning CS8618: Non-nullable property 'Symbol' must contain a non-null value when exiting constructor. Consider declaring the property as nullable. [C:\Users\anijay\.gemini\antigravity\scratch\COGNEX\Cognexalgo.Core\Cognexalgo.Core.csproj]
C:\Users\anijay\.gemini\antigravity\scratch\COGNEX\Cognexalgo.Core\Models\Signal.cs(10,23): warning CS8618: Non-nullable property 'SignalType' must contain a non-null value when exiting constructor. Consider declaring the property as nullable. [C:\Users\anijay\.gemini\antigravity\scratch\COGNEX\Cognexalgo.Core\Cognexalgo.Core.csproj]
C:\Users\anijay\.gemini\antigravity\scratch\COGNEX\Cognexalgo.Core\Models\Signal.cs(12,23): warning CS8618: Non-nullable property 'Reason' must contain a non-null value when exiting constructor. Consider declaring the property as nullable. [C:\Users\anijay\.gemini\antigravity\scratch\COGNEX\Cognexalgo.Core\Cognexalgo.Core.csproj]
C:\Users\anijay\.gemini\antigravity\scratch\COGNEX\Cognexalgo.Core\Services\TotpService.cs(12,66): warning CS8603: Possible null reference return. [C:\Users\anijay\.gemini\antigravity\scratch\COGNEX\Cognexalgo.Core\Cognexalgo.Core.csproj]
C:\Users\anijay\.gemini\antigravity\scratch\COGNEX\Cognexalgo.Core\Services\TotpService.cs(25,24): warning CS8603: Possible null reference return. [C:\Users\anijay\.gemini\antigravity\scratch\COGNEX\Cognexalgo.Core\Cognexalgo.Core.csproj]
C:\Users\anijay\.gemini\antigravity\scratch\COGNEX\Cognexalgo.Core\Services\TokenService.cs(372,23): warning CS8618: Non-nullable property 'Token' must contain a non-null value when exiting constructor. Consider declaring the property as nullable. [C:\Users\anijay\.gemini\antigravity\scratch\COGNEX\Cognexalgo.Core\Cognexalgo.Core.csproj]
C:\Users\anijay\.gemini\antigravity\scratch\COGNEX\Cognexalgo.Core\Services\TokenService.cs(375,23): warning CS8618: Non-nullable property 'Symbol' must contain a non-null value when exiting constructor. Consider declaring the property as nullable. [C:\Users\anijay\.gemini\antigravity\scratch\COGNEX\Cognexalgo.Core\Cognexalgo.Core.csproj]
C:\Users\anijay\.gemini\antigravity\scratch\COGNEX\Cognexalgo.Core\Services\TokenService.cs(378,23): warning CS8618: Non-nullable property 'Name' must contain a non-null value when exiting constructor. Consider declaring the property as nullable. [C:\Users\anijay\.gemini\antigravity\scratch\COGNEX\Cognexalgo.Core\Cognexalgo.Core.csproj]
C:\Users\anijay\.gemini\antigravity\scratch\COGNEX\Cognexalgo.Core\Services\TokenService.cs(381,23): warning CS8618: Non-nullable property 'Expiry' must contain a non-null value when exiting constructor. Consider declaring the property as nullable. [C:\Users\anijay\.gemini\antigravity\scratch\COGNEX\Cognexalgo.Core\Cognexalgo.Core.csproj]
C:\Users\anijay\.gemini\antigravity\scratch\COGNEX\Cognexalgo.Core\Services\TokenService.cs(384,23): warning CS8618: Non-nullable property 'Strike' must contain a non-null value when exiting constructor. Consider declaring the property as nullable. [C:\Users\anijay\.gemini\antigravity\scratch\COGNEX\Cognexalgo.Core\Cognexalgo.Core.csproj]
C:\Users\anijay\.gemini\antigravity\scratch\COGNEX\Cognexalgo.Core\Services\TokenService.cs(387,23): warning CS8618: Non-nullable property 'LotSize' must contain a non-null value when exiting constructor. Consider declaring the property as nullable. [C:\Users\anijay\.gemini\antigravity\scratch\COGNEX\Cognexalgo.Core\Cognexalgo.Core.csproj]
C:\Users\anijay\.gemini\antigravity\scratch\COGNEX\Cognexalgo.Core\Services\TokenService.cs(390,23): warning CS8618: Non-nullable property 'InstrumentType' must contain a non-null value when exiting constructor. Consider declaring the property as nullable. [C:\Users\anijay\.gemini\antigravity\scratch\COGNEX\Cognexalgo.Core\Cognexalgo.Core.csproj]
C:\Users\anijay\.gemini\antigravity\scratch\COGNEX\Cognexalgo.Core\Services\TokenService.cs(393,23): warning CS8618: Non-nullable property 'ExchSeg' must contain a non-null value when exiting constructor. Consider declaring the property as nullable. [C:\Users\anijay\.gemini\antigravity\scratch\COGNEX\Cognexalgo.Core\Cognexalgo.Core.csproj]
C:\Users\anijay\.gemini\antigravity\scratch\COGNEX\Cognexalgo.Core\Services\TokenService.cs(396,23): warning CS8618: Non-nullable property 'TickSize' must contain a non-null value when exiting constructor. Consider declaring the property as nullable. [C:\Users\anijay\.gemini\antigravity\scratch\COGNEX\Cognexalgo.Core\Cognexalgo.Core.csproj]
C:\Users\anijay\.gemini\antigravity\scratch\COGNEX\Cognexalgo.Core\Models\StrategyConfig.cs(8,23): warning CS8618: Non-nullable property 'Name' must contain a non-null value when exiting constructor. Consider declaring the property as nullable. [C:\Users\anijay\.gemini\antigravity\scratch\COGNEX\Cognexalgo.Core\Cognexalgo.Core.csproj]
C:\Users\anijay\.gemini\antigravity\scratch\COGNEX\Cognexalgo.Core\Models\StrategyConfig.cs(9,23): warning CS8618: Non-nullable property 'Symbol' must contain a non-null value when exiting constructor. Consider declaring the property as nullable. [C:\Users\anijay\.gemini\antigravity\scratch\COGNEX\Cognexalgo.Core\Cognexalgo.Core.csproj]
C:\Users\anijay\.gemini\antigravity\scratch\COGNEX\Cognexalgo.Core\Models\StrategyConfig.cs(11,23): warning CS8618: Non-nullable property 'StrategyType' must contain a non-null value when exiting constructor. Consider declaring the property as nullable. [C:\Users\anijay\.gemini\antigravity\scratch\COGNEX\Cognexalgo.Core\Cognexalgo.Core.csproj]
C:\Users\anijay\.gemini\antigravity\scratch\COGNEX\Cognexalgo.Core\Models\StrategyConfig.cs(12,23): warning CS8618: Non-nullable property 'Parameters' must contain a non-null value when exiting constructor. Consider declaring the property as nullable. [C:\Users\anijay\.gemini\antigravity\scratch\COGNEX\Cognexalgo.Core\Cognexalgo.Core.csproj]
C:\Users\anijay\.gemini\antigravity\scratch\COGNEX\Cognexalgo.Core\Services\TokenService.cs(362,23): warning CS8618: Non-nullable property 'Symbol' must contain a non-null value when exiting constructor. Consider declaring the property as nullable. [C:\Users\anijay\.gemini\antigravity\scratch\COGNEX\Cognexalgo.Core\Cognexalgo.Core.csproj]
C:\Users\anijay\.gemini\antigravity\scratch\COGNEX\Cognexalgo.Core\Services\TokenService.cs(363,23): warning CS8618: Non-nullable property 'Token' must contain a non-null value when exiting constructor. Consider declaring the property as nullable. [C:\Users\anijay\.gemini\antigravity\scratch\COGNEX\Cognexalgo.Core\Cognexalgo.Core.csproj]
C:\Users\anijay\.gemini\antigravity\scratch\COGNEX\Cognexalgo.Core\Services\TokenService.cs(365,23): warning CS8618: Non-nullable property 'OptionType' must contain a non-null value when exiting constructor. Consider declaring the property as nullable. [C:\Users\anijay\.gemini\antigravity\scratch\COGNEX\Cognexalgo.Core\Cognexalgo.Core.csproj]
C:\Users\anijay\.gemini\antigravity\scratch\COGNEX\Cognexalgo.Core\Strategies\StrategyBase.cs(22,16): warning CS8618: Non-nullable event 'OnSignalGenerated' must contain a non-null value when exiting constructor. Consider declaring the event as nullable. [C:\Users\anijay\.gemini\antigravity\scratch\COGNEX\Cognexalgo.Core\Cognexalgo.Core.csproj]
C:\Users\anijay\.gemini\antigravity\scratch\COGNEX\Cognexalgo.Core\Repositories\StrategyRepository.cs(163,24): error CS1061: 'HybridStrategyConfig' does not contain a definition for 'IsActive' and no accessible extension method 'IsActive' accepting a first argument of type 'HybridStrategyConfig' could be found (are you missing a using directive or an assembly reference?) [C:\Users\anijay\.gemini\antigravity\scratch\COGNEX\Cognexalgo.Core\Cognexalgo.Core.csproj]
C:\Users\anijay\.gemini\antigravity\scratch\COGNEX\Cognexalgo.Core\Repositories\StrategyRepository.cs(165,20): warning CS8603: Possible null reference return. [C:\Users\anijay\.gemini\antigravity\scratch\COGNEX\Cognexalgo.Core\Cognexalgo.Core.csproj]
C:\Users\anijay\.gemini\antigravity\scratch\COGNEX\Cognexalgo.Core\Models\StrategyLeg.cs(33,23): warning CS8618: Non-nullable property 'ATMOffset' must contain a non-null value when exiting constructor. Consider declaring the property as nullable. [C:\Users\anijay\.gemini\antigravity\scratch\COGNEX\Cognexalgo.Core\Cognexalgo.Core.csproj]
C:\Users\anijay\.gemini\antigravity\scratch\COGNEX\Cognexalgo.Core\Models\StrategyLeg.cs(43,23): warning CS8618: Non-nullable property 'PremiumOperator' must contain a non-null value when exiting constructor. Consider declaring the property as nullable. [C:\Users\anijay\.gemini\antigravity\scratch\COGNEX\Cognexalgo.Core\Cognexalgo.Core.csproj]
C:\Users\anijay\.gemini\antigravity\scratch\COGNEX\Cognexalgo.Core\Models\StrategyLeg.cs(47,23): warning CS8618: Non-nullable property 'Index' must contain a non-null value when exiting constructor. Consider declaring the property as nullable. [C:\Users\anijay\.gemini\antigravity\scratch\COGNEX\Cognexalgo.Core\Cognexalgo.Core.csproj]
C:\Users\anijay\.gemini\antigravity\scratch\COGNEX\Cognexalgo.Core\Models\StrategyLeg.cs(51,23): warning CS8618: Non-nullable property 'ProductType' must contain a non-null value when exiting constructor. Consider declaring the property as nullable. [C:\Users\anijay\.gemini\antigravity\scratch\COGNEX\Cognexalgo.Core\Cognexalgo.Core.csproj]
C:\Users\anijay\.gemini\antigravity\scratch\COGNEX\Cognexalgo.Core\Models\StrategyLeg.cs(52,23): warning CS8618: Non-nullable property 'ExpiryType' must contain a non-null value when exiting constructor. Consider declaring the property as nullable. [C:\Users\anijay\.gemini\antigravity\scratch\COGNEX\Cognexalgo.Core\Cognexalgo.Core.csproj]
C:\Users\anijay\.gemini\antigravity\scratch\COGNEX\Cognexalgo.Core\Models\StrategyLeg.cs(56,23): warning CS8618: Non-nullable property 'SymbolToken' must contain a non-null value when exiting constructor. Consider declaring the property as nullable. [C:\Users\anijay\.gemini\antigravity\scratch\COGNEX\Cognexalgo.Core\Cognexalgo.Core.csproj]
C:\Users\anijay\.gemini\antigravity\scratch\COGNEX\Cognexalgo.Core\Services\SmartApiClient.cs(305,23): warning CS8618: Non-nullable property 'Exchange' must contain a non-null value when exiting constructor. Consider declaring the property as nullable. [C:\Users\anijay\.gemini\antigravity\scratch\COGNEX\Cognexalgo.Core\Cognexalgo.Core.csproj]
C:\Users\anijay\.gemini\antigravity\scratch\COGNEX\Cognexalgo.Core\Services\SmartApiClient.cs(308,23): warning CS8618: Non-nullable property 'TradingSymbol' must contain a non-null value when exiting constructor. Consider declaring the property as nullable. [C:\Users\anijay\.gemini\antigravity\scratch\COGNEX\Cognexalgo.Core\Cognexalgo.Core.csproj]
C:\Users\anijay\.gemini\antigravity\scratch\COGNEX\Cognexalgo.Core\Services\SmartApiClient.cs(311,23): warning CS8618: Non-nullable property 'SymbolToken' must contain a non-null value when exiting constructor. Consider declaring the property as nullable. [C:\Users\anijay\.gemini\antigravity\scratch\COGNEX\Cognexalgo.Core\Cognexalgo.Core.csproj]
C:\Users\anijay\.gemini\antigravity\scratch\COGNEX\Cognexalgo.Core\Services\SmartApiClient.cs(296,23): warning CS8618: Non-nullable property 'Message' must contain a non-null value when exiting constructor. Consider declaring the property as nullable. [C:\Users\anijay\.gemini\antigravity\scratch\COGNEX\Cognexalgo.Core\Cognexalgo.Core.csproj]
C:\Users\anijay\.gemini\antigravity\scratch\COGNEX\Cognexalgo.Core\Services\SmartApiClient.cs(299,24): warning CS8618: Non-nullable property 'Data' must contain a non-null value when exiting constructor. Consider declaring the property as nullable. [C:\Users\anijay\.gemini\antigravity\scratch\COGNEX\Cognexalgo.Core\Cognexalgo.Core.csproj]
C:\Users\anijay\.gemini\antigravity\scratch\COGNEX\Cognexalgo.Core\Services\FileLoggingService.cs(14,16): warning CS8618: Non-nullable field '_todayFolder' must contain a non-null value when exiting constructor. Consider declaring the field as nullable. [C:\Users\anijay\.gemini\antigravity\scratch\COGNEX\Cognexalgo.Core\Cognexalgo.Core.csproj]
C:\Users\anijay\.gemini\antigravity\scratch\COGNEX\Cognexalgo.Core\Services\FileLoggingService.cs(14,16): warning CS8618: Non-nullable field '_logFile' must contain a non-null value when exiting constructor. Consider declaring the field as nullable. [C:\Users\anijay\.gemini\antigravity\scratch\COGNEX\Cognexalgo.Core\Cognexalgo.Core.csproj]
C:\Users\anijay\.gemini\antigravity\scratch\COGNEX\Cognexalgo.Core\Services\FileLoggingService.cs(14,16): warning CS8618: Non-nullable field '_signalFile' must contain a non-null value when exiting constructor. Consider declaring the field as nullable. [C:\Users\anijay\.gemini\antigravity\scratch\COGNEX\Cognexalgo.Core\Cognexalgo.Core.csproj]
C:\Users\anijay\.gemini\antigravity\scratch\COGNEX\Cognexalgo.Core\Services\FileLoggingService.cs(14,16): warning CS8618: Non-nullable field '_positionFile' must contain a non-null value when exiting constructor. Consider declaring the field as nullable. [C:\Users\anijay\.gemini\antigravity\scratch\COGNEX\Cognexalgo.Core\Cognexalgo.Core.csproj]
C:\Users\anijay\.gemini\antigravity\scratch\COGNEX\Cognexalgo.Core\Services\SmartApiClient.cs(336,64): warning CS8618: Non-nullable property 'FetchedData' must contain a non-null value when exiting constructor. Consider declaring the property as nullable. [C:\Users\anijay\.gemini\antigravity\scratch\COGNEX\Cognexalgo.Core\Cognexalgo.Core.csproj]
C:\Users\anijay\.gemini\antigravity\scratch\COGNEX\Cognexalgo.Core\Services\SmartApiClient.cs(327,23): warning CS8618: Non-nullable property 'Message' must contain a non-null value when exiting constructor. Consider declaring the property as nullable. [C:\Users\anijay\.gemini\antigravity\scratch\COGNEX\Cognexalgo.Core\Cognexalgo.Core.csproj]
C:\Users\anijay\.gemini\antigravity\scratch\COGNEX\Cognexalgo.Core\Services\SmartApiClient.cs(330,36): warning CS8618: Non-nullable property 'Data' must contain a non-null value when exiting constructor. Consider declaring the property as nullable. [C:\Users\anijay\.gemini\antigravity\scratch\COGNEX\Cognexalgo.Core\Cognexalgo.Core.csproj]
C:\Users\anijay\.gemini\antigravity\scratch\COGNEX\Cognexalgo.Core\Services\SmartApiClient.cs(342,23): warning CS8618: Non-nullable property 'SymbolToken' must contain a non-null value when exiting constructor. Consider declaring the property as nullable. [C:\Users\anijay\.gemini\antigravity\scratch\COGNEX\Cognexalgo.Core\Cognexalgo.Core.csproj]
C:\Users\anijay\.gemini\antigravity\scratch\COGNEX\Cognexalgo.Core\Services\SmartApiClient.cs(35,16): warning CS8618: Non-nullable event 'OnSessionExpired' must contain a non-null value when exiting constructor. Consider declaring the event as nullable. [C:\Users\anijay\.gemini\antigravity\scratch\COGNEX\Cognexalgo.Core\Cognexalgo.Core.csproj]
C:\Users\anijay\.gemini\antigravity\scratch\COGNEX\Cognexalgo.Core\Services\SmartApiClient.cs(35,16): warning CS8618: Non-nullable property 'JwtToken' must contain a non-null value when exiting constructor. Consider declaring the property as nullable. [C:\Users\anijay\.gemini\antigravity\scratch\COGNEX\Cognexalgo.Core\Cognexalgo.Core.csproj]
C:\Users\anijay\.gemini\antigravity\scratch\COGNEX\Cognexalgo.Core\Services\SmartApiClient.cs(35,16): warning CS8618: Non-nullable field '_clientCode' must contain a non-null value when exiting constructor. Consider declaring the field as nullable. [C:\Users\anijay\.gemini\antigravity\scratch\COGNEX\Cognexalgo.Core\Cognexalgo.Core.csproj]
C:\Users\anijay\.gemini\antigravity\scratch\COGNEX\Cognexalgo.Core\Services\SmartApiClient.cs(35,16): warning CS8618: Non-nullable property 'FeedToken' must contain a non-null value when exiting constructor. Consider declaring the property as nullable. [C:\Users\anijay\.gemini\antigravity\scratch\COGNEX\Cognexalgo.Core\Cognexalgo.Core.csproj]
C:\Users\anijay\.gemini\antigravity\scratch\COGNEX\Cognexalgo.Core\Services\TickerService.cs(24,16): warning CS8618: Non-nullable field '_ws' must contain a non-null value when exiting constructor. Consider declaring the field as nullable. [C:\Users\anijay\.gemini\antigravity\scratch\COGNEX\Cognexalgo.Core\Cognexalgo.Core.csproj]
C:\Users\anijay\.gemini\antigravity\scratch\COGNEX\Cognexalgo.Core\Services\TickerService.cs(24,16): warning CS8618: Non-nullable field '_cts' must contain a non-null value when exiting constructor. Consider declaring the field as nullable. [C:\Users\anijay\.gemini\antigravity\scratch\COGNEX\Cognexalgo.Core\Cognexalgo.Core.csproj]
C:\Users\anijay\.gemini\antigravity\scratch\COGNEX\Cognexalgo.Core\Services\TickerService.cs(24,16): warning CS8618: Non-nullable event 'OnTickReceived' must contain a non-null value when exiting constructor. Consider declaring the event as nullable. [C:\Users\anijay\.gemini\antigravity\scratch\COGNEX\Cognexalgo.Core\Cognexalgo.Core.csproj]
C:\Users\anijay\.gemini\antigravity\scratch\COGNEX\Cognexalgo.Core\Services\TickerService.cs(24,16): warning CS8618: Non-nullable event 'OnStatusChanged' must contain a non-null value when exiting constructor. Consider declaring the event as nullable. [C:\Users\anijay\.gemini\antigravity\scratch\COGNEX\Cognexalgo.Core\Cognexalgo.Core.csproj]
C:\Users\anijay\.gemini\antigravity\scratch\COGNEX\Cognexalgo.Core\Strategies\DynamicStrategy.cs(18,23): warning CS8601: Possible null reference assignment. [C:\Users\anijay\.gemini\antigravity\scratch\COGNEX\Cognexalgo.Core\Cognexalgo.Core.csproj]
C:\Users\anijay\.gemini\antigravity\scratch\COGNEX\Cognexalgo.Core\Strategies\DynamicStrategy.cs(15,16): warning CS8618: Non-nullable field '_config' must contain a non-null value when exiting constructor. Consider declaring the field as nullable. [C:\Users\anijay\.gemini\antigravity\scratch\COGNEX\Cognexalgo.Core\Cognexalgo.Core.csproj]
C:\Users\anijay\.gemini\antigravity\scratch\COGNEX\Cognexalgo.Core\TradingEngine.cs(206,55): error CS1061: 'IStrategyRepository' does not contain a definition for 'GetAllActiveAsync' and no accessible extension method 'GetAllActiveAsync' accepting a first argument of type 'IStrategyRepository' could be found (are you missing a using directive or an assembly reference?) [C:\Users\anijay\.gemini\antigravity\scratch\COGNEX\Cognexalgo.Core\Cognexalgo.Core.csproj]
C:\Users\anijay\.gemini\antigravity\scratch\COGNEX\Cognexalgo.Core\Strategies\EmaTrendStrategy.cs(22,36): warning CS1998: This async method lacks 'await' operators and will run synchronously. Consider using the 'await' operator to await non-blocking API calls, or 'await Task.Run(...)' to do CPU-bound work on a background thread. [C:\Users\anijay\.gemini\antigravity\scratch\COGNEX\Cognexalgo.Core\Cognexalgo.Core.csproj]
C:\Users\anijay\.gemini\antigravity\scratch\COGNEX\Cognexalgo.Core\Strategies\FourEmaStrategy.cs(22,36): warning CS1998: This async method lacks 'await' operators and will run synchronously. Consider using the 'await' operator to await non-blocking API calls, or 'await Task.Run(...)' to do CPU-bound work on a background thread. [C:\Users\anijay\.gemini\antigravity\scratch\COGNEX\Cognexalgo.Core\Cognexalgo.Core.csproj]
C:\Users\anijay\.gemini\antigravity\scratch\COGNEX\Cognexalgo.Core\Services\SmartApiClient.cs(93,32): warning CS8602: Dereference of a possibly null reference. [C:\Users\anijay\.gemini\antigravity\scratch\COGNEX\Cognexalgo.Core\Cognexalgo.Core.csproj]
C:\Users\anijay\.gemini\antigravity\scratch\COGNEX\Cognexalgo.Core\Services\SmartApiClient.cs(93,32): warning CS8601: Possible null reference assignment. [C:\Users\anijay\.gemini\antigravity\scratch\COGNEX\Cognexalgo.Core\Cognexalgo.Core.csproj]
C:\Users\anijay\.gemini\antigravity\scratch\COGNEX\Cognexalgo.Core\Services\SmartApiClient.cs(94,33): warning CS8602: Dereference of a possibly null reference. [C:\Users\anijay\.gemini\antigravity\scratch\COGNEX\Cognexalgo.Core\Cognexalgo.Core.csproj]
C:\Users\anijay\.gemini\antigravity\scratch\COGNEX\Cognexalgo.Core\Services\SmartApiClient.cs(94,33): warning CS8601: Possible null reference assignment. [C:\Users\anijay\.gemini\antigravity\scratch\COGNEX\Cognexalgo.Core\Cognexalgo.Core.csproj]
C:\Users\anijay\.gemini\antigravity\scratch\COGNEX\Cognexalgo.Core\Strategies\HybridStraddleStrategy.cs(36,27): warning CS8618: Non-nullable property 'EntryTime' must contain a non-null value when exiting constructor. Consider declaring the property as nullable. [C:\Users\anijay\.gemini\antigravity\scratch\COGNEX\Cognexalgo.Core\Cognexalgo.Core.csproj]
C:\Users\anijay\.gemini\antigravity\scratch\COGNEX\Cognexalgo.Core\Strategies\HybridStraddleStrategy.cs(37,27): warning CS8618: Non-nullable property 'ExitTime' must contain a non-null value when exiting constructor. Consider declaring the property as nullable. [C:\Users\anijay\.gemini\antigravity\scratch\COGNEX\Cognexalgo.Core\Cognexalgo.Core.csproj]
C:\Users\anijay\.gemini\antigravity\scratch\COGNEX\Cognexalgo.Core\Strategies\HybridStraddleStrategy.cs(44,27): warning CS8618: Non-nullable property 'WeeklyExitTime' must contain a non-null value when exiting constructor. Consider declaring the property as nullable. [C:\Users\anijay\.gemini\antigravity\scratch\COGNEX\Cognexalgo.Core\Cognexalgo.Core.csproj]
C:\Users\anijay\.gemini\antigravity\scratch\COGNEX\Cognexalgo.Core\Strategies\HybridStraddleStrategy.cs(45,27): warning CS8618: Non-nullable property 'MonthlyExitTime' must contain a non-null value when exiting constructor. Consider declaring the property as nullable. [C:\Users\anijay\.gemini\antigravity\scratch\COGNEX\Cognexalgo.Core\Cognexalgo.Core.csproj]
C:\Users\anijay\.gemini\antigravity\scratch\COGNEX\Cognexalgo.Core\Services\SmartApiClient.cs(143,24): warning CS8602: Dereference of a possibly null reference. [C:\Users\anijay\.gemini\antigravity\scratch\COGNEX\Cognexalgo.Core\Cognexalgo.Core.csproj]
C:\Users\anijay\.gemini\antigravity\scratch\COGNEX\Cognexalgo.Core\Services\SmartApiClient.cs(143,24): warning CS8602: Dereference of a possibly null reference. [C:\Users\anijay\.gemini\antigravity\scratch\COGNEX\Cognexalgo.Core\Cognexalgo.Core.csproj]
C:\Users\anijay\.gemini\antigravity\scratch\COGNEX\Cognexalgo.Core\Services\SmartApiClient.cs(145,20): warning CS8603: Possible null reference return. [C:\Users\anijay\.gemini\antigravity\scratch\COGNEX\Cognexalgo.Core\Cognexalgo.Core.csproj]
C:\Users\anijay\.gemini\antigravity\scratch\COGNEX\Cognexalgo.Core\Services\TokenService.cs(150,20): warning CS8603: Possible null reference return. [C:\Users\anijay\.gemini\antigravity\scratch\COGNEX\Cognexalgo.Core\Cognexalgo.Core.csproj]
C:\Users\anijay\.gemini\antigravity\scratch\COGNEX\Cognexalgo.Core\Services\SmartApiClient.cs(159,28): warning CS8602: Dereference of a possibly null reference. [C:\Users\anijay\.gemini\antigravity\scratch\COGNEX\Cognexalgo.Core\Cognexalgo.Core.csproj]
C:\Users\anijay\.gemini\antigravity\scratch\COGNEX\Cognexalgo.Core\Services\SmartApiClient.cs(159,28): warning CS8603: Possible null reference return. [C:\Users\anijay\.gemini\antigravity\scratch\COGNEX\Cognexalgo.Core\Cognexalgo.Core.csproj]
C:\Users\anijay\.gemini\antigravity\scratch\COGNEX\Cognexalgo.Core\TradingEngine.cs(317,34): warning CS8600: Converting null literal or possible null value to non-nullable type. [C:\Users\anijay\.gemini\antigravity\scratch\COGNEX\Cognexalgo.Core\Cognexalgo.Core.csproj]
C:\Users\anijay\.gemini\antigravity\scratch\COGNEX\Cognexalgo.Core\Services\SmartApiClient.cs(181,28): warning CS8602: Dereference of a possibly null reference. [C:\Users\anijay\.gemini\antigravity\scratch\COGNEX\Cognexalgo.Core\Cognexalgo.Core.csproj]
C:\Users\anijay\.gemini\antigravity\scratch\COGNEX\Cognexalgo.Core\Services\SmartApiClient.cs(181,28): warning CS8603: Possible null reference return. [C:\Users\anijay\.gemini\antigravity\scratch\COGNEX\Cognexalgo.Core\Cognexalgo.Core.csproj]
C:\Users\anijay\.gemini\antigravity\scratch\COGNEX\Cognexalgo.Core\Services\SmartApiClient.cs(216,24): warning CS8603: Possible null reference return. [C:\Users\anijay\.gemini\antigravity\scratch\COGNEX\Cognexalgo.Core\Cognexalgo.Core.csproj]
C:\Users\anijay\.gemini\antigravity\scratch\COGNEX\Cognexalgo.Core\Services\SmartApiClient.cs(221,24): warning CS8603: Possible null reference return. [C:\Users\anijay\.gemini\antigravity\scratch\COGNEX\Cognexalgo.Core\Cognexalgo.Core.csproj]
C:\Users\anijay\.gemini\antigravity\scratch\COGNEX\Cognexalgo.Core\Services\TokenService.cs(297,54): warning CS8600: Converting null literal or possible null value to non-nullable type. [C:\Users\anijay\.gemini\antigravity\scratch\COGNEX\Cognexalgo.Core\Cognexalgo.Core.csproj]
C:\Users\anijay\.gemini\antigravity\scratch\COGNEX\Cognexalgo.Core\Services\TokenService.cs(306,20): warning CS8603: Possible null reference return. [C:\Users\anijay\.gemini\antigravity\scratch\COGNEX\Cognexalgo.Core\Cognexalgo.Core.csproj]
C:\Users\anijay\.gemini\antigravity\scratch\COGNEX\Cognexalgo.Core\TradingEngine.cs(450,34): warning CS8600: Converting null literal or possible null value to non-nullable type. [C:\Users\anijay\.gemini\antigravity\scratch\COGNEX\Cognexalgo.Core\Cognexalgo.Core.csproj]
C:\Users\anijay\.gemini\antigravity\scratch\COGNEX\Cognexalgo.Core\Services\TokenService.cs(316,26): warning CS8625: Cannot convert null literal to non-nullable reference type. [C:\Users\anijay\.gemini\antigravity\scratch\COGNEX\Cognexalgo.Core\Cognexalgo.Core.csproj]
C:\Users\anijay\.gemini\antigravity\scratch\COGNEX\Cognexalgo.Core\TradingEngine.cs(498,36): warning CS1998: This async method lacks 'await' operators and will run synchronously. Consider using the 'await' operator to await non-blocking API calls, or 'await Task.Run(...)' to do CPU-bound work on a background thread. [C:\Users\anijay\.gemini\antigravity\scratch\COGNEX\Cognexalgo.Core\Cognexalgo.Core.csproj]
C:\Users\anijay\.gemini\antigravity\scratch\COGNEX\Cognexalgo.Core\TradingEngine.cs(580,36): warning CS8603: Possible null reference return. [C:\Users\anijay\.gemini\antigravity\scratch\COGNEX\Cognexalgo.Core\Cognexalgo.Core.csproj]
C:\Users\anijay\.gemini\antigravity\scratch\COGNEX\Cognexalgo.Core\TradingEngine.cs(598,32): warning CS8603: Possible null reference return. [C:\Users\anijay\.gemini\antigravity\scratch\COGNEX\Cognexalgo.Core\Cognexalgo.Core.csproj]
C:\Users\anijay\.gemini\antigravity\scratch\COGNEX\Cognexalgo.Core\TradingEngine.cs(603,20): warning CS8603: Possible null reference return. [C:\Users\anijay\.gemini\antigravity\scratch\COGNEX\Cognexalgo.Core\Cognexalgo.Core.csproj]

Build FAILED.

C:\Users\anijay\.gemini\antigravity\scratch\COGNEX\Cognexalgo.Core\Cognexalgo.Core.csproj : warning NU1701: Package 'FireSharp 2.0.4' was restored using '.NETFramework,Version=v4.6.1, .NETFramework,Version=v4.6.2, .NETFramework,Version=v4.7, .NETFramework,Version=v4.7.1, .NETFramework,Version=v4.7.2, .NETFramework,Version=v4.8, .NETFramework,Version=v4.8.1' instead of the project target framework 'net8.0'. This package may not be fully compatible with your project.
C:\Users\anijay\.gemini\antigravity\scratch\COGNEX\Cognexalgo.Core\Cognexalgo.Core.csproj : warning NU1701: Package 'Microsoft.Bcl 1.1.9' was restored using '.NETFramework,Version=v4.6.1, .NETFramework,Version=v4.6.2, .NETFramework,Version=v4.7, .NETFramework,Version=v4.7.1, .NETFramework,Version=v4.7.2, .NETFramework,Version=v4.8, .NETFramework,Version=v4.8.1' instead of the project target framework 'net8.0'. This package may not be fully compatible with your project.
C:\Users\anijay\.gemini\antigravity\scratch\COGNEX\Cognexalgo.Core\Cognexalgo.Core.csproj : warning NU1701: Package 'Microsoft.Bcl.Async 1.0.168' was restored using '.NETFramework,Version=v4.6.1, .NETFramework,Version=v4.6.2, .NETFramework,Version=v4.7, .NETFramework,Version=v4.7.1, .NETFramework,Version=v4.7.2, .NETFramework,Version=v4.8, .NETFramework,Version=v4.8.1' instead of the project target framework 'net8.0'. This package may not be fully compatible with your project.
C:\Users\anijay\.gemini\antigravity\scratch\COGNEX\Cognexalgo.Core\Cognexalgo.Core.csproj : warning NU1701: Package 'Microsoft.Net.Http 2.2.28' was restored using '.NETFramework,Version=v4.6.1, .NETFramework,Version=v4.6.2, .NETFramework,Version=v4.7, .NETFramework,Version=v4.7.1, .NETFramework,Version=v4.7.2, .NETFramework,Version=v4.8, .NETFramework,Version=v4.8.1' instead of the project target framework 'net8.0'. This package may not be fully compatible with your project.
C:\Users\anijay\.gemini\antigravity\scratch\COGNEX\Cognexalgo.Core\Cognexalgo.Core.csproj : warning NU1701: Package 'FireSharp 2.0.4' was restored using '.NETFramework,Version=v4.6.1, .NETFramework,Version=v4.6.2, .NETFramework,Version=v4.7, .NETFramework,Version=v4.7.1, .NETFramework,Version=v4.7.2, .NETFramework,Version=v4.8, .NETFramework,Version=v4.8.1' instead of the project target framework 'net8.0'. This package may not be fully compatible with your project.
C:\Users\anijay\.gemini\antigravity\scratch\COGNEX\Cognexalgo.Core\Cognexalgo.Core.csproj : warning NU1701: Package 'Microsoft.Bcl 1.1.9' was restored using '.NETFramework,Version=v4.6.1, .NETFramework,Version=v4.6.2, .NETFramework,Version=v4.7, .NETFramework,Version=v4.7.1, .NETFramework,Version=v4.7.2, .NETFramework,Version=v4.8, .NETFramework,Version=v4.8.1' instead of the project target framework 'net8.0'. This package may not be fully compatible with your project.
C:\Users\anijay\.gemini\antigravity\scratch\COGNEX\Cognexalgo.Core\Cognexalgo.Core.csproj : warning NU1701: Package 'Microsoft.Bcl.Async 1.0.168' was restored using '.NETFramework,Version=v4.6.1, .NETFramework,Version=v4.6.2, .NETFramework,Version=v4.7, .NETFramework,Version=v4.7.1, .NETFramework,Version=v4.7.2, .NETFramework,Version=v4.8, .NETFramework,Version=v4.8.1' instead of the project target framework 'net8.0'. This package may not be fully compatible with your project.
C:\Users\anijay\.gemini\antigravity\scratch\COGNEX\Cognexalgo.Core\Cognexalgo.Core.csproj : warning NU1701: Package 'Microsoft.Net.Http 2.2.28' was restored using '.NETFramework,Version=v4.6.1, .NETFramework,Version=v4.6.2, .NETFramework,Version=v4.7, .NETFramework,Version=v4.7.1, .NETFramework,Version=v4.7.2, .NETFramework,Version=v4.8, .NETFramework,Version=v4.8.1' instead of the project target framework 'net8.0'. This package may not be fully compatible with your project.
C:\Users\anijay\.gemini\antigravity\scratch\COGNEX\Cognexalgo.Core\Repositories\IStrategyRepository.cs(19,92): warning CS8625: Cannot convert null literal to non-nullable reference type. [C:\Users\anijay\.gemini\antigravity\scratch\COGNEX\Cognexalgo.Core\Cognexalgo.Core.csproj]
C:\Users\anijay\.gemini\antigravity\scratch\COGNEX\Cognexalgo.Core\Repositories\IStrategyRepository.cs(20,95): warning CS8625: Cannot convert null literal to non-nullable reference type. [C:\Users\anijay\.gemini\antigravity\scratch\COGNEX\Cognexalgo.Core\Cognexalgo.Core.csproj]
C:\Users\anijay\.gemini\antigravity\scratch\COGNEX\Cognexalgo.Core\Services\AngelOneDataService.cs(20,41): warning CS8625: Cannot convert null literal to non-nullable reference type. [C:\Users\anijay\.gemini\antigravity\scratch\COGNEX\Cognexalgo.Core\Cognexalgo.Core.csproj]
C:\Users\anijay\.gemini\antigravity\scratch\COGNEX\Cognexalgo.Core\Repositories\StrategyRepository.cs(64,105): warning CS8625: Cannot convert null literal to non-nullable reference type. [C:\Users\anijay\.gemini\antigravity\scratch\COGNEX\Cognexalgo.Core\Cognexalgo.Core.csproj]
C:\Users\anijay\.gemini\antigravity\scratch\COGNEX\Cognexalgo.Core\Repositories\StrategyRepository.cs(102,108): warning CS8625: Cannot convert null literal to non-nullable reference type. [C:\Users\anijay\.gemini\antigravity\scratch\COGNEX\Cognexalgo.Core\Cognexalgo.Core.csproj]
C:\Users\anijay\.gemini\antigravity\scratch\COGNEX\Cognexalgo.Core\Data\Entities\StrategyExecutionLog.cs(17,23): warning CS8618: Non-nullable property 'Status' must contain a non-null value when exiting constructor. Consider declaring the property as nullable. [C:\Users\anijay\.gemini\antigravity\scratch\COGNEX\Cognexalgo.Core\Cognexalgo.Core.csproj]
C:\Users\anijay\.gemini\antigravity\scratch\COGNEX\Cognexalgo.Core\Data\Entities\StrategyExecutionLog.cs(20,23): warning CS8618: Non-nullable property 'ExecutionDetails' must contain a non-null value when exiting constructor. Consider declaring the property as nullable. [C:\Users\anijay\.gemini\antigravity\scratch\COGNEX\Cognexalgo.Core\Cognexalgo.Core.csproj]
C:\Users\anijay\.gemini\antigravity\scratch\COGNEX\Cognexalgo.Core\Data\Entities\StrategyExecutionLog.cs(26,37): warning CS8618: Non-nullable property 'Strategy' must contain a non-null value when exiting constructor. Consider declaring the property as nullable. [C:\Users\anijay\.gemini\antigravity\scratch\COGNEX\Cognexalgo.Core\Cognexalgo.Core.csproj]
C:\Users\anijay\.gemini\antigravity\scratch\COGNEX\Cognexalgo.Core\Models\TickerData.cs(30,23): warning CS8618: Non-nullable property 'Token' must contain a non-null value when exiting constructor. Consider declaring the property as nullable. [C:\Users\anijay\.gemini\antigravity\scratch\COGNEX\Cognexalgo.Core\Cognexalgo.Core.csproj]
C:\Users\anijay\.gemini\antigravity\scratch\COGNEX\Cognexalgo.Core\Models\TickerData.cs(33,23): warning CS8618: Non-nullable property 'Symbol' must contain a non-null value when exiting constructor. Consider declaring the property as nullable. [C:\Users\anijay\.gemini\antigravity\scratch\COGNEX\Cognexalgo.Core\Cognexalgo.Core.csproj]
C:\Users\anijay\.gemini\antigravity\scratch\COGNEX\Cognexalgo.Core\Data\Entities\HybridStrategyEntity.cs(15,23): warning CS8618: Non-nullable property 'Name' must contain a non-null value when exiting constructor. Consider declaring the property as nullable. [C:\Users\anijay\.gemini\antigravity\scratch\COGNEX\Cognexalgo.Core\Cognexalgo.Core.csproj]
C:\Users\anijay\.gemini\antigravity\scratch\COGNEX\Cognexalgo.Core\Data\Entities\HybridStrategyEntity.cs(19,23): warning CS8618: Non-nullable property 'ConfigJson' must contain a non-null value when exiting constructor. Consider declaring the property as nullable. [C:\Users\anijay\.gemini\antigravity\scratch\COGNEX\Cognexalgo.Core\Cognexalgo.Core.csproj]
C:\Users\anijay\.gemini\antigravity\scratch\COGNEX\Cognexalgo.Core\Data\Entities\HybridStrategyEntity.cs(30,23): warning CS8618: Non-nullable property 'CreatedBy' must contain a non-null value when exiting constructor. Consider declaring the property as nullable. [C:\Users\anijay\.gemini\antigravity\scratch\COGNEX\Cognexalgo.Core\Cognexalgo.Core.csproj]
C:\Users\anijay\.gemini\antigravity\scratch\COGNEX\Cognexalgo.Core\Data\Entities\HybridStrategyEntity.cs(33,23): warning CS8618: Non-nullable property 'LastModifiedBy' must contain a non-null value when exiting constructor. Consider declaring the property as nullable. [C:\Users\anijay\.gemini\antigravity\scratch\COGNEX\Cognexalgo.Core\Cognexalgo.Core.csproj]
C:\Users\anijay\.gemini\antigravity\scratch\COGNEX\Cognexalgo.Core\Data\Entities\HybridStrategyEntity.cs(36,50): warning CS8618: Non-nullable property 'ExecutionLogs' must contain a non-null value when exiting constructor. Consider declaring the property as nullable. [C:\Users\anijay\.gemini\antigravity\scratch\COGNEX\Cognexalgo.Core\Cognexalgo.Core.csproj]
C:\Users\anijay\.gemini\antigravity\scratch\COGNEX\Cognexalgo.Core\Rules\RuleModels.cs(105,23): warning CS8618: Non-nullable property 'StrategyName' must contain a non-null value when exiting constructor. Consider declaring the property as nullable. [C:\Users\anijay\.gemini\antigravity\scratch\COGNEX\Cognexalgo.Core\Cognexalgo.Core.csproj]
C:\Users\anijay\.gemini\antigravity\scratch\COGNEX\Cognexalgo.Core\Rules\RuleModels.cs(106,23): warning CS8618: Non-nullable property 'Symbol' must contain a non-null value when exiting constructor. Consider declaring the property as nullable. [C:\Users\anijay\.gemini\antigravity\scratch\COGNEX\Cognexalgo.Core\Cognexalgo.Core.csproj]
C:\Users\anijay\.gemini\antigravity\scratch\COGNEX\Cognexalgo.Core\Rules\RuleModels.cs(107,23): warning CS8618: Non-nullable property 'Timeframe' must contain a non-null value when exiting constructor. Consider declaring the property as nullable. [C:\Users\anijay\.gemini\antigravity\scratch\COGNEX\Cognexalgo.Core\Cognexalgo.Core.csproj]
C:\Users\anijay\.gemini\antigravity\scratch\COGNEX\Cognexalgo.Core\Models\TickerData.cs(18,31): warning CS8618: Non-nullable property 'Nifty' must contain a non-null value when exiting constructor. Consider declaring the property as nullable. [C:\Users\anijay\.gemini\antigravity\scratch\COGNEX\Cognexalgo.Core\Cognexalgo.Core.csproj]
C:\Users\anijay\.gemini\antigravity\scratch\COGNEX\Cognexalgo.Core\Models\TickerData.cs(21,31): warning CS8618: Non-nullable property 'BankNifty' must contain a non-null value when exiting constructor. Consider declaring the property as nullable. [C:\Users\anijay\.gemini\antigravity\scratch\COGNEX\Cognexalgo.Core\Cognexalgo.Core.csproj]
C:\Users\anijay\.gemini\antigravity\scratch\COGNEX\Cognexalgo.Core\Models\TickerData.cs(9,23): warning CS8618: Non-nullable property 'Type' must contain a non-null value when exiting constructor. Consider declaring the property as nullable. [C:\Users\anijay\.gemini\antigravity\scratch\COGNEX\Cognexalgo.Core\Cognexalgo.Core.csproj]
C:\Users\anijay\.gemini\antigravity\scratch\COGNEX\Cognexalgo.Core\Models\TickerData.cs(12,27): warning CS8618: Non-nullable property 'Data' must contain a non-null value when exiting constructor. Consider declaring the property as nullable. [C:\Users\anijay\.gemini\antigravity\scratch\COGNEX\Cognexalgo.Core\Cognexalgo.Core.csproj]
C:\Users\anijay\.gemini\antigravity\scratch\COGNEX\Cognexalgo.Core\Data\AlgoDbContext.cs(15,16): warning CS8618: Non-nullable field '_configuration' must contain a non-null value when exiting constructor. Consider declaring the field as nullable. [C:\Users\anijay\.gemini\antigravity\scratch\COGNEX\Cognexalgo.Core\Cognexalgo.Core.csproj]
C:\Users\anijay\.gemini\antigravity\scratch\COGNEX\Cognexalgo.Core\Repositories\StrategyRepository.cs(23,56): warning CS1998: This async method lacks 'await' operators and will run synchronously. Consider using the 'await' operator to await non-blocking API calls, or 'await Task.Run(...)' to do CPU-bound work on a background thread. [C:\Users\anijay\.gemini\antigravity\scratch\COGNEX\Cognexalgo.Core\Cognexalgo.Core.csproj]
C:\Users\anijay\.gemini\antigravity\scratch\COGNEX\Cognexalgo.Core\Data\AlgoDbContext.cs(20,16): warning CS8618: Non-nullable field '_configuration' must contain a non-null value when exiting constructor. Consider declaring the field as nullable. [C:\Users\anijay\.gemini\antigravity\scratch\COGNEX\Cognexalgo.Core\Cognexalgo.Core.csproj]
C:\Users\anijay\.gemini\antigravity\scratch\COGNEX\Cognexalgo.Core\Repositories\StrategyRepository.cs(24,56): warning CS1998: This async method lacks 'await' operators and will run synchronously. Consider using the 'await' operator to await non-blocking API calls, or 'await Task.Run(...)' to do CPU-bound work on a background thread. [C:\Users\anijay\.gemini\antigravity\scratch\COGNEX\Cognexalgo.Core\Cognexalgo.Core.csproj]
C:\Users\anijay\.gemini\antigravity\scratch\COGNEX\Cognexalgo.Core\Rules\RuleModels.cs(61,23): warning CS8618: Non-nullable property 'Action' must contain a non-null value when exiting constructor. Consider declaring the property as nullable. [C:\Users\anijay\.gemini\antigravity\scratch\COGNEX\Cognexalgo.Core\Cognexalgo.Core.csproj]
C:\Users\anijay\.gemini\antigravity\scratch\COGNEX\Cognexalgo.Core\Repositories\StrategyRepository.cs(25,27): warning CS1998: This async method lacks 'await' operators and will run synchronously. Consider using the 'await' operator to await non-blocking API calls, or 'await Task.Run(...)' to do CPU-bound work on a background thread. [C:\Users\anijay\.gemini\antigravity\scratch\COGNEX\Cognexalgo.Core\Cognexalgo.Core.csproj]
C:\Users\anijay\.gemini\antigravity\scratch\COGNEX\Cognexalgo.Core\CloudServices\FirebaseService.cs(16,33): warning CS1998: This async method lacks 'await' operators and will run synchronously. Consider using the 'await' operator to await non-blocking API calls, or 'await Task.Run(...)' to do CPU-bound work on a background thread. [C:\Users\anijay\.gemini\antigravity\scratch\COGNEX\Cognexalgo.Core\Cognexalgo.Core.csproj]
C:\Users\anijay\.gemini\antigravity\scratch\COGNEX\Cognexalgo.Core\Data\AlgoDbContext.cs(33,43): warning CS8600: Converting null literal or possible null value to non-nullable type. [C:\Users\anijay\.gemini\antigravity\scratch\COGNEX\Cognexalgo.Core\Cognexalgo.Core.csproj]
C:\Users\anijay\.gemini\antigravity\scratch\COGNEX\Cognexalgo.Core\Repositories\StrategyRepository.cs(26,27): warning CS1998: This async method lacks 'await' operators and will run synchronously. Consider using the 'await' operator to await non-blocking API calls, or 'await Task.Run(...)' to do CPU-bound work on a background thread. [C:\Users\anijay\.gemini\antigravity\scratch\COGNEX\Cognexalgo.Core\Cognexalgo.Core.csproj]
C:\Users\anijay\.gemini\antigravity\scratch\COGNEX\Cognexalgo.Core\Repositories\StrategyRepository.cs(27,27): warning CS1998: This async method lacks 'await' operators and will run synchronously. Consider using the 'await' operator to await non-blocking API calls, or 'await Task.Run(...)' to do CPU-bound work on a background thread. [C:\Users\anijay\.gemini\antigravity\scratch\COGNEX\Cognexalgo.Core\Cognexalgo.Core.csproj]
C:\Users\anijay\.gemini\antigravity\scratch\COGNEX\Cognexalgo.Core\Repositories\StrategyRepository.cs(28,27): warning CS1998: This async method lacks 'await' operators and will run synchronously. Consider using the 'await' operator to await non-blocking API calls, or 'await Task.Run(...)' to do CPU-bound work on a background thread. [C:\Users\anijay\.gemini\antigravity\scratch\COGNEX\Cognexalgo.Core\Cognexalgo.Core.csproj]
C:\Users\anijay\.gemini\antigravity\scratch\COGNEX\Cognexalgo.Core\Models\AngelOneModels.cs(9,23): warning CS8618: Non-nullable property 'TradingSymbol' must contain a non-null value when exiting constructor. Consider declaring the property as nullable. [C:\Users\anijay\.gemini\antigravity\scratch\COGNEX\Cognexalgo.Core\Cognexalgo.Core.csproj]
C:\Users\anijay\.gemini\antigravity\scratch\COGNEX\Cognexalgo.Core\Models\AngelOneModels.cs(12,23): warning CS8618: Non-nullable property 'SymbolToken' must contain a non-null value when exiting constructor. Consider declaring the property as nullable. [C:\Users\anijay\.gemini\antigravity\scratch\COGNEX\Cognexalgo.Core\Cognexalgo.Core.csproj]
C:\Users\anijay\.gemini\antigravity\scratch\COGNEX\Cognexalgo.Core\Models\AngelOneModels.cs(15,23): warning CS8618: Non-nullable property 'Exchange' must contain a non-null value when exiting constructor. Consider declaring the property as nullable. [C:\Users\anijay\.gemini\antigravity\scratch\COGNEX\Cognexalgo.Core\Cognexalgo.Core.csproj]
C:\Users\anijay\.gemini\antigravity\scratch\COGNEX\Cognexalgo.Core\Models\AngelOneModels.cs(18,23): warning CS8618: Non-nullable property 'Isin' must contain a non-null value when exiting constructor. Consider declaring the property as nullable. [C:\Users\anijay\.gemini\antigravity\scratch\COGNEX\Cognexalgo.Core\Cognexalgo.Core.csproj]
C:\Users\anijay\.gemini\antigravity\scratch\COGNEX\Cognexalgo.Core\Repositories\StrategyRepository.cs(35,40): warning CS8603: Possible null reference return. [C:\Users\anijay\.gemini\antigravity\scratch\COGNEX\Cognexalgo.Core\Cognexalgo.Core.csproj]
C:\Users\anijay\.gemini\antigravity\scratch\COGNEX\Cognexalgo.Core\Repositories\CredentialsRepository.cs(23,24): warning CS8603: Possible null reference return. [C:\Users\anijay\.gemini\antigravity\scratch\COGNEX\Cognexalgo.Core\Cognexalgo.Core.csproj]
C:\Users\anijay\.gemini\antigravity\scratch\COGNEX\Cognexalgo.Core\Models\AngelOneModels.cs(45,23): warning CS8618: Non-nullable property 'TradingSymbol' must contain a non-null value when exiting constructor. Consider declaring the property as nullable. [C:\Users\anijay\.gemini\antigravity\scratch\COGNEX\Cognexalgo.Core\Cognexalgo.Core.csproj]
C:\Users\anijay\.gemini\antigravity\scratch\COGNEX\Cognexalgo.Core\Models\AngelOneModels.cs(48,23): warning CS8618: Non-nullable property 'SymbolToken' must contain a non-null value when exiting constructor. Consider declaring the property as nullable. [C:\Users\anijay\.gemini\antigravity\scratch\COGNEX\Cognexalgo.Core\Cognexalgo.Core.csproj]
C:\Users\anijay\.gemini\antigravity\scratch\COGNEX\Cognexalgo.Core\Models\AngelOneModels.cs(51,23): warning CS8618: Non-nullable property 'Exchange' must contain a non-null value when exiting constructor. Consider declaring the property as nullable. [C:\Users\anijay\.gemini\antigravity\scratch\COGNEX\Cognexalgo.Core\Cognexalgo.Core.csproj]
C:\Users\anijay\.gemini\antigravity\scratch\COGNEX\Cognexalgo.Core\Models\AngelOneModels.cs(54,23): warning CS8618: Non-nullable property 'InstrumentType' must contain a non-null value when exiting constructor. Consider declaring the property as nullable. [C:\Users\anijay\.gemini\antigravity\scratch\COGNEX\Cognexalgo.Core\Cognexalgo.Core.csproj]
C:\Users\anijay\.gemini\antigravity\scratch\COGNEX\Cognexalgo.Core\Models\AngelOneModels.cs(57,23): warning CS8618: Non-nullable property 'ProductType' must contain a non-null value when exiting constructor. Consider declaring the property as nullable. [C:\Users\anijay\.gemini\antigravity\scratch\COGNEX\Cognexalgo.Core\Cognexalgo.Core.csproj]
C:\Users\anijay\.gemini\antigravity\scratch\COGNEX\Cognexalgo.Core\Models\AngelOneModels.cs(60,23): warning CS8618: Non-nullable property 'OptionType' must contain a non-null value when exiting constructor. Consider declaring the property as nullable. [C:\Users\anijay\.gemini\antigravity\scratch\COGNEX\Cognexalgo.Core\Cognexalgo.Core.csproj]
C:\Users\anijay\.gemini\antigravity\scratch\COGNEX\Cognexalgo.Core\Models\AngelOneModels.cs(63,23): warning CS8618: Non-nullable property 'Token' must contain a non-null value when exiting constructor. Consider declaring the property as nullable. [C:\Users\anijay\.gemini\antigravity\scratch\COGNEX\Cognexalgo.Core\Cognexalgo.Core.csproj]
C:\Users\anijay\.gemini\antigravity\scratch\COGNEX\Cognexalgo.Core\Models\AngelOneModels.cs(66,23): warning CS8618: Non-nullable property 'BuyQty' must contain a non-null value when exiting constructor. Consider declaring the property as nullable. [C:\Users\anijay\.gemini\antigravity\scratch\COGNEX\Cognexalgo.Core\Cognexalgo.Core.csproj]
C:\Users\anijay\.gemini\antigravity\scratch\COGNEX\Cognexalgo.Core\Models\AngelOneModels.cs(69,23): warning CS8618: Non-nullable property 'SellQty' must contain a non-null value when exiting constructor. Consider declaring the property as nullable. [C:\Users\anijay\.gemini\antigravity\scratch\COGNEX\Cognexalgo.Core\Cognexalgo.Core.csproj]
C:\Users\anijay\.gemini\antigravity\scratch\COGNEX\Cognexalgo.Core\Models\AngelOneModels.cs(78,23): warning CS8618: Non-nullable property 'CfBuyQty' must contain a non-null value when exiting constructor. Consider declaring the property as nullable. [C:\Users\anijay\.gemini\antigravity\scratch\COGNEX\Cognexalgo.Core\Cognexalgo.Core.csproj]
C:\Users\anijay\.gemini\antigravity\scratch\COGNEX\Cognexalgo.Core\Models\AngelOneModels.cs(81,23): warning CS8618: Non-nullable property 'CfSellQty' must contain a non-null value when exiting constructor. Consider declaring the property as nullable. [C:\Users\anijay\.gemini\antigravity\scratch\COGNEX\Cognexalgo.Core\Cognexalgo.Core.csproj]
C:\Users\anijay\.gemini\antigravity\scratch\COGNEX\Cognexalgo.Core\Models\AngelOneModels.cs(84,23): warning CS8618: Non-nullable property 'NetQty' must contain a non-null value when exiting constructor. Consider declaring the property as nullable. [C:\Users\anijay\.gemini\antigravity\scratch\COGNEX\Cognexalgo.Core\Cognexalgo.Core.csproj]
C:\Users\anijay\.gemini\antigravity\scratch\COGNEX\Cognexalgo.Core\Models\AngelOneModels.cs(108,23): warning CS8618: Non-nullable property 'ClosedPositions' must contain a non-null value when exiting constructor. Consider declaring the property as nullable. [C:\Users\anijay\.gemini\antigravity\scratch\COGNEX\Cognexalgo.Core\Cognexalgo.Core.csproj]
C:\Users\anijay\.gemini\antigravity\scratch\COGNEX\Cognexalgo.Core\Models\BrokerCredentials.cs(7,23): warning CS8618: Non-nullable property 'ApiKey' must contain a non-null value when exiting constructor. Consider declaring the property as nullable. [C:\Users\anijay\.gemini\antigravity\scratch\COGNEX\Cognexalgo.Core\Cognexalgo.Core.csproj]
C:\Users\anijay\.gemini\antigravity\scratch\COGNEX\Cognexalgo.Core\Models\BrokerCredentials.cs(8,23): warning CS8618: Non-nullable property 'ClientCode' must contain a non-null value when exiting constructor. Consider declaring the property as nullable. [C:\Users\anijay\.gemini\antigravity\scratch\COGNEX\Cognexalgo.Core\Cognexalgo.Core.csproj]
C:\Users\anijay\.gemini\antigravity\scratch\COGNEX\Cognexalgo.Core\Models\BrokerCredentials.cs(9,23): warning CS8618: Non-nullable property 'Password' must contain a non-null value when exiting constructor. Consider declaring the property as nullable. [C:\Users\anijay\.gemini\antigravity\scratch\COGNEX\Cognexalgo.Core\Cognexalgo.Core.csproj]
C:\Users\anijay\.gemini\antigravity\scratch\COGNEX\Cognexalgo.Core\Models\BrokerCredentials.cs(10,23): warning CS8618: Non-nullable property 'TotpKey' must contain a non-null value when exiting constructor. Consider declaring the property as nullable. [C:\Users\anijay\.gemini\antigravity\scratch\COGNEX\Cognexalgo.Core\Cognexalgo.Core.csproj]
C:\Users\anijay\.gemini\antigravity\scratch\COGNEX\Cognexalgo.Core\TradingEngine.cs(39,16): warning CS8618: Non-nullable event 'OnSignalReceived' must contain a non-null value when exiting constructor. Consider declaring the event as nullable. [C:\Users\anijay\.gemini\antigravity\scratch\COGNEX\Cognexalgo.Core\Cognexalgo.Core.csproj]
C:\Users\anijay\.gemini\antigravity\scratch\COGNEX\Cognexalgo.Core\TradingEngine.cs(39,16): warning CS8618: Non-nullable property 'Api' must contain a non-null value when exiting constructor. Consider declaring the property as nullable. [C:\Users\anijay\.gemini\antigravity\scratch\COGNEX\Cognexalgo.Core\Cognexalgo.Core.csproj]
C:\Users\anijay\.gemini\antigravity\scratch\COGNEX\Cognexalgo.Core\TradingEngine.cs(39,16): warning CS8618: Non-nullable property 'DataService' must contain a non-null value when exiting constructor. Consider declaring the property as nullable. [C:\Users\anijay\.gemini\antigravity\scratch\COGNEX\Cognexalgo.Core\Cognexalgo.Core.csproj]
C:\Users\anijay\.gemini\antigravity\scratch\COGNEX\Cognexalgo.Core\Models\CloudModels.cs(7,23): warning CS8618: Non-nullable property 'LicenseKey' must contain a non-null value when exiting constructor. Consider declaring the property as nullable. [C:\Users\anijay\.gemini\antigravity\scratch\COGNEX\Cognexalgo.Core\Cognexalgo.Core.csproj]
C:\Users\anijay\.gemini\antigravity\scratch\COGNEX\Cognexalgo.Core\Models\CloudModels.cs(11,23): warning CS8618: Non-nullable property 'OwnerName' must contain a non-null value when exiting constructor. Consider declaring the property as nullable. [C:\Users\anijay\.gemini\antigravity\scratch\COGNEX\Cognexalgo.Core\Cognexalgo.Core.csproj]
C:\Users\anijay\.gemini\antigravity\scratch\COGNEX\Cognexalgo.Core\Models\CloudModels.cs(12,23): warning CS8618: Non-nullable property 'Message' must contain a non-null value when exiting constructor. Consider declaring the property as nullable. [C:\Users\anijay\.gemini\antigravity\scratch\COGNEX\Cognexalgo.Core\Cognexalgo.Core.csproj]
C:\Users\anijay\.gemini\antigravity\scratch\COGNEX\Cognexalgo.Core\Repositories\StrategyRepository.cs(45,40): warning CS8603: Possible null reference return. [C:\Users\anijay\.gemini\antigravity\scratch\COGNEX\Cognexalgo.Core\Cognexalgo.Core.csproj]
C:\Users\anijay\.gemini\antigravity\scratch\COGNEX\Cognexalgo.Core\Models\CloudModels.cs(17,23): warning CS8618: Non-nullable property 'ClientId' must contain a non-null value when exiting constructor. Consider declaring the property as nullable. [C:\Users\anijay\.gemini\antigravity\scratch\COGNEX\Cognexalgo.Core\Cognexalgo.Core.csproj]
C:\Users\anijay\.gemini\antigravity\scratch\COGNEX\Cognexalgo.Core\Models\CloudModels.cs(18,23): warning CS8618: Non-nullable property 'MachineName' must contain a non-null value when exiting constructor. Consider declaring the property as nullable. [C:\Users\anijay\.gemini\antigravity\scratch\COGNEX\Cognexalgo.Core\Cognexalgo.Core.csproj]
C:\Users\anijay\.gemini\antigravity\scratch\COGNEX\Cognexalgo.Core\Models\CloudModels.cs(19,23): warning CS8618: Non-nullable property 'Version' must contain a non-null value when exiting constructor. Consider declaring the property as nullable. [C:\Users\anijay\.gemini\antigravity\scratch\COGNEX\Cognexalgo.Core\Cognexalgo.Core.csproj]
C:\Users\anijay\.gemini\antigravity\scratch\COGNEX\Cognexalgo.Core\Models\CloudModels.cs(20,23): warning CS8618: Non-nullable property 'Status' must contain a non-null value when exiting constructor. Consider declaring the property as nullable. [C:\Users\anijay\.gemini\antigravity\scratch\COGNEX\Cognexalgo.Core\Cognexalgo.Core.csproj]
C:\Users\anijay\.gemini\antigravity\scratch\COGNEX\Cognexalgo.Core\Models\CloudModels.cs(29,23): warning CS8618: Non-nullable property 'CommandId' must contain a non-null value when exiting constructor. Consider declaring the property as nullable. [C:\Users\anijay\.gemini\antigravity\scratch\COGNEX\Cognexalgo.Core\Cognexalgo.Core.csproj]
C:\Users\anijay\.gemini\antigravity\scratch\COGNEX\Cognexalgo.Core\Models\CloudModels.cs(30,23): warning CS8618: Non-nullable property 'Action' must contain a non-null value when exiting constructor. Consider declaring the property as nullable. [C:\Users\anijay\.gemini\antigravity\scratch\COGNEX\Cognexalgo.Core\Cognexalgo.Core.csproj]
C:\Users\anijay\.gemini\antigravity\scratch\COGNEX\Cognexalgo.Core\Models\CloudModels.cs(31,23): warning CS8618: Non-nullable property 'Payload' must contain a non-null value when exiting constructor. Consider declaring the property as nullable. [C:\Users\anijay\.gemini\antigravity\scratch\COGNEX\Cognexalgo.Core\Cognexalgo.Core.csproj]
C:\Users\anijay\.gemini\antigravity\scratch\COGNEX\Cognexalgo.Core\Models\HybridStrategyConfig.cs(7,23): warning CS8618: Non-nullable property 'StrategyName' must contain a non-null value when exiting constructor. Consider declaring the property as nullable. [C:\Users\anijay\.gemini\antigravity\scratch\COGNEX\Cognexalgo.Core\Cognexalgo.Core.csproj]
C:\Users\anijay\.gemini\antigravity\scratch\COGNEX\Cognexalgo.Core\Models\OptionChainItem.cs(16,23): warning CS8618: Non-nullable property 'OptionType' must contain a non-null value when exiting constructor. Consider declaring the property as nullable. [C:\Users\anijay\.gemini\antigravity\scratch\COGNEX\Cognexalgo.Core\Cognexalgo.Core.csproj]
C:\Users\anijay\.gemini\antigravity\scratch\COGNEX\Cognexalgo.Core\Models\OptionChainItem.cs(26,23): warning CS8618: Non-nullable property 'Symbol' must contain a non-null value when exiting constructor. Consider declaring the property as nullable. [C:\Users\anijay\.gemini\antigravity\scratch\COGNEX\Cognexalgo.Core\Cognexalgo.Core.csproj]
C:\Users\anijay\.gemini\antigravity\scratch\COGNEX\Cognexalgo.Core\Models\OptionChainItem.cs(31,23): warning CS8618: Non-nullable property 'Token' must contain a non-null value when exiting constructor. Consider declaring the property as nullable. [C:\Users\anijay\.gemini\antigravity\scratch\COGNEX\Cognexalgo.Core\Cognexalgo.Core.csproj]
C:\Users\anijay\.gemini\antigravity\scratch\COGNEX\Cognexalgo.Core\Models\Order.cs(8,23): warning CS8618: Non-nullable property 'OrderId' must contain a non-null value when exiting constructor. Consider declaring the property as nullable. [C:\Users\anijay\.gemini\antigravity\scratch\COGNEX\Cognexalgo.Core\Cognexalgo.Core.csproj]
C:\Users\anijay\.gemini\antigravity\scratch\COGNEX\Cognexalgo.Core\Models\Order.cs(9,23): warning CS8618: Non-nullable property 'Symbol' must contain a non-null value when exiting constructor. Consider declaring the property as nullable. [C:\Users\anijay\.gemini\antigravity\scratch\COGNEX\Cognexalgo.Core\Cognexalgo.Core.csproj]
C:\Users\anijay\.gemini\antigravity\scratch\COGNEX\Cognexalgo.Core\Models\Order.cs(10,23): warning CS8618: Non-nullable property 'Token' must contain a non-null value when exiting constructor. Consider declaring the property as nullable. [C:\Users\anijay\.gemini\antigravity\scratch\COGNEX\Cognexalgo.Core\Cognexalgo.Core.csproj]
C:\Users\anijay\.gemini\antigravity\scratch\COGNEX\Cognexalgo.Core\Models\Order.cs(13,23): warning CS8618: Non-nullable property 'Status' must contain a non-null value when exiting constructor. Consider declaring the property as nullable. [C:\Users\anijay\.gemini\antigravity\scratch\COGNEX\Cognexalgo.Core\Cognexalgo.Core.csproj]
C:\Users\anijay\.gemini\antigravity\scratch\COGNEX\Cognexalgo.Core\Models\Order.cs(14,23): warning CS8618: Non-nullable property 'TransactionType' must contain a non-null value when exiting constructor. Consider declaring the property as nullable. [C:\Users\anijay\.gemini\antigravity\scratch\COGNEX\Cognexalgo.Core\Cognexalgo.Core.csproj]
C:\Users\anijay\.gemini\antigravity\scratch\COGNEX\Cognexalgo.Core\Models\Order.cs(19,23): warning CS8618: Non-nullable property 'StrategyName' must contain a non-null value when exiting constructor. Consider declaring the property as nullable. [C:\Users\anijay\.gemini\antigravity\scratch\COGNEX\Cognexalgo.Core\Cognexalgo.Core.csproj]
C:\Users\anijay\.gemini\antigravity\scratch\COGNEX\Cognexalgo.Core\TradingEngine.cs(188,74): warning CS8604: Possible null reference argument for parameter 'logger' in 'AngelOneDataService.AngelOneDataService(SmartApiClient api, TokenService tokenService, FileLoggingService logger = null)'. [C:\Users\anijay\.gemini\antigravity\scratch\COGNEX\Cognexalgo.Core\Cognexalgo.Core.csproj]
C:\Users\anijay\.gemini\antigravity\scratch\COGNEX\Cognexalgo.Core\Rules\EvaluationContext.cs(100,29): warning CS8600: Converting null literal or possible null value to non-nullable type. [C:\Users\anijay\.gemini\antigravity\scratch\COGNEX\Cognexalgo.Core\Cognexalgo.Core.csproj]
C:\Users\anijay\.gemini\antigravity\scratch\COGNEX\Cognexalgo.Core\Rules\EvaluationContext.cs(101,24): warning CS8602: Dereference of a possibly null reference. [C:\Users\anijay\.gemini\antigravity\scratch\COGNEX\Cognexalgo.Core\Cognexalgo.Core.csproj]
C:\Users\anijay\.gemini\antigravity\scratch\COGNEX\Cognexalgo.Core\Models\Signal.cs(8,23): warning CS8618: Non-nullable property 'StrategyName' must contain a non-null value when exiting constructor. Consider declaring the property as nullable. [C:\Users\anijay\.gemini\antigravity\scratch\COGNEX\Cognexalgo.Core\Cognexalgo.Core.csproj]
C:\Users\anijay\.gemini\antigravity\scratch\COGNEX\Cognexalgo.Core\Models\Signal.cs(9,23): warning CS8618: Non-nullable property 'Symbol' must contain a non-null value when exiting constructor. Consider declaring the property as nullable. [C:\Users\anijay\.gemini\antigravity\scratch\COGNEX\Cognexalgo.Core\Cognexalgo.Core.csproj]
C:\Users\anijay\.gemini\antigravity\scratch\COGNEX\Cognexalgo.Core\Models\Signal.cs(10,23): warning CS8618: Non-nullable property 'SignalType' must contain a non-null value when exiting constructor. Consider declaring the property as nullable. [C:\Users\anijay\.gemini\antigravity\scratch\COGNEX\Cognexalgo.Core\Cognexalgo.Core.csproj]
C:\Users\anijay\.gemini\antigravity\scratch\COGNEX\Cognexalgo.Core\Models\Signal.cs(12,23): warning CS8618: Non-nullable property 'Reason' must contain a non-null value when exiting constructor. Consider declaring the property as nullable. [C:\Users\anijay\.gemini\antigravity\scratch\COGNEX\Cognexalgo.Core\Cognexalgo.Core.csproj]
C:\Users\anijay\.gemini\antigravity\scratch\COGNEX\Cognexalgo.Core\Services\TotpService.cs(12,66): warning CS8603: Possible null reference return. [C:\Users\anijay\.gemini\antigravity\scratch\COGNEX\Cognexalgo.Core\Cognexalgo.Core.csproj]
C:\Users\anijay\.gemini\antigravity\scratch\COGNEX\Cognexalgo.Core\Services\TotpService.cs(25,24): warning CS8603: Possible null reference return. [C:\Users\anijay\.gemini\antigravity\scratch\COGNEX\Cognexalgo.Core\Cognexalgo.Core.csproj]
C:\Users\anijay\.gemini\antigravity\scratch\COGNEX\Cognexalgo.Core\Services\TokenService.cs(372,23): warning CS8618: Non-nullable property 'Token' must contain a non-null value when exiting constructor. Consider declaring the property as nullable. [C:\Users\anijay\.gemini\antigravity\scratch\COGNEX\Cognexalgo.Core\Cognexalgo.Core.csproj]
C:\Users\anijay\.gemini\antigravity\scratch\COGNEX\Cognexalgo.Core\Services\TokenService.cs(375,23): warning CS8618: Non-nullable property 'Symbol' must contain a non-null value when exiting constructor. Consider declaring the property as nullable. [C:\Users\anijay\.gemini\antigravity\scratch\COGNEX\Cognexalgo.Core\Cognexalgo.Core.csproj]
C:\Users\anijay\.gemini\antigravity\scratch\COGNEX\Cognexalgo.Core\Services\TokenService.cs(378,23): warning CS8618: Non-nullable property 'Name' must contain a non-null value when exiting constructor. Consider declaring the property as nullable. [C:\Users\anijay\.gemini\antigravity\scratch\COGNEX\Cognexalgo.Core\Cognexalgo.Core.csproj]
C:\Users\anijay\.gemini\antigravity\scratch\COGNEX\Cognexalgo.Core\Services\TokenService.cs(381,23): warning CS8618: Non-nullable property 'Expiry' must contain a non-null value when exiting constructor. Consider declaring the property as nullable. [C:\Users\anijay\.gemini\antigravity\scratch\COGNEX\Cognexalgo.Core\Cognexalgo.Core.csproj]
C:\Users\anijay\.gemini\antigravity\scratch\COGNEX\Cognexalgo.Core\Services\TokenService.cs(384,23): warning CS8618: Non-nullable property 'Strike' must contain a non-null value when exiting constructor. Consider declaring the property as nullable. [C:\Users\anijay\.gemini\antigravity\scratch\COGNEX\Cognexalgo.Core\Cognexalgo.Core.csproj]
C:\Users\anijay\.gemini\antigravity\scratch\COGNEX\Cognexalgo.Core\Services\TokenService.cs(387,23): warning CS8618: Non-nullable property 'LotSize' must contain a non-null value when exiting constructor. Consider declaring the property as nullable. [C:\Users\anijay\.gemini\antigravity\scratch\COGNEX\Cognexalgo.Core\Cognexalgo.Core.csproj]
C:\Users\anijay\.gemini\antigravity\scratch\COGNEX\Cognexalgo.Core\Services\TokenService.cs(390,23): warning CS8618: Non-nullable property 'InstrumentType' must contain a non-null value when exiting constructor. Consider declaring the property as nullable. [C:\Users\anijay\.gemini\antigravity\scratch\COGNEX\Cognexalgo.Core\Cognexalgo.Core.csproj]
C:\Users\anijay\.gemini\antigravity\scratch\COGNEX\Cognexalgo.Core\Services\TokenService.cs(393,23): warning CS8618: Non-nullable property 'ExchSeg' must contain a non-null value when exiting constructor. Consider declaring the property as nullable. [C:\Users\anijay\.gemini\antigravity\scratch\COGNEX\Cognexalgo.Core\Cognexalgo.Core.csproj]
C:\Users\anijay\.gemini\antigravity\scratch\COGNEX\Cognexalgo.Core\Services\TokenService.cs(396,23): warning CS8618: Non-nullable property 'TickSize' must contain a non-null value when exiting constructor. Consider declaring the property as nullable. [C:\Users\anijay\.gemini\antigravity\scratch\COGNEX\Cognexalgo.Core\Cognexalgo.Core.csproj]
C:\Users\anijay\.gemini\antigravity\scratch\COGNEX\Cognexalgo.Core\Models\StrategyConfig.cs(8,23): warning CS8618: Non-nullable property 'Name' must contain a non-null value when exiting constructor. Consider declaring the property as nullable. [C:\Users\anijay\.gemini\antigravity\scratch\COGNEX\Cognexalgo.Core\Cognexalgo.Core.csproj]
C:\Users\anijay\.gemini\antigravity\scratch\COGNEX\Cognexalgo.Core\Models\StrategyConfig.cs(9,23): warning CS8618: Non-nullable property 'Symbol' must contain a non-null value when exiting constructor. Consider declaring the property as nullable. [C:\Users\anijay\.gemini\antigravity\scratch\COGNEX\Cognexalgo.Core\Cognexalgo.Core.csproj]
C:\Users\anijay\.gemini\antigravity\scratch\COGNEX\Cognexalgo.Core\Models\StrategyConfig.cs(11,23): warning CS8618: Non-nullable property 'StrategyType' must contain a non-null value when exiting constructor. Consider declaring the property as nullable. [C:\Users\anijay\.gemini\antigravity\scratch\COGNEX\Cognexalgo.Core\Cognexalgo.Core.csproj]
C:\Users\anijay\.gemini\antigravity\scratch\COGNEX\Cognexalgo.Core\Models\StrategyConfig.cs(12,23): warning CS8618: Non-nullable property 'Parameters' must contain a non-null value when exiting constructor. Consider declaring the property as nullable. [C:\Users\anijay\.gemini\antigravity\scratch\COGNEX\Cognexalgo.Core\Cognexalgo.Core.csproj]
C:\Users\anijay\.gemini\antigravity\scratch\COGNEX\Cognexalgo.Core\Services\TokenService.cs(362,23): warning CS8618: Non-nullable property 'Symbol' must contain a non-null value when exiting constructor. Consider declaring the property as nullable. [C:\Users\anijay\.gemini\antigravity\scratch\COGNEX\Cognexalgo.Core\Cognexalgo.Core.csproj]
C:\Users\anijay\.gemini\antigravity\scratch\COGNEX\Cognexalgo.Core\Services\TokenService.cs(363,23): warning CS8618: Non-nullable property 'Token' must contain a non-null value when exiting constructor. Consider declaring the property as nullable. [C:\Users\anijay\.gemini\antigravity\scratch\COGNEX\Cognexalgo.Core\Cognexalgo.Core.csproj]
C:\Users\anijay\.gemini\antigravity\scratch\COGNEX\Cognexalgo.Core\Services\TokenService.cs(365,23): warning CS8618: Non-nullable property 'OptionType' must contain a non-null value when exiting constructor. Consider declaring the property as nullable. [C:\Users\anijay\.gemini\antigravity\scratch\COGNEX\Cognexalgo.Core\Cognexalgo.Core.csproj]
C:\Users\anijay\.gemini\antigravity\scratch\COGNEX\Cognexalgo.Core\Strategies\StrategyBase.cs(22,16): warning CS8618: Non-nullable event 'OnSignalGenerated' must contain a non-null value when exiting constructor. Consider declaring the event as nullable. [C:\Users\anijay\.gemini\antigravity\scratch\COGNEX\Cognexalgo.Core\Cognexalgo.Core.csproj]
C:\Users\anijay\.gemini\antigravity\scratch\COGNEX\Cognexalgo.Core\Repositories\StrategyRepository.cs(165,20): warning CS8603: Possible null reference return. [C:\Users\anijay\.gemini\antigravity\scratch\COGNEX\Cognexalgo.Core\Cognexalgo.Core.csproj]
C:\Users\anijay\.gemini\antigravity\scratch\COGNEX\Cognexalgo.Core\Models\StrategyLeg.cs(33,23): warning CS8618: Non-nullable property 'ATMOffset' must contain a non-null value when exiting constructor. Consider declaring the property as nullable. [C:\Users\anijay\.gemini\antigravity\scratch\COGNEX\Cognexalgo.Core\Cognexalgo.Core.csproj]
C:\Users\anijay\.gemini\antigravity\scratch\COGNEX\Cognexalgo.Core\Models\StrategyLeg.cs(43,23): warning CS8618: Non-nullable property 'PremiumOperator' must contain a non-null value when exiting constructor. Consider declaring the property as nullable. [C:\Users\anijay\.gemini\antigravity\scratch\COGNEX\Cognexalgo.Core\Cognexalgo.Core.csproj]
C:\Users\anijay\.gemini\antigravity\scratch\COGNEX\Cognexalgo.Core\Models\StrategyLeg.cs(47,23): warning CS8618: Non-nullable property 'Index' must contain a non-null value when exiting constructor. Consider declaring the property as nullable. [C:\Users\anijay\.gemini\antigravity\scratch\COGNEX\Cognexalgo.Core\Cognexalgo.Core.csproj]
C:\Users\anijay\.gemini\antigravity\scratch\COGNEX\Cognexalgo.Core\Models\StrategyLeg.cs(51,23): warning CS8618: Non-nullable property 'ProductType' must contain a non-null value when exiting constructor. Consider declaring the property as nullable. [C:\Users\anijay\.gemini\antigravity\scratch\COGNEX\Cognexalgo.Core\Cognexalgo.Core.csproj]
C:\Users\anijay\.gemini\antigravity\scratch\COGNEX\Cognexalgo.Core\Models\StrategyLeg.cs(52,23): warning CS8618: Non-nullable property 'ExpiryType' must contain a non-null value when exiting constructor. Consider declaring the property as nullable. [C:\Users\anijay\.gemini\antigravity\scratch\COGNEX\Cognexalgo.Core\Cognexalgo.Core.csproj]
C:\Users\anijay\.gemini\antigravity\scratch\COGNEX\Cognexalgo.Core\Models\StrategyLeg.cs(56,23): warning CS8618: Non-nullable property 'SymbolToken' must contain a non-null value when exiting constructor. Consider declaring the property as nullable. [C:\Users\anijay\.gemini\antigravity\scratch\COGNEX\Cognexalgo.Core\Cognexalgo.Core.csproj]
C:\Users\anijay\.gemini\antigravity\scratch\COGNEX\Cognexalgo.Core\Services\SmartApiClient.cs(305,23): warning CS8618: Non-nullable property 'Exchange' must contain a non-null value when exiting constructor. Consider declaring the property as nullable. [C:\Users\anijay\.gemini\antigravity\scratch\COGNEX\Cognexalgo.Core\Cognexalgo.Core.csproj]
C:\Users\anijay\.gemini\antigravity\scratch\COGNEX\Cognexalgo.Core\Services\SmartApiClient.cs(308,23): warning CS8618: Non-nullable property 'TradingSymbol' must contain a non-null value when exiting constructor. Consider declaring the property as nullable. [C:\Users\anijay\.gemini\antigravity\scratch\COGNEX\Cognexalgo.Core\Cognexalgo.Core.csproj]
C:\Users\anijay\.gemini\antigravity\scratch\COGNEX\Cognexalgo.Core\Services\SmartApiClient.cs(311,23): warning CS8618: Non-nullable property 'SymbolToken' must contain a non-null value when exiting constructor. Consider declaring the property as nullable. [C:\Users\anijay\.gemini\antigravity\scratch\COGNEX\Cognexalgo.Core\Cognexalgo.Core.csproj]
C:\Users\anijay\.gemini\antigravity\scratch\COGNEX\Cognexalgo.Core\Services\SmartApiClient.cs(296,23): warning CS8618: Non-nullable property 'Message' must contain a non-null value when exiting constructor. Consider declaring the property as nullable. [C:\Users\anijay\.gemini\antigravity\scratch\COGNEX\Cognexalgo.Core\Cognexalgo.Core.csproj]
C:\Users\anijay\.gemini\antigravity\scratch\COGNEX\Cognexalgo.Core\Services\SmartApiClient.cs(299,24): warning CS8618: Non-nullable property 'Data' must contain a non-null value when exiting constructor. Consider declaring the property as nullable. [C:\Users\anijay\.gemini\antigravity\scratch\COGNEX\Cognexalgo.Core\Cognexalgo.Core.csproj]
C:\Users\anijay\.gemini\antigravity\scratch\COGNEX\Cognexalgo.Core\Services\FileLoggingService.cs(14,16): warning CS8618: Non-nullable field '_todayFolder' must contain a non-null value when exiting constructor. Consider declaring the field as nullable. [C:\Users\anijay\.gemini\antigravity\scratch\COGNEX\Cognexalgo.Core\Cognexalgo.Core.csproj]
C:\Users\anijay\.gemini\antigravity\scratch\COGNEX\Cognexalgo.Core\Services\FileLoggingService.cs(14,16): warning CS8618: Non-nullable field '_logFile' must contain a non-null value when exiting constructor. Consider declaring the field as nullable. [C:\Users\anijay\.gemini\antigravity\scratch\COGNEX\Cognexalgo.Core\Cognexalgo.Core.csproj]
C:\Users\anijay\.gemini\antigravity\scratch\COGNEX\Cognexalgo.Core\Services\FileLoggingService.cs(14,16): warning CS8618: Non-nullable field '_signalFile' must contain a non-null value when exiting constructor. Consider declaring the field as nullable. [C:\Users\anijay\.gemini\antigravity\scratch\COGNEX\Cognexalgo.Core\Cognexalgo.Core.csproj]
C:\Users\anijay\.gemini\antigravity\scratch\COGNEX\Cognexalgo.Core\Services\FileLoggingService.cs(14,16): warning CS8618: Non-nullable field '_positionFile' must contain a non-null value when exiting constructor. Consider declaring the field as nullable. [C:\Users\anijay\.gemini\antigravity\scratch\COGNEX\Cognexalgo.Core\Cognexalgo.Core.csproj]
C:\Users\anijay\.gemini\antigravity\scratch\COGNEX\Cognexalgo.Core\Services\SmartApiClient.cs(336,64): warning CS8618: Non-nullable property 'FetchedData' must contain a non-null value when exiting constructor. Consider declaring the property as nullable. [C:\Users\anijay\.gemini\antigravity\scratch\COGNEX\Cognexalgo.Core\Cognexalgo.Core.csproj]
C:\Users\anijay\.gemini\antigravity\scratch\COGNEX\Cognexalgo.Core\Services\SmartApiClient.cs(327,23): warning CS8618: Non-nullable property 'Message' must contain a non-null value when exiting constructor. Consider declaring the property as nullable. [C:\Users\anijay\.gemini\antigravity\scratch\COGNEX\Cognexalgo.Core\Cognexalgo.Core.csproj]
C:\Users\anijay\.gemini\antigravity\scratch\COGNEX\Cognexalgo.Core\Services\SmartApiClient.cs(330,36): warning CS8618: Non-nullable property 'Data' must contain a non-null value when exiting constructor. Consider declaring the property as nullable. [C:\Users\anijay\.gemini\antigravity\scratch\COGNEX\Cognexalgo.Core\Cognexalgo.Core.csproj]
C:\Users\anijay\.gemini\antigravity\scratch\COGNEX\Cognexalgo.Core\Services\SmartApiClient.cs(342,23): warning CS8618: Non-nullable property 'SymbolToken' must contain a non-null value when exiting constructor. Consider declaring the property as nullable. [C:\Users\anijay\.gemini\antigravity\scratch\COGNEX\Cognexalgo.Core\Cognexalgo.Core.csproj]
C:\Users\anijay\.gemini\antigravity\scratch\COGNEX\Cognexalgo.Core\Services\SmartApiClient.cs(35,16): warning CS8618: Non-nullable event 'OnSessionExpired' must contain a non-null value when exiting constructor. Consider declaring the event as nullable. [C:\Users\anijay\.gemini\antigravity\scratch\COGNEX\Cognexalgo.Core\Cognexalgo.Core.csproj]
C:\Users\anijay\.gemini\antigravity\scratch\COGNEX\Cognexalgo.Core\Services\SmartApiClient.cs(35,16): warning CS8618: Non-nullable property 'JwtToken' must contain a non-null value when exiting constructor. Consider declaring the property as nullable. [C:\Users\anijay\.gemini\antigravity\scratch\COGNEX\Cognexalgo.Core\Cognexalgo.Core.csproj]
C:\Users\anijay\.gemini\antigravity\scratch\COGNEX\Cognexalgo.Core\Services\SmartApiClient.cs(35,16): warning CS8618: Non-nullable field '_clientCode' must contain a non-null value when exiting constructor. Consider declaring the field as nullable. [C:\Users\anijay\.gemini\antigravity\scratch\COGNEX\Cognexalgo.Core\Cognexalgo.Core.csproj]
C:\Users\anijay\.gemini\antigravity\scratch\COGNEX\Cognexalgo.Core\Services\SmartApiClient.cs(35,16): warning CS8618: Non-nullable property 'FeedToken' must contain a non-null value when exiting constructor. Consider declaring the property as nullable. [C:\Users\anijay\.gemini\antigravity\scratch\COGNEX\Cognexalgo.Core\Cognexalgo.Core.csproj]
C:\Users\anijay\.gemini\antigravity\scratch\COGNEX\Cognexalgo.Core\Services\TickerService.cs(24,16): warning CS8618: Non-nullable field '_ws' must contain a non-null value when exiting constructor. Consider declaring the field as nullable. [C:\Users\anijay\.gemini\antigravity\scratch\COGNEX\Cognexalgo.Core\Cognexalgo.Core.csproj]
C:\Users\anijay\.gemini\antigravity\scratch\COGNEX\Cognexalgo.Core\Services\TickerService.cs(24,16): warning CS8618: Non-nullable field '_cts' must contain a non-null value when exiting constructor. Consider declaring the field as nullable. [C:\Users\anijay\.gemini\antigravity\scratch\COGNEX\Cognexalgo.Core\Cognexalgo.Core.csproj]
C:\Users\anijay\.gemini\antigravity\scratch\COGNEX\Cognexalgo.Core\Services\TickerService.cs(24,16): warning CS8618: Non-nullable event 'OnTickReceived' must contain a non-null value when exiting constructor. Consider declaring the event as nullable. [C:\Users\anijay\.gemini\antigravity\scratch\COGNEX\Cognexalgo.Core\Cognexalgo.Core.csproj]
C:\Users\anijay\.gemini\antigravity\scratch\COGNEX\Cognexalgo.Core\Services\TickerService.cs(24,16): warning CS8618: Non-nullable event 'OnStatusChanged' must contain a non-null value when exiting constructor. Consider declaring the event as nullable. [C:\Users\anijay\.gemini\antigravity\scratch\COGNEX\Cognexalgo.Core\Cognexalgo.Core.csproj]
C:\Users\anijay\.gemini\antigravity\scratch\COGNEX\Cognexalgo.Core\Strategies\DynamicStrategy.cs(18,23): warning CS8601: Possible null reference assignment. [C:\Users\anijay\.gemini\antigravity\scratch\COGNEX\Cognexalgo.Core\Cognexalgo.Core.csproj]
C:\Users\anijay\.gemini\antigravity\scratch\COGNEX\Cognexalgo.Core\Strategies\DynamicStrategy.cs(15,16): warning CS8618: Non-nullable field '_config' must contain a non-null value when exiting constructor. Consider declaring the field as nullable. [C:\Users\anijay\.gemini\antigravity\scratch\COGNEX\Cognexalgo.Core\Cognexalgo.Core.csproj]
C:\Users\anijay\.gemini\antigravity\scratch\COGNEX\Cognexalgo.Core\Strategies\EmaTrendStrategy.cs(22,36): warning CS1998: This async method lacks 'await' operators and will run synchronously. Consider using the 'await' operator to await non-blocking API calls, or 'await Task.Run(...)' to do CPU-bound work on a background thread. [C:\Users\anijay\.gemini\antigravity\scratch\COGNEX\Cognexalgo.Core\Cognexalgo.Core.csproj]
C:\Users\anijay\.gemini\antigravity\scratch\COGNEX\Cognexalgo.Core\Strategies\FourEmaStrategy.cs(22,36): warning CS1998: This async method lacks 'await' operators and will run synchronously. Consider using the 'await' operator to await non-blocking API calls, or 'await Task.Run(...)' to do CPU-bound work on a background thread. [C:\Users\anijay\.gemini\antigravity\scratch\COGNEX\Cognexalgo.Core\Cognexalgo.Core.csproj]
C:\Users\anijay\.gemini\antigravity\scratch\COGNEX\Cognexalgo.Core\Services\SmartApiClient.cs(93,32): warning CS8602: Dereference of a possibly null reference. [C:\Users\anijay\.gemini\antigravity\scratch\COGNEX\Cognexalgo.Core\Cognexalgo.Core.csproj]
C:\Users\anijay\.gemini\antigravity\scratch\COGNEX\Cognexalgo.Core\Services\SmartApiClient.cs(93,32): warning CS8601: Possible null reference assignment. [C:\Users\anijay\.gemini\antigravity\scratch\COGNEX\Cognexalgo.Core\Cognexalgo.Core.csproj]
C:\Users\anijay\.gemini\antigravity\scratch\COGNEX\Cognexalgo.Core\Services\SmartApiClient.cs(94,33): warning CS8602: Dereference of a possibly null reference. [C:\Users\anijay\.gemini\antigravity\scratch\COGNEX\Cognexalgo.Core\Cognexalgo.Core.csproj]
C:\Users\anijay\.gemini\antigravity\scratch\COGNEX\Cognexalgo.Core\Services\SmartApiClient.cs(94,33): warning CS8601: Possible null reference assignment. [C:\Users\anijay\.gemini\antigravity\scratch\COGNEX\Cognexalgo.Core\Cognexalgo.Core.csproj]
C:\Users\anijay\.gemini\antigravity\scratch\COGNEX\Cognexalgo.Core\Strategies\HybridStraddleStrategy.cs(36,27): warning CS8618: Non-nullable property 'EntryTime' must contain a non-null value when exiting constructor. Consider declaring the property as nullable. [C:\Users\anijay\.gemini\antigravity\scratch\COGNEX\Cognexalgo.Core\Cognexalgo.Core.csproj]
C:\Users\anijay\.gemini\antigravity\scratch\COGNEX\Cognexalgo.Core\Strategies\HybridStraddleStrategy.cs(37,27): warning CS8618: Non-nullable property 'ExitTime' must contain a non-null value when exiting constructor. Consider declaring the property as nullable. [C:\Users\anijay\.gemini\antigravity\scratch\COGNEX\Cognexalgo.Core\Cognexalgo.Core.csproj]
C:\Users\anijay\.gemini\antigravity\scratch\COGNEX\Cognexalgo.Core\Strategies\HybridStraddleStrategy.cs(44,27): warning CS8618: Non-nullable property 'WeeklyExitTime' must contain a non-null value when exiting constructor. Consider declaring the property as nullable. [C:\Users\anijay\.gemini\antigravity\scratch\COGNEX\Cognexalgo.Core\Cognexalgo.Core.csproj]
C:\Users\anijay\.gemini\antigravity\scratch\COGNEX\Cognexalgo.Core\Strategies\HybridStraddleStrategy.cs(45,27): warning CS8618: Non-nullable property 'MonthlyExitTime' must contain a non-null value when exiting constructor. Consider declaring the property as nullable. [C:\Users\anijay\.gemini\antigravity\scratch\COGNEX\Cognexalgo.Core\Cognexalgo.Core.csproj]
C:\Users\anijay\.gemini\antigravity\scratch\COGNEX\Cognexalgo.Core\Services\SmartApiClient.cs(143,24): warning CS8602: Dereference of a possibly null reference. [C:\Users\anijay\.gemini\antigravity\scratch\COGNEX\Cognexalgo.Core\Cognexalgo.Core.csproj]
C:\Users\anijay\.gemini\antigravity\scratch\COGNEX\Cognexalgo.Core\Services\SmartApiClient.cs(143,24): warning CS8602: Dereference of a possibly null reference. [C:\Users\anijay\.gemini\antigravity\scratch\COGNEX\Cognexalgo.Core\Cognexalgo.Core.csproj]
C:\Users\anijay\.gemini\antigravity\scratch\COGNEX\Cognexalgo.Core\Services\SmartApiClient.cs(145,20): warning CS8603: Possible null reference return. [C:\Users\anijay\.gemini\antigravity\scratch\COGNEX\Cognexalgo.Core\Cognexalgo.Core.csproj]
C:\Users\anijay\.gemini\antigravity\scratch\COGNEX\Cognexalgo.Core\Services\TokenService.cs(150,20): warning CS8603: Possible null reference return. [C:\Users\anijay\.gemini\antigravity\scratch\COGNEX\Cognexalgo.Core\Cognexalgo.Core.csproj]
C:\Users\anijay\.gemini\antigravity\scratch\COGNEX\Cognexalgo.Core\Services\SmartApiClient.cs(159,28): warning CS8602: Dereference of a possibly null reference. [C:\Users\anijay\.gemini\antigravity\scratch\COGNEX\Cognexalgo.Core\Cognexalgo.Core.csproj]
C:\Users\anijay\.gemini\antigravity\scratch\COGNEX\Cognexalgo.Core\Services\SmartApiClient.cs(159,28): warning CS8603: Possible null reference return. [C:\Users\anijay\.gemini\antigravity\scratch\COGNEX\Cognexalgo.Core\Cognexalgo.Core.csproj]
C:\Users\anijay\.gemini\antigravity\scratch\COGNEX\Cognexalgo.Core\TradingEngine.cs(317,34): warning CS8600: Converting null literal or possible null value to non-nullable type. [C:\Users\anijay\.gemini\antigravity\scratch\COGNEX\Cognexalgo.Core\Cognexalgo.Core.csproj]
C:\Users\anijay\.gemini\antigravity\scratch\COGNEX\Cognexalgo.Core\Services\SmartApiClient.cs(181,28): warning CS8602: Dereference of a possibly null reference. [C:\Users\anijay\.gemini\antigravity\scratch\COGNEX\Cognexalgo.Core\Cognexalgo.Core.csproj]
C:\Users\anijay\.gemini\antigravity\scratch\COGNEX\Cognexalgo.Core\Services\SmartApiClient.cs(181,28): warning CS8603: Possible null reference return. [C:\Users\anijay\.gemini\antigravity\scratch\COGNEX\Cognexalgo.Core\Cognexalgo.Core.csproj]
C:\Users\anijay\.gemini\antigravity\scratch\COGNEX\Cognexalgo.Core\Services\SmartApiClient.cs(216,24): warning CS8603: Possible null reference return. [C:\Users\anijay\.gemini\antigravity\scratch\COGNEX\Cognexalgo.Core\Cognexalgo.Core.csproj]
C:\Users\anijay\.gemini\antigravity\scratch\COGNEX\Cognexalgo.Core\Services\SmartApiClient.cs(221,24): warning CS8603: Possible null reference return. [C:\Users\anijay\.gemini\antigravity\scratch\COGNEX\Cognexalgo.Core\Cognexalgo.Core.csproj]
C:\Users\anijay\.gemini\antigravity\scratch\COGNEX\Cognexalgo.Core\Services\TokenService.cs(297,54): warning CS8600: Converting null literal or possible null value to non-nullable type. [C:\Users\anijay\.gemini\antigravity\scratch\COGNEX\Cognexalgo.Core\Cognexalgo.Core.csproj]
C:\Users\anijay\.gemini\antigravity\scratch\COGNEX\Cognexalgo.Core\Services\TokenService.cs(306,20): warning CS8603: Possible null reference return. [C:\Users\anijay\.gemini\antigravity\scratch\COGNEX\Cognexalgo.Core\Cognexalgo.Core.csproj]
C:\Users\anijay\.gemini\antigravity\scratch\COGNEX\Cognexalgo.Core\TradingEngine.cs(450,34): warning CS8600: Converting null literal or possible null value to non-nullable type. [C:\Users\anijay\.gemini\antigravity\scratch\COGNEX\Cognexalgo.Core\Cognexalgo.Core.csproj]
C:\Users\anijay\.gemini\antigravity\scratch\COGNEX\Cognexalgo.Core\Services\TokenService.cs(316,26): warning CS8625: Cannot convert null literal to non-nullable reference type. [C:\Users\anijay\.gemini\antigravity\scratch\COGNEX\Cognexalgo.Core\Cognexalgo.Core.csproj]
C:\Users\anijay\.gemini\antigravity\scratch\COGNEX\Cognexalgo.Core\TradingEngine.cs(498,36): warning CS1998: This async method lacks 'await' operators and will run synchronously. Consider using the 'await' operator to await non-blocking API calls, or 'await Task.Run(...)' to do CPU-bound work on a background thread. [C:\Users\anijay\.gemini\antigravity\scratch\COGNEX\Cognexalgo.Core\Cognexalgo.Core.csproj]
C:\Users\anijay\.gemini\antigravity\scratch\COGNEX\Cognexalgo.Core\TradingEngine.cs(580,36): warning CS8603: Possible null reference return. [C:\Users\anijay\.gemini\antigravity\scratch\COGNEX\Cognexalgo.Core\Cognexalgo.Core.csproj]
C:\Users\anijay\.gemini\antigravity\scratch\COGNEX\Cognexalgo.Core\TradingEngine.cs(598,32): warning CS8603: Possible null reference return. [C:\Users\anijay\.gemini\antigravity\scratch\COGNEX\Cognexalgo.Core\Cognexalgo.Core.csproj]
C:\Users\anijay\.gemini\antigravity\scratch\COGNEX\Cognexalgo.Core\TradingEngine.cs(603,20): warning CS8603: Possible null reference return. [C:\Users\anijay\.gemini\antigravity\scratch\COGNEX\Cognexalgo.Core\Cognexalgo.Core.csproj]
C:\Users\anijay\.gemini\antigravity\scratch\COGNEX\Cognexalgo.Core\TradingEngine.cs(65,13): error CS0103: The name '_dbService' does not exist in the current context [C:\Users\anijay\.gemini\antigravity\scratch\COGNEX\Cognexalgo.Core\Cognexalgo.Core.csproj]
C:\Users\anijay\.gemini\antigravity\scratch\COGNEX\Cognexalgo.Core\TradingEngine.cs(69,51): error CS0103: The name '_dbService' does not exist in the current context [C:\Users\anijay\.gemini\antigravity\scratch\COGNEX\Cognexalgo.Core\Cognexalgo.Core.csproj]
C:\Users\anijay\.gemini\antigravity\scratch\COGNEX\Cognexalgo.Core\TradingEngine.cs(70,63): error CS0103: The name '_dbService' does not exist in the current context [C:\Users\anijay\.gemini\antigravity\scratch\COGNEX\Cognexalgo.Core\Cognexalgo.Core.csproj]
C:\Users\anijay\.gemini\antigravity\scratch\COGNEX\Cognexalgo.Core\TradingEngine.cs(79,13): error CS0103: The name '_clientId' does not exist in the current context [C:\Users\anijay\.gemini\antigravity\scratch\COGNEX\Cognexalgo.Core\Cognexalgo.Core.csproj]
C:\Users\anijay\.gemini\antigravity\scratch\COGNEX\Cognexalgo.Core\TradingEngine.cs(91,13): error CS0103: The name '_firebaseService' does not exist in the current context [C:\Users\anijay\.gemini\antigravity\scratch\COGNEX\Cognexalgo.Core\Cognexalgo.Core.csproj]
C:\Users\anijay\.gemini\antigravity\scratch\COGNEX\Cognexalgo.Core\TradingEngine.cs(101,21): error CS0103: The name '_firebaseService' does not exist in the current context [C:\Users\anijay\.gemini\antigravity\scratch\COGNEX\Cognexalgo.Core\Cognexalgo.Core.csproj]
C:\Users\anijay\.gemini\antigravity\scratch\COGNEX\Cognexalgo.Core\TradingEngine.cs(105,36): error CS0103: The name '_clientId' does not exist in the current context [C:\Users\anijay\.gemini\antigravity\scratch\COGNEX\Cognexalgo.Core\Cognexalgo.Core.csproj]
C:\Users\anijay\.gemini\antigravity\scratch\COGNEX\Cognexalgo.Core\TradingEngine.cs(111,27): error CS0103: The name '_firebaseService' does not exist in the current context [C:\Users\anijay\.gemini\antigravity\scratch\COGNEX\Cognexalgo.Core\Cognexalgo.Core.csproj]
C:\Users\anijay\.gemini\antigravity\scratch\COGNEX\Cognexalgo.Core\TradingEngine.cs(127,21): error CS0103: The name '_firebaseService' does not exist in the current context [C:\Users\anijay\.gemini\antigravity\scratch\COGNEX\Cognexalgo.Core\Cognexalgo.Core.csproj]
C:\Users\anijay\.gemini\antigravity\scratch\COGNEX\Cognexalgo.Core\TradingEngine.cs(129,41): error CS0103: The name '_firebaseService' does not exist in the current context [C:\Users\anijay\.gemini\antigravity\scratch\COGNEX\Cognexalgo.Core\Cognexalgo.Core.csproj]
C:\Users\anijay\.gemini\antigravity\scratch\COGNEX\Cognexalgo.Core\TradingEngine.cs(129,80): error CS0103: The name '_clientId' does not exist in the current context [C:\Users\anijay\.gemini\antigravity\scratch\COGNEX\Cognexalgo.Core\Cognexalgo.Core.csproj]
C:\Users\anijay\.gemini\antigravity\scratch\COGNEX\Cognexalgo.Core\Repositories\StrategyRepository.cs(70,60): error CS1061: 'HybridStrategyConfig' does not contain a definition for 'Name' and no accessible extension method 'Name' accepting a first argument of type 'HybridStrategyConfig' could be found (are you missing a using directive or an assembly reference?) [C:\Users\anijay\.gemini\antigravity\scratch\COGNEX\Cognexalgo.Core\Cognexalgo.Core.csproj]
C:\Users\anijay\.gemini\antigravity\scratch\COGNEX\Cognexalgo.Core\Repositories\StrategyRepository.cs(79,50): error CS1061: 'HybridStrategyConfig' does not contain a definition for 'IsActive' and no accessible extension method 'IsActive' accepting a first argument of type 'HybridStrategyConfig' could be found (are you missing a using directive or an assembly reference?) [C:\Users\anijay\.gemini\antigravity\scratch\COGNEX\Cognexalgo.Core\Cognexalgo.Core.csproj]
C:\Users\anijay\.gemini\antigravity\scratch\COGNEX\Cognexalgo.Core\Repositories\StrategyRepository.cs(86,35): error CS1061: 'HybridStrategyConfig' does not contain a definition for 'Name' and no accessible extension method 'Name' accepting a first argument of type 'HybridStrategyConfig' could be found (are you missing a using directive or an assembly reference?) [C:\Users\anijay\.gemini\antigravity\scratch\COGNEX\Cognexalgo.Core\Cognexalgo.Core.csproj]
C:\Users\anijay\.gemini\antigravity\scratch\COGNEX\Cognexalgo.Core\Repositories\StrategyRepository.cs(88,39): error CS1061: 'HybridStrategyConfig' does not contain a definition for 'IsActive' and no accessible extension method 'IsActive' accepting a first argument of type 'HybridStrategyConfig' could be found (are you missing a using directive or an assembly reference?) [C:\Users\anijay\.gemini\antigravity\scratch\COGNEX\Cognexalgo.Core\Cognexalgo.Core.csproj]
C:\Users\anijay\.gemini\antigravity\scratch\COGNEX\Cognexalgo.Core\Repositories\StrategyRepository.cs(163,24): error CS1061: 'HybridStrategyConfig' does not contain a definition for 'IsActive' and no accessible extension method 'IsActive' accepting a first argument of type 'HybridStrategyConfig' could be found (are you missing a using directive or an assembly reference?) [C:\Users\anijay\.gemini\antigravity\scratch\COGNEX\Cognexalgo.Core\Cognexalgo.Core.csproj]
C:\Users\anijay\.gemini\antigravity\scratch\COGNEX\Cognexalgo.Core\TradingEngine.cs(206,55): error CS1061: 'IStrategyRepository' does not contain a definition for 'GetAllActiveAsync' and no accessible extension method 'GetAllActiveAsync' accepting a first argument of type 'IStrategyRepository' could be found (are you missing a using directive or an assembly reference?) [C:\Users\anijay\.gemini\antigravity\scratch\COGNEX\Cognexalgo.Core\Cognexalgo.Core.csproj]
    173 Warning(s)
    17 Error(s)

Time Elapsed 00:00:00.91
