MSBuild version 17.8.49+7806cbf7b for .NET
  Determining projects to restore...
C:\Users\anijay\.gemini\antigravity\scratch\COGNEX\Cognexalgo.UI\Cognexalgo.UI.csproj : warning NU1701: Package 'FireSharp 2.0.4' was restored using '.NETFramework,Version=v4.6.1, .NETFramework,Version=v4.6.2, .NETFramework,Version=v4.7, .NETFramework,Version=v4.7.1, .NETFramework,Version=v4.7.2, .NETFramework,Version=v4.8, .NETFramework,Version=v4.8.1' instead of the project target framework 'net8.0-windows7.0'. This package may not be fully compatible with your project.
C:\Users\anijay\.gemini\antigravity\scratch\COGNEX\Cognexalgo.Core\Cognexalgo.Core.csproj : warning NU1701: Package 'FireSharp 2.0.4' was restored using '.NETFramework,Version=v4.6.1, .NETFramework,Version=v4.6.2, .NETFramework,Version=v4.7, .NETFramework,Version=v4.7.1, .NETFramework,Version=v4.7.2, .NETFramework,Version=v4.8, .NETFramework,Version=v4.8.1' instead of the project target framework 'net8.0'. This package may not be fully compatible with your project. [C:\Users\anijay\.gemini\antigravity\scratch\COGNEX\Cognexalgo.UI\Cognexalgo.UI.csproj]
C:\Users\anijay\.gemini\antigravity\scratch\COGNEX\Cognexalgo.UI\Cognexalgo.UI.csproj : warning NU1701: Package 'Microsoft.Bcl 1.1.9' was restored using '.NETFramework,Version=v4.6.1, .NETFramework,Version=v4.6.2, .NETFramework,Version=v4.7, .NETFramework,Version=v4.7.1, .NETFramework,Version=v4.7.2, .NETFramework,Version=v4.8, .NETFramework,Version=v4.8.1' instead of the project target framework 'net8.0-windows7.0'. This package may not be fully compatible with your project.
C:\Users\anijay\.gemini\antigravity\scratch\COGNEX\Cognexalgo.Core\Cognexalgo.Core.csproj : warning NU1701: Package 'Microsoft.Bcl 1.1.9' was restored using '.NETFramework,Version=v4.6.1, .NETFramework,Version=v4.6.2, .NETFramework,Version=v4.7, .NETFramework,Version=v4.7.1, .NETFramework,Version=v4.7.2, .NETFramework,Version=v4.8, .NETFramework,Version=v4.8.1' instead of the project target framework 'net8.0'. This package may not be fully compatible with your project. [C:\Users\anijay\.gemini\antigravity\scratch\COGNEX\Cognexalgo.UI\Cognexalgo.UI.csproj]
C:\Users\anijay\.gemini\antigravity\scratch\COGNEX\Cognexalgo.UI\Cognexalgo.UI.csproj : warning NU1701: Package 'Microsoft.Bcl.Async 1.0.168' was restored using '.NETFramework,Version=v4.6.1, .NETFramework,Version=v4.6.2, .NETFramework,Version=v4.7, .NETFramework,Version=v4.7.1, .NETFramework,Version=v4.7.2, .NETFramework,Version=v4.8, .NETFramework,Version=v4.8.1' instead of the project target framework 'net8.0-windows7.0'. This package may not be fully compatible with your project.
C:\Users\anijay\.gemini\antigravity\scratch\COGNEX\Cognexalgo.Core\Cognexalgo.Core.csproj : warning NU1701: Package 'Microsoft.Bcl.Async 1.0.168' was restored using '.NETFramework,Version=v4.6.1, .NETFramework,Version=v4.6.2, .NETFramework,Version=v4.7, .NETFramework,Version=v4.7.1, .NETFramework,Version=v4.7.2, .NETFramework,Version=v4.8, .NETFramework,Version=v4.8.1' instead of the project target framework 'net8.0'. This package may not be fully compatible with your project. [C:\Users\anijay\.gemini\antigravity\scratch\COGNEX\Cognexalgo.UI\Cognexalgo.UI.csproj]
C:\Users\anijay\.gemini\antigravity\scratch\COGNEX\Cognexalgo.UI\Cognexalgo.UI.csproj : warning NU1701: Package 'Microsoft.Net.Http 2.2.28' was restored using '.NETFramework,Version=v4.6.1, .NETFramework,Version=v4.6.2, .NETFramework,Version=v4.7, .NETFramework,Version=v4.7.1, .NETFramework,Version=v4.7.2, .NETFramework,Version=v4.8, .NETFramework,Version=v4.8.1' instead of the project target framework 'net8.0-windows7.0'. This package may not be fully compatible with your project.
C:\Users\anijay\.gemini\antigravity\scratch\COGNEX\Cognexalgo.Core\Cognexalgo.Core.csproj : warning NU1701: Package 'Microsoft.Net.Http 2.2.28' was restored using '.NETFramework,Version=v4.6.1, .NETFramework,Version=v4.6.2, .NETFramework,Version=v4.7, .NETFramework,Version=v4.7.1, .NETFramework,Version=v4.7.2, .NETFramework,Version=v4.8, .NETFramework,Version=v4.8.1' instead of the project target framework 'net8.0'. This package may not be fully compatible with your project. [C:\Users\anijay\.gemini\antigravity\scratch\COGNEX\Cognexalgo.UI\Cognexalgo.UI.csproj]
  All projects are up-to-date for restore.
C:\Users\anijay\.gemini\antigravity\scratch\COGNEX\Cognexalgo.UI\Cognexalgo.UI.csproj : warning NU1701: Package 'FireSharp 2.0.4' was restored using '.NETFramework,Version=v4.6.1, .NETFramework,Version=v4.6.2, .NETFramework,Version=v4.7, .NETFramework,Version=v4.7.1, .NETFramework,Version=v4.7.2, .NETFramework,Version=v4.8, .NETFramework,Version=v4.8.1' instead of the project target framework 'net8.0-windows7.0'. This package may not be fully compatible with your project.
C:\Users\anijay\.gemini\antigravity\scratch\COGNEX\Cognexalgo.UI\Cognexalgo.UI.csproj : warning NU1701: Package 'Microsoft.Bcl 1.1.9' was restored using '.NETFramework,Version=v4.6.1, .NETFramework,Version=v4.6.2, .NETFramework,Version=v4.7, .NETFramework,Version=v4.7.1, .NETFramework,Version=v4.7.2, .NETFramework,Version=v4.8, .NETFramework,Version=v4.8.1' instead of the project target framework 'net8.0-windows7.0'. This package may not be fully compatible with your project.
C:\Users\anijay\.gemini\antigravity\scratch\COGNEX\Cognexalgo.UI\Cognexalgo.UI.csproj : warning NU1701: Package 'Microsoft.Bcl.Async 1.0.168' was restored using '.NETFramework,Version=v4.6.1, .NETFramework,Version=v4.6.2, .NETFramework,Version=v4.7, .NETFramework,Version=v4.7.1, .NETFramework,Version=v4.7.2, .NETFramework,Version=v4.8, .NETFramework,Version=v4.8.1' instead of the project target framework 'net8.0-windows7.0'. This package may not be fully compatible with your project.
C:\Users\anijay\.gemini\antigravity\scratch\COGNEX\Cognexalgo.UI\Cognexalgo.UI.csproj : warning NU1701: Package 'Microsoft.Net.Http 2.2.28' was restored using '.NETFramework,Version=v4.6.1, .NETFramework,Version=v4.6.2, .NETFramework,Version=v4.7, .NETFramework,Version=v4.7.1, .NETFramework,Version=v4.7.2, .NETFramework,Version=v4.8, .NETFramework,Version=v4.8.1' instead of the project target framework 'net8.0-windows7.0'. This package may not be fully compatible with your project.
C:\Users\anijay\.gemini\antigravity\scratch\COGNEX\Cognexalgo.Core\Cognexalgo.Core.csproj : warning NU1701: Package 'FireSharp 2.0.4' was restored using '.NETFramework,Version=v4.6.1, .NETFramework,Version=v4.6.2, .NETFramework,Version=v4.7, .NETFramework,Version=v4.7.1, .NETFramework,Version=v4.7.2, .NETFramework,Version=v4.8, .NETFramework,Version=v4.8.1' instead of the project target framework 'net8.0'. This package may not be fully compatible with your project.
C:\Users\anijay\.gemini\antigravity\scratch\COGNEX\Cognexalgo.Core\Cognexalgo.Core.csproj : warning NU1701: Package 'Microsoft.Bcl 1.1.9' was restored using '.NETFramework,Version=v4.6.1, .NETFramework,Version=v4.6.2, .NETFramework,Version=v4.7, .NETFramework,Version=v4.7.1, .NETFramework,Version=v4.7.2, .NETFramework,Version=v4.8, .NETFramework,Version=v4.8.1' instead of the project target framework 'net8.0'. This package may not be fully compatible with your project.
C:\Users\anijay\.gemini\antigravity\scratch\COGNEX\Cognexalgo.Core\Cognexalgo.Core.csproj : warning NU1701: Package 'Microsoft.Bcl.Async 1.0.168' was restored using '.NETFramework,Version=v4.6.1, .NETFramework,Version=v4.6.2, .NETFramework,Version=v4.7, .NETFramework,Version=v4.7.1, .NETFramework,Version=v4.7.2, .NETFramework,Version=v4.8, .NETFramework,Version=v4.8.1' instead of the project target framework 'net8.0'. This package may not be fully compatible with your project.
C:\Users\anijay\.gemini\antigravity\scratch\COGNEX\Cognexalgo.Core\Cognexalgo.Core.csproj : warning NU1701: Package 'Microsoft.Net.Http 2.2.28' was restored using '.NETFramework,Version=v4.6.1, .NETFramework,Version=v4.6.2, .NETFramework,Version=v4.7, .NETFramework,Version=v4.7.1, .NETFramework,Version=v4.7.2, .NETFramework,Version=v4.8, .NETFramework,Version=v4.8.1' instead of the project target framework 'net8.0'. This package may not be fully compatible with your project.
C:\Users\anijay\.gemini\antigravity\scratch\COGNEX\Cognexalgo.Core\Repositories\StrategyRepository.cs(23,56): warning CS1998: This async method lacks 'await' operators and will run synchronously. Consider using the 'await' operator to await non-blocking API calls, or 'await Task.Run(...)' to do CPU-bound work on a background thread. [C:\Users\anijay\.gemini\antigravity\scratch\COGNEX\Cognexalgo.Core\Cognexalgo.Core.csproj]
C:\Users\anijay\.gemini\antigravity\scratch\COGNEX\Cognexalgo.Core\Repositories\StrategyRepository.cs(24,56): warning CS1998: This async method lacks 'await' operators and will run synchronously. Consider using the 'await' operator to await non-blocking API calls, or 'await Task.Run(...)' to do CPU-bound work on a background thread. [C:\Users\anijay\.gemini\antigravity\scratch\COGNEX\Cognexalgo.Core\Cognexalgo.Core.csproj]
C:\Users\anijay\.gemini\antigravity\scratch\COGNEX\Cognexalgo.Core\Repositories\StrategyRepository.cs(25,27): warning CS1998: This async method lacks 'await' operators and will run synchronously. Consider using the 'await' operator to await non-blocking API calls, or 'await Task.Run(...)' to do CPU-bound work on a background thread. [C:\Users\anijay\.gemini\antigravity\scratch\COGNEX\Cognexalgo.Core\Cognexalgo.Core.csproj]
C:\Users\anijay\.gemini\antigravity\scratch\COGNEX\Cognexalgo.Core\Repositories\StrategyRepository.cs(26,27): warning CS1998: This async method lacks 'await' operators and will run synchronously. Consider using the 'await' operator to await non-blocking API calls, or 'await Task.Run(...)' to do CPU-bound work on a background thread. [C:\Users\anijay\.gemini\antigravity\scratch\COGNEX\Cognexalgo.Core\Cognexalgo.Core.csproj]
C:\Users\anijay\.gemini\antigravity\scratch\COGNEX\Cognexalgo.Core\Repositories\StrategyRepository.cs(27,27): warning CS1998: This async method lacks 'await' operators and will run synchronously. Consider using the 'await' operator to await non-blocking API calls, or 'await Task.Run(...)' to do CPU-bound work on a background thread. [C:\Users\anijay\.gemini\antigravity\scratch\COGNEX\Cognexalgo.Core\Cognexalgo.Core.csproj]
C:\Users\anijay\.gemini\antigravity\scratch\COGNEX\Cognexalgo.Core\Repositories\StrategyRepository.cs(28,27): warning CS1998: This async method lacks 'await' operators and will run synchronously. Consider using the 'await' operator to await non-blocking API calls, or 'await Task.Run(...)' to do CPU-bound work on a background thread. [C:\Users\anijay\.gemini\antigravity\scratch\COGNEX\Cognexalgo.Core\Cognexalgo.Core.csproj]
C:\Users\anijay\.gemini\antigravity\scratch\COGNEX\Cognexalgo.Core\CloudServices\FirebaseService.cs(16,33): warning CS1998: This async method lacks 'await' operators and will run synchronously. Consider using the 'await' operator to await non-blocking API calls, or 'await Task.Run(...)' to do CPU-bound work on a background thread. [C:\Users\anijay\.gemini\antigravity\scratch\COGNEX\Cognexalgo.Core\Cognexalgo.Core.csproj]
C:\Users\anijay\.gemini\antigravity\scratch\COGNEX\Cognexalgo.Core\Strategies\DynamicStrategy.cs(18,23): warning CS8601: Possible null reference assignment. [C:\Users\anijay\.gemini\antigravity\scratch\COGNEX\Cognexalgo.Core\Cognexalgo.Core.csproj]
C:\Users\anijay\.gemini\antigravity\scratch\COGNEX\Cognexalgo.Core\Strategies\EmaTrendStrategy.cs(22,36): warning CS1998: This async method lacks 'await' operators and will run synchronously. Consider using the 'await' operator to await non-blocking API calls, or 'await Task.Run(...)' to do CPU-bound work on a background thread. [C:\Users\anijay\.gemini\antigravity\scratch\COGNEX\Cognexalgo.Core\Cognexalgo.Core.csproj]
C:\Users\anijay\.gemini\antigravity\scratch\COGNEX\Cognexalgo.Core\Strategies\FourEmaStrategy.cs(22,36): warning CS1998: This async method lacks 'await' operators and will run synchronously. Consider using the 'await' operator to await non-blocking API calls, or 'await Task.Run(...)' to do CPU-bound work on a background thread. [C:\Users\anijay\.gemini\antigravity\scratch\COGNEX\Cognexalgo.Core\Cognexalgo.Core.csproj]
C:\Users\anijay\.gemini\antigravity\scratch\COGNEX\Cognexalgo.Core\TradingEngine.cs(276,24): warning CS0219: The variable 'lastMidcpNifty' is assigned but its value is never used [C:\Users\anijay\.gemini\antigravity\scratch\COGNEX\Cognexalgo.Core\Cognexalgo.Core.csproj]
C:\Users\anijay\.gemini\antigravity\scratch\COGNEX\Cognexalgo.Core\TradingEngine.cs(277,24): warning CS0219: The variable 'lastSensex' is assigned but its value is never used [C:\Users\anijay\.gemini\antigravity\scratch\COGNEX\Cognexalgo.Core\Cognexalgo.Core.csproj]
C:\Users\anijay\.gemini\antigravity\scratch\COGNEX\Cognexalgo.Core\Services\SmartApiClient.cs(93,32): warning CS8601: Possible null reference assignment. [C:\Users\anijay\.gemini\antigravity\scratch\COGNEX\Cognexalgo.Core\Cognexalgo.Core.csproj]
C:\Users\anijay\.gemini\antigravity\scratch\COGNEX\Cognexalgo.Core\Services\SmartApiClient.cs(94,33): warning CS8601: Possible null reference assignment. [C:\Users\anijay\.gemini\antigravity\scratch\COGNEX\Cognexalgo.Core\Cognexalgo.Core.csproj]
C:\Users\anijay\.gemini\antigravity\scratch\COGNEX\Cognexalgo.Core\Services\TokenService.cs(402,39): warning CS8619: Nullability of reference types in value of type '(string?, string?)' doesn't match target type '(string token, string symbol)'. [C:\Users\anijay\.gemini\antigravity\scratch\COGNEX\Cognexalgo.Core\Cognexalgo.Core.csproj]
C:\Users\anijay\.gemini\antigravity\scratch\COGNEX\Cognexalgo.Core\Services\TokenService.cs(432,20): warning CS8619: Nullability of reference types in value of type '(string?, string?)' doesn't match target type '(string token, string symbol)'. [C:\Users\anijay\.gemini\antigravity\scratch\COGNEX\Cognexalgo.Core\Cognexalgo.Core.csproj]
C:\Users\anijay\.gemini\antigravity\scratch\COGNEX\Cognexalgo.Core\Strategies\HybridStraddleStrategy.cs(13,22): warning CS0414: The field 'HybridStraddleStrategy._isPositionOpen' is assigned but its value is never used [C:\Users\anijay\.gemini\antigravity\scratch\COGNEX\Cognexalgo.Core\Cognexalgo.Core.csproj]
  Cognexalgo.Core -> C:\Users\anijay\.gemini\antigravity\scratch\COGNEX\Cognexalgo.Core\bin\Debug\net8.0\Cognexalgo.Core.dll
C:\Users\anijay\.gemini\antigravity\scratch\COGNEX\Cognexalgo.UI\Cognexalgo.UI_ccbgo3c3_wpftmp.csproj : warning NU1701: Package 'FireSharp 2.0.4' was restored using '.NETFramework,Version=v4.6.1, .NETFramework,Version=v4.6.2, .NETFramework,Version=v4.7, .NETFramework,Version=v4.7.1, .NETFramework,Version=v4.7.2, .NETFramework,Version=v4.8, .NETFramework,Version=v4.8.1' instead of the project target framework 'net8.0-windows7.0'. This package may not be fully compatible with your project.
C:\Users\anijay\.gemini\antigravity\scratch\COGNEX\Cognexalgo.UI\Cognexalgo.UI_ccbgo3c3_wpftmp.csproj : warning NU1701: Package 'Microsoft.Bcl 1.1.9' was restored using '.NETFramework,Version=v4.6.1, .NETFramework,Version=v4.6.2, .NETFramework,Version=v4.7, .NETFramework,Version=v4.7.1, .NETFramework,Version=v4.7.2, .NETFramework,Version=v4.8, .NETFramework,Version=v4.8.1' instead of the project target framework 'net8.0-windows7.0'. This package may not be fully compatible with your project.
C:\Users\anijay\.gemini\antigravity\scratch\COGNEX\Cognexalgo.UI\Cognexalgo.UI_ccbgo3c3_wpftmp.csproj : warning NU1701: Package 'Microsoft.Bcl.Async 1.0.168' was restored using '.NETFramework,Version=v4.6.1, .NETFramework,Version=v4.6.2, .NETFramework,Version=v4.7, .NETFramework,Version=v4.7.1, .NETFramework,Version=v4.7.2, .NETFramework,Version=v4.8, .NETFramework,Version=v4.8.1' instead of the project target framework 'net8.0-windows7.0'. This package may not be fully compatible with your project.
C:\Users\anijay\.gemini\antigravity\scratch\COGNEX\Cognexalgo.UI\Cognexalgo.UI_ccbgo3c3_wpftmp.csproj : warning NU1701: Package 'Microsoft.Net.Http 2.2.28' was restored using '.NETFramework,Version=v4.6.1, .NETFramework,Version=v4.6.2, .NETFramework,Version=v4.7, .NETFramework,Version=v4.7.1, .NETFramework,Version=v4.7.2, .NETFramework,Version=v4.8, .NETFramework,Version=v4.8.1' instead of the project target framework 'net8.0-windows7.0'. This package may not be fully compatible with your project.
C:\Users\anijay\.gemini\antigravity\scratch\COGNEX\Cognexalgo.UI\Converters\HybridConverters.cs(31,35): warning CS8600: Converting null literal or possible null value to non-nullable type. [C:\Users\anijay\.gemini\antigravity\scratch\COGNEX\Cognexalgo.UI\Cognexalgo.UI_ccbgo3c3_wpftmp.csproj]
C:\Users\anijay\.gemini\antigravity\scratch\COGNEX\Cognexalgo.UI\Converters\HybridConverters.cs(32,33): warning CS8600: Converting null literal or possible null value to non-nullable type. [C:\Users\anijay\.gemini\antigravity\scratch\COGNEX\Cognexalgo.UI\Cognexalgo.UI_ccbgo3c3_wpftmp.csproj]
C:\Users\anijay\.gemini\antigravity\scratch\COGNEX\Cognexalgo.UI\Converters\HybridConverters.cs(60,37): warning CS8600: Converting null literal or possible null value to non-nullable type. [C:\Users\anijay\.gemini\antigravity\scratch\COGNEX\Cognexalgo.UI\Cognexalgo.UI_ccbgo3c3_wpftmp.csproj]
C:\Users\anijay\.gemini\antigravity\scratch\COGNEX\Cognexalgo.UI\Converters\HybridConverters.cs(61,35): warning CS8600: Converting null literal or possible null value to non-nullable type. [C:\Users\anijay\.gemini\antigravity\scratch\COGNEX\Cognexalgo.UI\Cognexalgo.UI_ccbgo3c3_wpftmp.csproj]
C:\Users\anijay\.gemini\antigravity\scratch\COGNEX\Cognexalgo.UI\ViewModels\StrategyBuilderViewModel.cs(669,23): warning CS8618: Non-nullable property 'Description' must contain a non-null value when exiting constructor. Consider declaring the property as nullable. [C:\Users\anijay\.gemini\antigravity\scratch\COGNEX\Cognexalgo.UI\Cognexalgo.UI_ccbgo3c3_wpftmp.csproj]
C:\Users\anijay\.gemini\antigravity\scratch\COGNEX\Cognexalgo.UI\ViewModels\StrategyBuilderViewModel.cs(670,26): warning CS8618: Non-nullable property 'Condition' must contain a non-null value when exiting constructor. Consider declaring the property as nullable. [C:\Users\anijay\.gemini\antigravity\scratch\COGNEX\Cognexalgo.UI\Cognexalgo.UI_ccbgo3c3_wpftmp.csproj]
C:\Users\anijay\.gemini\antigravity\scratch\COGNEX\Cognexalgo.UI\ViewModels\StrategyBuilderViewModel.cs(671,23): warning CS8618: Non-nullable property 'Action' must contain a non-null value when exiting constructor. Consider declaring the property as nullable. [C:\Users\anijay\.gemini\antigravity\scratch\COGNEX\Cognexalgo.UI\Cognexalgo.UI_ccbgo3c3_wpftmp.csproj]
C:\Users\anijay\.gemini\antigravity\scratch\COGNEX\Cognexalgo.UI\Converters\StatusColorConverter.cs(53,29): warning CS8600: Converting null literal or possible null value to non-nullable type. [C:\Users\anijay\.gemini\antigravity\scratch\COGNEX\Cognexalgo.UI\Cognexalgo.UI_ccbgo3c3_wpftmp.csproj]
C:\Users\anijay\.gemini\antigravity\scratch\COGNEX\Cognexalgo.UI\ViewModels\LoginViewModel.cs(25,16): warning CS8618: Non-nullable field '_statusMessage' must contain a non-null value when exiting constructor. Consider declaring the field as nullable. [C:\Users\anijay\.gemini\antigravity\scratch\COGNEX\Cognexalgo.UI\Cognexalgo.UI_ccbgo3c3_wpftmp.csproj]
C:\Users\anijay\.gemini\antigravity\scratch\COGNEX\Cognexalgo.UI\ViewModels\AccountManagerViewModel.cs(31,34): warning CS8622: Nullability of reference types in type of parameter 'sender' of 'void AccountManagerViewModel.OnTimerTick(object sender, EventArgs e)' doesn't match the target delegate 'EventHandler' (possibly because of nullability attributes). [C:\Users\anijay\.gemini\antigravity\scratch\COGNEX\Cognexalgo.UI\Cognexalgo.UI_ccbgo3c3_wpftmp.csproj]
C:\Users\anijay\.gemini\antigravity\scratch\COGNEX\Cognexalgo.UI\Converters\StatusColorConverter.cs(19,29): warning CS8600: Converting null literal or possible null value to non-nullable type. [C:\Users\anijay\.gemini\antigravity\scratch\COGNEX\Cognexalgo.UI\Cognexalgo.UI_ccbgo3c3_wpftmp.csproj]
C:\Users\anijay\.gemini\antigravity\scratch\COGNEX\Cognexalgo.UI\ViewModels\AccountManagerViewModel.cs(37,28): warning CS1998: This async method lacks 'await' operators and will run synchronously. Consider using the 'await' operator to await non-blocking API calls, or 'await Task.Run(...)' to do CPU-bound work on a background thread. [C:\Users\anijay\.gemini\antigravity\scratch\COGNEX\Cognexalgo.UI\Cognexalgo.UI_ccbgo3c3_wpftmp.csproj]
C:\Users\anijay\.gemini\antigravity\scratch\COGNEX\Cognexalgo.UI\ViewModels\SettingsViewModel.cs(27,16): warning CS8618: Non-nullable field '_apiKey' must contain a non-null value when exiting constructor. Consider declaring the field as nullable. [C:\Users\anijay\.gemini\antigravity\scratch\COGNEX\Cognexalgo.UI\Cognexalgo.UI_ccbgo3c3_wpftmp.csproj]
C:\Users\anijay\.gemini\antigravity\scratch\COGNEX\Cognexalgo.UI\ViewModels\SettingsViewModel.cs(27,16): warning CS8618: Non-nullable field '_clientCode' must contain a non-null value when exiting constructor. Consider declaring the field as nullable. [C:\Users\anijay\.gemini\antigravity\scratch\COGNEX\Cognexalgo.UI\Cognexalgo.UI_ccbgo3c3_wpftmp.csproj]
C:\Users\anijay\.gemini\antigravity\scratch\COGNEX\Cognexalgo.UI\ViewModels\SettingsViewModel.cs(27,16): warning CS8618: Non-nullable field '_password' must contain a non-null value when exiting constructor. Consider declaring the field as nullable. [C:\Users\anijay\.gemini\antigravity\scratch\COGNEX\Cognexalgo.UI\Cognexalgo.UI_ccbgo3c3_wpftmp.csproj]
C:\Users\anijay\.gemini\antigravity\scratch\COGNEX\Cognexalgo.UI\ViewModels\SettingsViewModel.cs(27,16): warning CS8618: Non-nullable field '_totpKey' must contain a non-null value when exiting constructor. Consider declaring the field as nullable. [C:\Users\anijay\.gemini\antigravity\scratch\COGNEX\Cognexalgo.UI\Cognexalgo.UI_ccbgo3c3_wpftmp.csproj]
C:\Users\anijay\.gemini\antigravity\scratch\COGNEX\Cognexalgo.UI\ViewModels\AccountManagerViewModel.cs(127,27): warning CS1998: This async method lacks 'await' operators and will run synchronously. Consider using the 'await' operator to await non-blocking API calls, or 'await Task.Run(...)' to do CPU-bound work on a background thread. [C:\Users\anijay\.gemini\antigravity\scratch\COGNEX\Cognexalgo.UI\Cognexalgo.UI_ccbgo3c3_wpftmp.csproj]
C:\Users\anijay\.gemini\antigravity\scratch\COGNEX\Cognexalgo.UI\App.xaml.cs(13,63): warning CS8618: Non-nullable field '_firebaseService' must contain a non-null value when exiting constructor. Consider declaring the field as nullable. [C:\Users\anijay\.gemini\antigravity\scratch\COGNEX\Cognexalgo.UI\Cognexalgo.UI_ccbgo3c3_wpftmp.csproj]
C:\Users\anijay\.gemini\antigravity\scratch\COGNEX\Cognexalgo.UI\ViewModels\MainViewModel.cs(97,39): warning CS8622: Nullability of reference types in type of parameter 'sender' of 'void MainViewModel.AutoRefreshTimer_Tick(object sender, EventArgs e)' doesn't match the target delegate 'EventHandler' (possibly because of nullability attributes). [C:\Users\anijay\.gemini\antigravity\scratch\COGNEX\Cognexalgo.UI\Cognexalgo.UI_ccbgo3c3_wpftmp.csproj]
C:\Users\anijay\.gemini\antigravity\scratch\COGNEX\Cognexalgo.UI\ViewModels\MainViewModel.cs(252,25): warning CS4014: Because this call is not awaited, execution of the current method continues before the call is completed. Consider applying the 'await' operator to the result of the call. [C:\Users\anijay\.gemini\antigravity\scratch\COGNEX\Cognexalgo.UI\Cognexalgo.UI_ccbgo3c3_wpftmp.csproj]
C:\Users\anijay\.gemini\antigravity\scratch\COGNEX\Cognexalgo.UI\ViewModels\MainViewModel.cs(297,18): warning CS4014: Because this call is not awaited, execution of the current method continues before the call is completed. Consider applying the 'await' operator to the result of the call. [C:\Users\anijay\.gemini\antigravity\scratch\COGNEX\Cognexalgo.UI\Cognexalgo.UI_ccbgo3c3_wpftmp.csproj]
C:\Users\anijay\.gemini\antigravity\scratch\COGNEX\Cognexalgo.UI\ViewModels\MainViewModel.cs(337,19): warning CS4014: Because this call is not awaited, execution of the current method continues before the call is completed. Consider applying the 'await' operator to the result of the call. [C:\Users\anijay\.gemini\antigravity\scratch\COGNEX\Cognexalgo.UI\Cognexalgo.UI_ccbgo3c3_wpftmp.csproj]
C:\Users\anijay\.gemini\antigravity\scratch\COGNEX\Cognexalgo.UI\ViewModels\MainViewModel.cs(374,27): warning CS1998: This async method lacks 'await' operators and will run synchronously. Consider using the 'await' operator to await non-blocking API calls, or 'await Task.Run(...)' to do CPU-bound work on a background thread. [C:\Users\anijay\.gemini\antigravity\scratch\COGNEX\Cognexalgo.UI\Cognexalgo.UI_ccbgo3c3_wpftmp.csproj]
C:\Users\anijay\.gemini\antigravity\scratch\COGNEX\Cognexalgo.UI\Converters\HybridConverters.cs(31,35): warning CS8600: Converting null literal or possible null value to non-nullable type. [C:\Users\anijay\.gemini\antigravity\scratch\COGNEX\Cognexalgo.UI\Cognexalgo.UI.csproj]
C:\Users\anijay\.gemini\antigravity\scratch\COGNEX\Cognexalgo.UI\Converters\HybridConverters.cs(32,33): warning CS8600: Converting null literal or possible null value to non-nullable type. [C:\Users\anijay\.gemini\antigravity\scratch\COGNEX\Cognexalgo.UI\Cognexalgo.UI.csproj]
C:\Users\anijay\.gemini\antigravity\scratch\COGNEX\Cognexalgo.UI\Converters\HybridConverters.cs(60,37): warning CS8600: Converting null literal or possible null value to non-nullable type. [C:\Users\anijay\.gemini\antigravity\scratch\COGNEX\Cognexalgo.UI\Cognexalgo.UI.csproj]
C:\Users\anijay\.gemini\antigravity\scratch\COGNEX\Cognexalgo.UI\Converters\HybridConverters.cs(61,35): warning CS8600: Converting null literal or possible null value to non-nullable type. [C:\Users\anijay\.gemini\antigravity\scratch\COGNEX\Cognexalgo.UI\Cognexalgo.UI.csproj]
C:\Users\anijay\.gemini\antigravity\scratch\COGNEX\Cognexalgo.UI\Converters\StatusColorConverter.cs(53,29): warning CS8600: Converting null literal or possible null value to non-nullable type. [C:\Users\anijay\.gemini\antigravity\scratch\COGNEX\Cognexalgo.UI\Cognexalgo.UI.csproj]
C:\Users\anijay\.gemini\antigravity\scratch\COGNEX\Cognexalgo.UI\ViewModels\StrategyBuilderViewModel.cs(669,23): warning CS8618: Non-nullable property 'Description' must contain a non-null value when exiting constructor. Consider declaring the property as nullable. [C:\Users\anijay\.gemini\antigravity\scratch\COGNEX\Cognexalgo.UI\Cognexalgo.UI.csproj]
C:\Users\anijay\.gemini\antigravity\scratch\COGNEX\Cognexalgo.UI\ViewModels\StrategyBuilderViewModel.cs(670,26): warning CS8618: Non-nullable property 'Condition' must contain a non-null value when exiting constructor. Consider declaring the property as nullable. [C:\Users\anijay\.gemini\antigravity\scratch\COGNEX\Cognexalgo.UI\Cognexalgo.UI.csproj]
C:\Users\anijay\.gemini\antigravity\scratch\COGNEX\Cognexalgo.UI\ViewModels\StrategyBuilderViewModel.cs(671,23): warning CS8618: Non-nullable property 'Action' must contain a non-null value when exiting constructor. Consider declaring the property as nullable. [C:\Users\anijay\.gemini\antigravity\scratch\COGNEX\Cognexalgo.UI\Cognexalgo.UI.csproj]
C:\Users\anijay\.gemini\antigravity\scratch\COGNEX\Cognexalgo.UI\Converters\StatusColorConverter.cs(19,29): warning CS8600: Converting null literal or possible null value to non-nullable type. [C:\Users\anijay\.gemini\antigravity\scratch\COGNEX\Cognexalgo.UI\Cognexalgo.UI.csproj]
C:\Users\anijay\.gemini\antigravity\scratch\COGNEX\Cognexalgo.UI\ViewModels\AccountManagerViewModel.cs(31,34): warning CS8622: Nullability of reference types in type of parameter 'sender' of 'void AccountManagerViewModel.OnTimerTick(object sender, EventArgs e)' doesn't match the target delegate 'EventHandler' (possibly because of nullability attributes). [C:\Users\anijay\.gemini\antigravity\scratch\COGNEX\Cognexalgo.UI\Cognexalgo.UI.csproj]
C:\Users\anijay\.gemini\antigravity\scratch\COGNEX\Cognexalgo.UI\ViewModels\LoginViewModel.cs(25,16): warning CS8618: Non-nullable field '_statusMessage' must contain a non-null value when exiting constructor. Consider declaring the field as nullable. [C:\Users\anijay\.gemini\antigravity\scratch\COGNEX\Cognexalgo.UI\Cognexalgo.UI.csproj]
C:\Users\anijay\.gemini\antigravity\scratch\COGNEX\Cognexalgo.UI\ViewModels\AccountManagerViewModel.cs(37,28): warning CS1998: This async method lacks 'await' operators and will run synchronously. Consider using the 'await' operator to await non-blocking API calls, or 'await Task.Run(...)' to do CPU-bound work on a background thread. [C:\Users\anijay\.gemini\antigravity\scratch\COGNEX\Cognexalgo.UI\Cognexalgo.UI.csproj]
C:\Users\anijay\.gemini\antigravity\scratch\COGNEX\Cognexalgo.UI\App.xaml.cs(13,63): warning CS8618: Non-nullable field '_firebaseService' must contain a non-null value when exiting constructor. Consider declaring the field as nullable. [C:\Users\anijay\.gemini\antigravity\scratch\COGNEX\Cognexalgo.UI\Cognexalgo.UI.csproj]
C:\Users\anijay\.gemini\antigravity\scratch\COGNEX\Cognexalgo.UI\ViewModels\AccountManagerViewModel.cs(127,27): warning CS1998: This async method lacks 'await' operators and will run synchronously. Consider using the 'await' operator to await non-blocking API calls, or 'await Task.Run(...)' to do CPU-bound work on a background thread. [C:\Users\anijay\.gemini\antigravity\scratch\COGNEX\Cognexalgo.UI\Cognexalgo.UI.csproj]
C:\Users\anijay\.gemini\antigravity\scratch\COGNEX\Cognexalgo.UI\ViewModels\SettingsViewModel.cs(27,16): warning CS8618: Non-nullable field '_apiKey' must contain a non-null value when exiting constructor. Consider declaring the field as nullable. [C:\Users\anijay\.gemini\antigravity\scratch\COGNEX\Cognexalgo.UI\Cognexalgo.UI.csproj]
C:\Users\anijay\.gemini\antigravity\scratch\COGNEX\Cognexalgo.UI\ViewModels\SettingsViewModel.cs(27,16): warning CS8618: Non-nullable field '_clientCode' must contain a non-null value when exiting constructor. Consider declaring the field as nullable. [C:\Users\anijay\.gemini\antigravity\scratch\COGNEX\Cognexalgo.UI\Cognexalgo.UI.csproj]
C:\Users\anijay\.gemini\antigravity\scratch\COGNEX\Cognexalgo.UI\ViewModels\SettingsViewModel.cs(27,16): warning CS8618: Non-nullable field '_password' must contain a non-null value when exiting constructor. Consider declaring the field as nullable. [C:\Users\anijay\.gemini\antigravity\scratch\COGNEX\Cognexalgo.UI\Cognexalgo.UI.csproj]
C:\Users\anijay\.gemini\antigravity\scratch\COGNEX\Cognexalgo.UI\ViewModels\SettingsViewModel.cs(27,16): warning CS8618: Non-nullable field '_totpKey' must contain a non-null value when exiting constructor. Consider declaring the field as nullable. [C:\Users\anijay\.gemini\antigravity\scratch\COGNEX\Cognexalgo.UI\Cognexalgo.UI.csproj]
C:\Users\anijay\.gemini\antigravity\scratch\COGNEX\Cognexalgo.UI\ViewModels\MainViewModel.cs(97,39): warning CS8622: Nullability of reference types in type of parameter 'sender' of 'void MainViewModel.AutoRefreshTimer_Tick(object sender, EventArgs e)' doesn't match the target delegate 'EventHandler' (possibly because of nullability attributes). [C:\Users\anijay\.gemini\antigravity\scratch\COGNEX\Cognexalgo.UI\Cognexalgo.UI.csproj]
C:\Users\anijay\.gemini\antigravity\scratch\COGNEX\Cognexalgo.UI\ViewModels\MainViewModel.cs(252,25): warning CS4014: Because this call is not awaited, execution of the current method continues before the call is completed. Consider applying the 'await' operator to the result of the call. [C:\Users\anijay\.gemini\antigravity\scratch\COGNEX\Cognexalgo.UI\Cognexalgo.UI.csproj]
C:\Users\anijay\.gemini\antigravity\scratch\COGNEX\Cognexalgo.UI\ViewModels\MainViewModel.cs(297,18): warning CS4014: Because this call is not awaited, execution of the current method continues before the call is completed. Consider applying the 'await' operator to the result of the call. [C:\Users\anijay\.gemini\antigravity\scratch\COGNEX\Cognexalgo.UI\Cognexalgo.UI.csproj]
C:\Users\anijay\.gemini\antigravity\scratch\COGNEX\Cognexalgo.UI\ViewModels\MainViewModel.cs(337,19): warning CS4014: Because this call is not awaited, execution of the current method continues before the call is completed. Consider applying the 'await' operator to the result of the call. [C:\Users\anijay\.gemini\antigravity\scratch\COGNEX\Cognexalgo.UI\Cognexalgo.UI.csproj]
C:\Users\anijay\.gemini\antigravity\scratch\COGNEX\Cognexalgo.UI\ViewModels\MainViewModel.cs(374,27): warning CS1998: This async method lacks 'await' operators and will run synchronously. Consider using the 'await' operator to await non-blocking API calls, or 'await Task.Run(...)' to do CPU-bound work on a background thread. [C:\Users\anijay\.gemini\antigravity\scratch\COGNEX\Cognexalgo.UI\Cognexalgo.UI.csproj]
C:\Program Files\dotnet\sdk\8.0.124\Microsoft.Common.CurrentVersion.targets(4911,5): warning MSB3026: Could not copy "C:\Users\anijay\.gemini\antigravity\scratch\COGNEX\Cognexalgo.Core\bin\Debug\net8.0\Cognexalgo.Core.dll" to "bin\Debug\net8.0-windows\Cognexalgo.Core.dll". Beginning retry 1 in 1000ms. The process cannot access the file 'C:\Users\anijay\.gemini\antigravity\scratch\COGNEX\Cognexalgo.UI\bin\Debug\net8.0-windows\Cognexalgo.Core.dll' because it is being used by another process. The file is locked by: "Cognexalgo.UI (10524)" [C:\Users\anijay\.gemini\antigravity\scratch\COGNEX\Cognexalgo.UI\Cognexalgo.UI.csproj]
C:\Program Files\dotnet\sdk\8.0.124\Microsoft.Common.CurrentVersion.targets(4911,5): warning MSB3026: Could not copy "C:\Users\anijay\.gemini\antigravity\scratch\COGNEX\Cognexalgo.Core\bin\Debug\net8.0\Cognexalgo.Core.dll" to "bin\Debug\net8.0-windows\Cognexalgo.Core.dll". Beginning retry 2 in 1000ms. The process cannot access the file 'C:\Users\anijay\.gemini\antigravity\scratch\COGNEX\Cognexalgo.UI\bin\Debug\net8.0-windows\Cognexalgo.Core.dll' because it is being used by another process. The file is locked by: "Cognexalgo.UI (10524)" [C:\Users\anijay\.gemini\antigravity\scratch\COGNEX\Cognexalgo.UI\Cognexalgo.UI.csproj]
C:\Program Files\dotnet\sdk\8.0.124\Microsoft.Common.CurrentVersion.targets(4911,5): warning MSB3026: Could not copy "C:\Users\anijay\.gemini\antigravity\scratch\COGNEX\Cognexalgo.Core\bin\Debug\net8.0\Cognexalgo.Core.dll" to "bin\Debug\net8.0-windows\Cognexalgo.Core.dll". Beginning retry 3 in 1000ms. The process cannot access the file 'C:\Users\anijay\.gemini\antigravity\scratch\COGNEX\Cognexalgo.UI\bin\Debug\net8.0-windows\Cognexalgo.Core.dll' because it is being used by another process. The file is locked by: "Cognexalgo.UI (10524)" [C:\Users\anijay\.gemini\antigravity\scratch\COGNEX\Cognexalgo.UI\Cognexalgo.UI.csproj]
C:\Program Files\dotnet\sdk\8.0.124\Microsoft.Common.CurrentVersion.targets(4911,5): warning MSB3026: Could not copy "C:\Users\anijay\.gemini\antigravity\scratch\COGNEX\Cognexalgo.Core\bin\Debug\net8.0\Cognexalgo.Core.dll" to "bin\Debug\net8.0-windows\Cognexalgo.Core.dll". Beginning retry 4 in 1000ms. The process cannot access the file 'C:\Users\anijay\.gemini\antigravity\scratch\COGNEX\Cognexalgo.UI\bin\Debug\net8.0-windows\Cognexalgo.Core.dll' because it is being used by another process. The file is locked by: "Cognexalgo.UI (10524)" [C:\Users\anijay\.gemini\antigravity\scratch\COGNEX\Cognexalgo.UI\Cognexalgo.UI.csproj]
C:\Program Files\dotnet\sdk\8.0.124\Microsoft.Common.CurrentVersion.targets(4911,5): warning MSB3026: Could not copy "C:\Users\anijay\.gemini\antigravity\scratch\COGNEX\Cognexalgo.Core\bin\Debug\net8.0\Cognexalgo.Core.dll" to "bin\Debug\net8.0-windows\Cognexalgo.Core.dll". Beginning retry 5 in 1000ms. The process cannot access the file 'C:\Users\anijay\.gemini\antigravity\scratch\COGNEX\Cognexalgo.UI\bin\Debug\net8.0-windows\Cognexalgo.Core.dll' because it is being used by another process. The file is locked by: "Cognexalgo.UI (10524)" [C:\Users\anijay\.gemini\antigravity\scratch\COGNEX\Cognexalgo.UI\Cognexalgo.UI.csproj]
C:\Program Files\dotnet\sdk\8.0.124\Microsoft.Common.CurrentVersion.targets(4911,5): warning MSB3026: Could not copy "C:\Users\anijay\.gemini\antigravity\scratch\COGNEX\Cognexalgo.Core\bin\Debug\net8.0\Cognexalgo.Core.dll" to "bin\Debug\net8.0-windows\Cognexalgo.Core.dll". Beginning retry 6 in 1000ms. The process cannot access the file 'C:\Users\anijay\.gemini\antigravity\scratch\COGNEX\Cognexalgo.UI\bin\Debug\net8.0-windows\Cognexalgo.Core.dll' because it is being used by another process. The file is locked by: "Cognexalgo.UI (10524)" [C:\Users\anijay\.gemini\antigravity\scratch\COGNEX\Cognexalgo.UI\Cognexalgo.UI.csproj]
C:\Program Files\dotnet\sdk\8.0.124\Microsoft.Common.CurrentVersion.targets(4911,5): warning MSB3026: Could not copy "C:\Users\anijay\.gemini\antigravity\scratch\COGNEX\Cognexalgo.Core\bin\Debug\net8.0\Cognexalgo.Core.dll" to "bin\Debug\net8.0-windows\Cognexalgo.Core.dll". Beginning retry 7 in 1000ms. The process cannot access the file 'C:\Users\anijay\.gemini\antigravity\scratch\COGNEX\Cognexalgo.UI\bin\Debug\net8.0-windows\Cognexalgo.Core.dll' because it is being used by another process. The file is locked by: "Cognexalgo.UI (10524)" [C:\Users\anijay\.gemini\antigravity\scratch\COGNEX\Cognexalgo.UI\Cognexalgo.UI.csproj]
C:\Program Files\dotnet\sdk\8.0.124\Microsoft.Common.CurrentVersion.targets(4911,5): warning MSB3026: Could not copy "C:\Users\anijay\.gemini\antigravity\scratch\COGNEX\Cognexalgo.Core\bin\Debug\net8.0\Cognexalgo.Core.dll" to "bin\Debug\net8.0-windows\Cognexalgo.Core.dll". Beginning retry 8 in 1000ms. The process cannot access the file 'C:\Users\anijay\.gemini\antigravity\scratch\COGNEX\Cognexalgo.UI\bin\Debug\net8.0-windows\Cognexalgo.Core.dll' because it is being used by another process. The file is locked by: "Cognexalgo.UI (10524)" [C:\Users\anijay\.gemini\antigravity\scratch\COGNEX\Cognexalgo.UI\Cognexalgo.UI.csproj]
C:\Program Files\dotnet\sdk\8.0.124\Microsoft.Common.CurrentVersion.targets(4911,5): warning MSB3026: Could not copy "C:\Users\anijay\.gemini\antigravity\scratch\COGNEX\Cognexalgo.Core\bin\Debug\net8.0\Cognexalgo.Core.dll" to "bin\Debug\net8.0-windows\Cognexalgo.Core.dll". Beginning retry 9 in 1000ms. The process cannot access the file 'C:\Users\anijay\.gemini\antigravity\scratch\COGNEX\Cognexalgo.UI\bin\Debug\net8.0-windows\Cognexalgo.Core.dll' because it is being used by another process. The file is locked by: "Cognexalgo.UI (10524)" [C:\Users\anijay\.gemini\antigravity\scratch\COGNEX\Cognexalgo.UI\Cognexalgo.UI.csproj]
C:\Program Files\dotnet\sdk\8.0.124\Microsoft.Common.CurrentVersion.targets(4911,5): warning MSB3026: Could not copy "C:\Users\anijay\.gemini\antigravity\scratch\COGNEX\Cognexalgo.Core\bin\Debug\net8.0\Cognexalgo.Core.dll" to "bin\Debug\net8.0-windows\Cognexalgo.Core.dll". Beginning retry 10 in 1000ms. The process cannot access the file 'C:\Users\anijay\.gemini\antigravity\scratch\COGNEX\Cognexalgo.UI\bin\Debug\net8.0-windows\Cognexalgo.Core.dll' because it is being used by another process. The file is locked by: "Cognexalgo.UI (10524)" [C:\Users\anijay\.gemini\antigravity\scratch\COGNEX\Cognexalgo.UI\Cognexalgo.UI.csproj]
C:\Program Files\dotnet\sdk\8.0.124\Microsoft.Common.CurrentVersion.targets(4911,5): error MSB3027: Could not copy "C:\Users\anijay\.gemini\antigravity\scratch\COGNEX\Cognexalgo.Core\bin\Debug\net8.0\Cognexalgo.Core.dll" to "bin\Debug\net8.0-windows\Cognexalgo.Core.dll". Exceeded retry count of 10. Failed. The file is locked by: "Cognexalgo.UI (10524)" [C:\Users\anijay\.gemini\antigravity\scratch\COGNEX\Cognexalgo.UI\Cognexalgo.UI.csproj]
C:\Program Files\dotnet\sdk\8.0.124\Microsoft.Common.CurrentVersion.targets(4911,5): error MSB3021: Unable to copy file "C:\Users\anijay\.gemini\antigravity\scratch\COGNEX\Cognexalgo.Core\bin\Debug\net8.0\Cognexalgo.Core.dll" to "bin\Debug\net8.0-windows\Cognexalgo.Core.dll". The process cannot access the file 'C:\Users\anijay\.gemini\antigravity\scratch\COGNEX\Cognexalgo.UI\bin\Debug\net8.0-windows\Cognexalgo.Core.dll' because it is being used by another process. [C:\Users\anijay\.gemini\antigravity\scratch\COGNEX\Cognexalgo.UI\Cognexalgo.UI.csproj]

Build FAILED.

C:\Users\anijay\.gemini\antigravity\scratch\COGNEX\Cognexalgo.UI\Cognexalgo.UI.csproj : warning NU1701: Package 'FireSharp 2.0.4' was restored using '.NETFramework,Version=v4.6.1, .NETFramework,Version=v4.6.2, .NETFramework,Version=v4.7, .NETFramework,Version=v4.7.1, .NETFramework,Version=v4.7.2, .NETFramework,Version=v4.8, .NETFramework,Version=v4.8.1' instead of the project target framework 'net8.0-windows7.0'. This package may not be fully compatible with your project.
C:\Users\anijay\.gemini\antigravity\scratch\COGNEX\Cognexalgo.Core\Cognexalgo.Core.csproj : warning NU1701: Package 'FireSharp 2.0.4' was restored using '.NETFramework,Version=v4.6.1, .NETFramework,Version=v4.6.2, .NETFramework,Version=v4.7, .NETFramework,Version=v4.7.1, .NETFramework,Version=v4.7.2, .NETFramework,Version=v4.8, .NETFramework,Version=v4.8.1' instead of the project target framework 'net8.0'. This package may not be fully compatible with your project. [C:\Users\anijay\.gemini\antigravity\scratch\COGNEX\Cognexalgo.UI\Cognexalgo.UI.csproj]
C:\Users\anijay\.gemini\antigravity\scratch\COGNEX\Cognexalgo.UI\Cognexalgo.UI.csproj : warning NU1701: Package 'Microsoft.Bcl 1.1.9' was restored using '.NETFramework,Version=v4.6.1, .NETFramework,Version=v4.6.2, .NETFramework,Version=v4.7, .NETFramework,Version=v4.7.1, .NETFramework,Version=v4.7.2, .NETFramework,Version=v4.8, .NETFramework,Version=v4.8.1' instead of the project target framework 'net8.0-windows7.0'. This package may not be fully compatible with your project.
C:\Users\anijay\.gemini\antigravity\scratch\COGNEX\Cognexalgo.Core\Cognexalgo.Core.csproj : warning NU1701: Package 'Microsoft.Bcl 1.1.9' was restored using '.NETFramework,Version=v4.6.1, .NETFramework,Version=v4.6.2, .NETFramework,Version=v4.7, .NETFramework,Version=v4.7.1, .NETFramework,Version=v4.7.2, .NETFramework,Version=v4.8, .NETFramework,Version=v4.8.1' instead of the project target framework 'net8.0'. This package may not be fully compatible with your project. [C:\Users\anijay\.gemini\antigravity\scratch\COGNEX\Cognexalgo.UI\Cognexalgo.UI.csproj]
C:\Users\anijay\.gemini\antigravity\scratch\COGNEX\Cognexalgo.UI\Cognexalgo.UI.csproj : warning NU1701: Package 'Microsoft.Bcl.Async 1.0.168' was restored using '.NETFramework,Version=v4.6.1, .NETFramework,Version=v4.6.2, .NETFramework,Version=v4.7, .NETFramework,Version=v4.7.1, .NETFramework,Version=v4.7.2, .NETFramework,Version=v4.8, .NETFramework,Version=v4.8.1' instead of the project target framework 'net8.0-windows7.0'. This package may not be fully compatible with your project.
C:\Users\anijay\.gemini\antigravity\scratch\COGNEX\Cognexalgo.Core\Cognexalgo.Core.csproj : warning NU1701: Package 'Microsoft.Bcl.Async 1.0.168' was restored using '.NETFramework,Version=v4.6.1, .NETFramework,Version=v4.6.2, .NETFramework,Version=v4.7, .NETFramework,Version=v4.7.1, .NETFramework,Version=v4.7.2, .NETFramework,Version=v4.8, .NETFramework,Version=v4.8.1' instead of the project target framework 'net8.0'. This package may not be fully compatible with your project. [C:\Users\anijay\.gemini\antigravity\scratch\COGNEX\Cognexalgo.UI\Cognexalgo.UI.csproj]
C:\Users\anijay\.gemini\antigravity\scratch\COGNEX\Cognexalgo.UI\Cognexalgo.UI.csproj : warning NU1701: Package 'Microsoft.Net.Http 2.2.28' was restored using '.NETFramework,Version=v4.6.1, .NETFramework,Version=v4.6.2, .NETFramework,Version=v4.7, .NETFramework,Version=v4.7.1, .NETFramework,Version=v4.7.2, .NETFramework,Version=v4.8, .NETFramework,Version=v4.8.1' instead of the project target framework 'net8.0-windows7.0'. This package may not be fully compatible with your project.
C:\Users\anijay\.gemini\antigravity\scratch\COGNEX\Cognexalgo.Core\Cognexalgo.Core.csproj : warning NU1701: Package 'Microsoft.Net.Http 2.2.28' was restored using '.NETFramework,Version=v4.6.1, .NETFramework,Version=v4.6.2, .NETFramework,Version=v4.7, .NETFramework,Version=v4.7.1, .NETFramework,Version=v4.7.2, .NETFramework,Version=v4.8, .NETFramework,Version=v4.8.1' instead of the project target framework 'net8.0'. This package may not be fully compatible with your project. [C:\Users\anijay\.gemini\antigravity\scratch\COGNEX\Cognexalgo.UI\Cognexalgo.UI.csproj]
C:\Users\anijay\.gemini\antigravity\scratch\COGNEX\Cognexalgo.UI\Cognexalgo.UI.csproj : warning NU1701: Package 'FireSharp 2.0.4' was restored using '.NETFramework,Version=v4.6.1, .NETFramework,Version=v4.6.2, .NETFramework,Version=v4.7, .NETFramework,Version=v4.7.1, .NETFramework,Version=v4.7.2, .NETFramework,Version=v4.8, .NETFramework,Version=v4.8.1' instead of the project target framework 'net8.0-windows7.0'. This package may not be fully compatible with your project.
C:\Users\anijay\.gemini\antigravity\scratch\COGNEX\Cognexalgo.UI\Cognexalgo.UI.csproj : warning NU1701: Package 'Microsoft.Bcl 1.1.9' was restored using '.NETFramework,Version=v4.6.1, .NETFramework,Version=v4.6.2, .NETFramework,Version=v4.7, .NETFramework,Version=v4.7.1, .NETFramework,Version=v4.7.2, .NETFramework,Version=v4.8, .NETFramework,Version=v4.8.1' instead of the project target framework 'net8.0-windows7.0'. This package may not be fully compatible with your project.
C:\Users\anijay\.gemini\antigravity\scratch\COGNEX\Cognexalgo.UI\Cognexalgo.UI.csproj : warning NU1701: Package 'Microsoft.Bcl.Async 1.0.168' was restored using '.NETFramework,Version=v4.6.1, .NETFramework,Version=v4.6.2, .NETFramework,Version=v4.7, .NETFramework,Version=v4.7.1, .NETFramework,Version=v4.7.2, .NETFramework,Version=v4.8, .NETFramework,Version=v4.8.1' instead of the project target framework 'net8.0-windows7.0'. This package may not be fully compatible with your project.
C:\Users\anijay\.gemini\antigravity\scratch\COGNEX\Cognexalgo.UI\Cognexalgo.UI.csproj : warning NU1701: Package 'Microsoft.Net.Http 2.2.28' was restored using '.NETFramework,Version=v4.6.1, .NETFramework,Version=v4.6.2, .NETFramework,Version=v4.7, .NETFramework,Version=v4.7.1, .NETFramework,Version=v4.7.2, .NETFramework,Version=v4.8, .NETFramework,Version=v4.8.1' instead of the project target framework 'net8.0-windows7.0'. This package may not be fully compatible with your project.
C:\Users\anijay\.gemini\antigravity\scratch\COGNEX\Cognexalgo.Core\Cognexalgo.Core.csproj : warning NU1701: Package 'FireSharp 2.0.4' was restored using '.NETFramework,Version=v4.6.1, .NETFramework,Version=v4.6.2, .NETFramework,Version=v4.7, .NETFramework,Version=v4.7.1, .NETFramework,Version=v4.7.2, .NETFramework,Version=v4.8, .NETFramework,Version=v4.8.1' instead of the project target framework 'net8.0'. This package may not be fully compatible with your project.
C:\Users\anijay\.gemini\antigravity\scratch\COGNEX\Cognexalgo.Core\Cognexalgo.Core.csproj : warning NU1701: Package 'Microsoft.Bcl 1.1.9' was restored using '.NETFramework,Version=v4.6.1, .NETFramework,Version=v4.6.2, .NETFramework,Version=v4.7, .NETFramework,Version=v4.7.1, .NETFramework,Version=v4.7.2, .NETFramework,Version=v4.8, .NETFramework,Version=v4.8.1' instead of the project target framework 'net8.0'. This package may not be fully compatible with your project.
C:\Users\anijay\.gemini\antigravity\scratch\COGNEX\Cognexalgo.Core\Cognexalgo.Core.csproj : warning NU1701: Package 'Microsoft.Bcl.Async 1.0.168' was restored using '.NETFramework,Version=v4.6.1, .NETFramework,Version=v4.6.2, .NETFramework,Version=v4.7, .NETFramework,Version=v4.7.1, .NETFramework,Version=v4.7.2, .NETFramework,Version=v4.8, .NETFramework,Version=v4.8.1' instead of the project target framework 'net8.0'. This package may not be fully compatible with your project.
C:\Users\anijay\.gemini\antigravity\scratch\COGNEX\Cognexalgo.Core\Cognexalgo.Core.csproj : warning NU1701: Package 'Microsoft.Net.Http 2.2.28' was restored using '.NETFramework,Version=v4.6.1, .NETFramework,Version=v4.6.2, .NETFramework,Version=v4.7, .NETFramework,Version=v4.7.1, .NETFramework,Version=v4.7.2, .NETFramework,Version=v4.8, .NETFramework,Version=v4.8.1' instead of the project target framework 'net8.0'. This package may not be fully compatible with your project.
C:\Users\anijay\.gemini\antigravity\scratch\COGNEX\Cognexalgo.Core\Repositories\StrategyRepository.cs(23,56): warning CS1998: This async method lacks 'await' operators and will run synchronously. Consider using the 'await' operator to await non-blocking API calls, or 'await Task.Run(...)' to do CPU-bound work on a background thread. [C:\Users\anijay\.gemini\antigravity\scratch\COGNEX\Cognexalgo.Core\Cognexalgo.Core.csproj]
C:\Users\anijay\.gemini\antigravity\scratch\COGNEX\Cognexalgo.Core\Repositories\StrategyRepository.cs(24,56): warning CS1998: This async method lacks 'await' operators and will run synchronously. Consider using the 'await' operator to await non-blocking API calls, or 'await Task.Run(...)' to do CPU-bound work on a background thread. [C:\Users\anijay\.gemini\antigravity\scratch\COGNEX\Cognexalgo.Core\Cognexalgo.Core.csproj]
C:\Users\anijay\.gemini\antigravity\scratch\COGNEX\Cognexalgo.Core\Repositories\StrategyRepository.cs(25,27): warning CS1998: This async method lacks 'await' operators and will run synchronously. Consider using the 'await' operator to await non-blocking API calls, or 'await Task.Run(...)' to do CPU-bound work on a background thread. [C:\Users\anijay\.gemini\antigravity\scratch\COGNEX\Cognexalgo.Core\Cognexalgo.Core.csproj]
C:\Users\anijay\.gemini\antigravity\scratch\COGNEX\Cognexalgo.Core\Repositories\StrategyRepository.cs(26,27): warning CS1998: This async method lacks 'await' operators and will run synchronously. Consider using the 'await' operator to await non-blocking API calls, or 'await Task.Run(...)' to do CPU-bound work on a background thread. [C:\Users\anijay\.gemini\antigravity\scratch\COGNEX\Cognexalgo.Core\Cognexalgo.Core.csproj]
C:\Users\anijay\.gemini\antigravity\scratch\COGNEX\Cognexalgo.Core\Repositories\StrategyRepository.cs(27,27): warning CS1998: This async method lacks 'await' operators and will run synchronously. Consider using the 'await' operator to await non-blocking API calls, or 'await Task.Run(...)' to do CPU-bound work on a background thread. [C:\Users\anijay\.gemini\antigravity\scratch\COGNEX\Cognexalgo.Core\Cognexalgo.Core.csproj]
C:\Users\anijay\.gemini\antigravity\scratch\COGNEX\Cognexalgo.Core\Repositories\StrategyRepository.cs(28,27): warning CS1998: This async method lacks 'await' operators and will run synchronously. Consider using the 'await' operator to await non-blocking API calls, or 'await Task.Run(...)' to do CPU-bound work on a background thread. [C:\Users\anijay\.gemini\antigravity\scratch\COGNEX\Cognexalgo.Core\Cognexalgo.Core.csproj]
C:\Users\anijay\.gemini\antigravity\scratch\COGNEX\Cognexalgo.Core\CloudServices\FirebaseService.cs(16,33): warning CS1998: This async method lacks 'await' operators and will run synchronously. Consider using the 'await' operator to await non-blocking API calls, or 'await Task.Run(...)' to do CPU-bound work on a background thread. [C:\Users\anijay\.gemini\antigravity\scratch\COGNEX\Cognexalgo.Core\Cognexalgo.Core.csproj]
C:\Users\anijay\.gemini\antigravity\scratch\COGNEX\Cognexalgo.Core\Strategies\DynamicStrategy.cs(18,23): warning CS8601: Possible null reference assignment. [C:\Users\anijay\.gemini\antigravity\scratch\COGNEX\Cognexalgo.Core\Cognexalgo.Core.csproj]
C:\Users\anijay\.gemini\antigravity\scratch\COGNEX\Cognexalgo.Core\Strategies\EmaTrendStrategy.cs(22,36): warning CS1998: This async method lacks 'await' operators and will run synchronously. Consider using the 'await' operator to await non-blocking API calls, or 'await Task.Run(...)' to do CPU-bound work on a background thread. [C:\Users\anijay\.gemini\antigravity\scratch\COGNEX\Cognexalgo.Core\Cognexalgo.Core.csproj]
C:\Users\anijay\.gemini\antigravity\scratch\COGNEX\Cognexalgo.Core\Strategies\FourEmaStrategy.cs(22,36): warning CS1998: This async method lacks 'await' operators and will run synchronously. Consider using the 'await' operator to await non-blocking API calls, or 'await Task.Run(...)' to do CPU-bound work on a background thread. [C:\Users\anijay\.gemini\antigravity\scratch\COGNEX\Cognexalgo.Core\Cognexalgo.Core.csproj]
C:\Users\anijay\.gemini\antigravity\scratch\COGNEX\Cognexalgo.Core\TradingEngine.cs(276,24): warning CS0219: The variable 'lastMidcpNifty' is assigned but its value is never used [C:\Users\anijay\.gemini\antigravity\scratch\COGNEX\Cognexalgo.Core\Cognexalgo.Core.csproj]
C:\Users\anijay\.gemini\antigravity\scratch\COGNEX\Cognexalgo.Core\TradingEngine.cs(277,24): warning CS0219: The variable 'lastSensex' is assigned but its value is never used [C:\Users\anijay\.gemini\antigravity\scratch\COGNEX\Cognexalgo.Core\Cognexalgo.Core.csproj]
C:\Users\anijay\.gemini\antigravity\scratch\COGNEX\Cognexalgo.Core\Services\SmartApiClient.cs(93,32): warning CS8601: Possible null reference assignment. [C:\Users\anijay\.gemini\antigravity\scratch\COGNEX\Cognexalgo.Core\Cognexalgo.Core.csproj]
C:\Users\anijay\.gemini\antigravity\scratch\COGNEX\Cognexalgo.Core\Services\SmartApiClient.cs(94,33): warning CS8601: Possible null reference assignment. [C:\Users\anijay\.gemini\antigravity\scratch\COGNEX\Cognexalgo.Core\Cognexalgo.Core.csproj]
C:\Users\anijay\.gemini\antigravity\scratch\COGNEX\Cognexalgo.Core\Services\TokenService.cs(402,39): warning CS8619: Nullability of reference types in value of type '(string?, string?)' doesn't match target type '(string token, string symbol)'. [C:\Users\anijay\.gemini\antigravity\scratch\COGNEX\Cognexalgo.Core\Cognexalgo.Core.csproj]
C:\Users\anijay\.gemini\antigravity\scratch\COGNEX\Cognexalgo.Core\Services\TokenService.cs(432,20): warning CS8619: Nullability of reference types in value of type '(string?, string?)' doesn't match target type '(string token, string symbol)'. [C:\Users\anijay\.gemini\antigravity\scratch\COGNEX\Cognexalgo.Core\Cognexalgo.Core.csproj]
C:\Users\anijay\.gemini\antigravity\scratch\COGNEX\Cognexalgo.Core\Strategies\HybridStraddleStrategy.cs(13,22): warning CS0414: The field 'HybridStraddleStrategy._isPositionOpen' is assigned but its value is never used [C:\Users\anijay\.gemini\antigravity\scratch\COGNEX\Cognexalgo.Core\Cognexalgo.Core.csproj]
C:\Users\anijay\.gemini\antigravity\scratch\COGNEX\Cognexalgo.UI\Cognexalgo.UI_ccbgo3c3_wpftmp.csproj : warning NU1701: Package 'FireSharp 2.0.4' was restored using '.NETFramework,Version=v4.6.1, .NETFramework,Version=v4.6.2, .NETFramework,Version=v4.7, .NETFramework,Version=v4.7.1, .NETFramework,Version=v4.7.2, .NETFramework,Version=v4.8, .NETFramework,Version=v4.8.1' instead of the project target framework 'net8.0-windows7.0'. This package may not be fully compatible with your project.
C:\Users\anijay\.gemini\antigravity\scratch\COGNEX\Cognexalgo.UI\Cognexalgo.UI_ccbgo3c3_wpftmp.csproj : warning NU1701: Package 'Microsoft.Bcl 1.1.9' was restored using '.NETFramework,Version=v4.6.1, .NETFramework,Version=v4.6.2, .NETFramework,Version=v4.7, .NETFramework,Version=v4.7.1, .NETFramework,Version=v4.7.2, .NETFramework,Version=v4.8, .NETFramework,Version=v4.8.1' instead of the project target framework 'net8.0-windows7.0'. This package may not be fully compatible with your project.
C:\Users\anijay\.gemini\antigravity\scratch\COGNEX\Cognexalgo.UI\Cognexalgo.UI_ccbgo3c3_wpftmp.csproj : warning NU1701: Package 'Microsoft.Bcl.Async 1.0.168' was restored using '.NETFramework,Version=v4.6.1, .NETFramework,Version=v4.6.2, .NETFramework,Version=v4.7, .NETFramework,Version=v4.7.1, .NETFramework,Version=v4.7.2, .NETFramework,Version=v4.8, .NETFramework,Version=v4.8.1' instead of the project target framework 'net8.0-windows7.0'. This package may not be fully compatible with your project.
C:\Users\anijay\.gemini\antigravity\scratch\COGNEX\Cognexalgo.UI\Cognexalgo.UI_ccbgo3c3_wpftmp.csproj : warning NU1701: Package 'Microsoft.Net.Http 2.2.28' was restored using '.NETFramework,Version=v4.6.1, .NETFramework,Version=v4.6.2, .NETFramework,Version=v4.7, .NETFramework,Version=v4.7.1, .NETFramework,Version=v4.7.2, .NETFramework,Version=v4.8, .NETFramework,Version=v4.8.1' instead of the project target framework 'net8.0-windows7.0'. This package may not be fully compatible with your project.
C:\Users\anijay\.gemini\antigravity\scratch\COGNEX\Cognexalgo.UI\Converters\HybridConverters.cs(31,35): warning CS8600: Converting null literal or possible null value to non-nullable type. [C:\Users\anijay\.gemini\antigravity\scratch\COGNEX\Cognexalgo.UI\Cognexalgo.UI_ccbgo3c3_wpftmp.csproj]
C:\Users\anijay\.gemini\antigravity\scratch\COGNEX\Cognexalgo.UI\Converters\HybridConverters.cs(32,33): warning CS8600: Converting null literal or possible null value to non-nullable type. [C:\Users\anijay\.gemini\antigravity\scratch\COGNEX\Cognexalgo.UI\Cognexalgo.UI_ccbgo3c3_wpftmp.csproj]
C:\Users\anijay\.gemini\antigravity\scratch\COGNEX\Cognexalgo.UI\Converters\HybridConverters.cs(60,37): warning CS8600: Converting null literal or possible null value to non-nullable type. [C:\Users\anijay\.gemini\antigravity\scratch\COGNEX\Cognexalgo.UI\Cognexalgo.UI_ccbgo3c3_wpftmp.csproj]
C:\Users\anijay\.gemini\antigravity\scratch\COGNEX\Cognexalgo.UI\Converters\HybridConverters.cs(61,35): warning CS8600: Converting null literal or possible null value to non-nullable type. [C:\Users\anijay\.gemini\antigravity\scratch\COGNEX\Cognexalgo.UI\Cognexalgo.UI_ccbgo3c3_wpftmp.csproj]
C:\Users\anijay\.gemini\antigravity\scratch\COGNEX\Cognexalgo.UI\ViewModels\StrategyBuilderViewModel.cs(669,23): warning CS8618: Non-nullable property 'Description' must contain a non-null value when exiting constructor. Consider declaring the property as nullable. [C:\Users\anijay\.gemini\antigravity\scratch\COGNEX\Cognexalgo.UI\Cognexalgo.UI_ccbgo3c3_wpftmp.csproj]
C:\Users\anijay\.gemini\antigravity\scratch\COGNEX\Cognexalgo.UI\ViewModels\StrategyBuilderViewModel.cs(670,26): warning CS8618: Non-nullable property 'Condition' must contain a non-null value when exiting constructor. Consider declaring the property as nullable. [C:\Users\anijay\.gemini\antigravity\scratch\COGNEX\Cognexalgo.UI\Cognexalgo.UI_ccbgo3c3_wpftmp.csproj]
C:\Users\anijay\.gemini\antigravity\scratch\COGNEX\Cognexalgo.UI\ViewModels\StrategyBuilderViewModel.cs(671,23): warning CS8618: Non-nullable property 'Action' must contain a non-null value when exiting constructor. Consider declaring the property as nullable. [C:\Users\anijay\.gemini\antigravity\scratch\COGNEX\Cognexalgo.UI\Cognexalgo.UI_ccbgo3c3_wpftmp.csproj]
C:\Users\anijay\.gemini\antigravity\scratch\COGNEX\Cognexalgo.UI\Converters\StatusColorConverter.cs(53,29): warning CS8600: Converting null literal or possible null value to non-nullable type. [C:\Users\anijay\.gemini\antigravity\scratch\COGNEX\Cognexalgo.UI\Cognexalgo.UI_ccbgo3c3_wpftmp.csproj]
C:\Users\anijay\.gemini\antigravity\scratch\COGNEX\Cognexalgo.UI\ViewModels\LoginViewModel.cs(25,16): warning CS8618: Non-nullable field '_statusMessage' must contain a non-null value when exiting constructor. Consider declaring the field as nullable. [C:\Users\anijay\.gemini\antigravity\scratch\COGNEX\Cognexalgo.UI\Cognexalgo.UI_ccbgo3c3_wpftmp.csproj]
C:\Users\anijay\.gemini\antigravity\scratch\COGNEX\Cognexalgo.UI\ViewModels\AccountManagerViewModel.cs(31,34): warning CS8622: Nullability of reference types in type of parameter 'sender' of 'void AccountManagerViewModel.OnTimerTick(object sender, EventArgs e)' doesn't match the target delegate 'EventHandler' (possibly because of nullability attributes). [C:\Users\anijay\.gemini\antigravity\scratch\COGNEX\Cognexalgo.UI\Cognexalgo.UI_ccbgo3c3_wpftmp.csproj]
C:\Users\anijay\.gemini\antigravity\scratch\COGNEX\Cognexalgo.UI\Converters\StatusColorConverter.cs(19,29): warning CS8600: Converting null literal or possible null value to non-nullable type. [C:\Users\anijay\.gemini\antigravity\scratch\COGNEX\Cognexalgo.UI\Cognexalgo.UI_ccbgo3c3_wpftmp.csproj]
C:\Users\anijay\.gemini\antigravity\scratch\COGNEX\Cognexalgo.UI\ViewModels\AccountManagerViewModel.cs(37,28): warning CS1998: This async method lacks 'await' operators and will run synchronously. Consider using the 'await' operator to await non-blocking API calls, or 'await Task.Run(...)' to do CPU-bound work on a background thread. [C:\Users\anijay\.gemini\antigravity\scratch\COGNEX\Cognexalgo.UI\Cognexalgo.UI_ccbgo3c3_wpftmp.csproj]
C:\Users\anijay\.gemini\antigravity\scratch\COGNEX\Cognexalgo.UI\ViewModels\SettingsViewModel.cs(27,16): warning CS8618: Non-nullable field '_apiKey' must contain a non-null value when exiting constructor. Consider declaring the field as nullable. [C:\Users\anijay\.gemini\antigravity\scratch\COGNEX\Cognexalgo.UI\Cognexalgo.UI_ccbgo3c3_wpftmp.csproj]
C:\Users\anijay\.gemini\antigravity\scratch\COGNEX\Cognexalgo.UI\ViewModels\SettingsViewModel.cs(27,16): warning CS8618: Non-nullable field '_clientCode' must contain a non-null value when exiting constructor. Consider declaring the field as nullable. [C:\Users\anijay\.gemini\antigravity\scratch\COGNEX\Cognexalgo.UI\Cognexalgo.UI_ccbgo3c3_wpftmp.csproj]
C:\Users\anijay\.gemini\antigravity\scratch\COGNEX\Cognexalgo.UI\ViewModels\SettingsViewModel.cs(27,16): warning CS8618: Non-nullable field '_password' must contain a non-null value when exiting constructor. Consider declaring the field as nullable. [C:\Users\anijay\.gemini\antigravity\scratch\COGNEX\Cognexalgo.UI\Cognexalgo.UI_ccbgo3c3_wpftmp.csproj]
C:\Users\anijay\.gemini\antigravity\scratch\COGNEX\Cognexalgo.UI\ViewModels\SettingsViewModel.cs(27,16): warning CS8618: Non-nullable field '_totpKey' must contain a non-null value when exiting constructor. Consider declaring the field as nullable. [C:\Users\anijay\.gemini\antigravity\scratch\COGNEX\Cognexalgo.UI\Cognexalgo.UI_ccbgo3c3_wpftmp.csproj]
C:\Users\anijay\.gemini\antigravity\scratch\COGNEX\Cognexalgo.UI\ViewModels\AccountManagerViewModel.cs(127,27): warning CS1998: This async method lacks 'await' operators and will run synchronously. Consider using the 'await' operator to await non-blocking API calls, or 'await Task.Run(...)' to do CPU-bound work on a background thread. [C:\Users\anijay\.gemini\antigravity\scratch\COGNEX\Cognexalgo.UI\Cognexalgo.UI_ccbgo3c3_wpftmp.csproj]
C:\Users\anijay\.gemini\antigravity\scratch\COGNEX\Cognexalgo.UI\App.xaml.cs(13,63): warning CS8618: Non-nullable field '_firebaseService' must contain a non-null value when exiting constructor. Consider declaring the field as nullable. [C:\Users\anijay\.gemini\antigravity\scratch\COGNEX\Cognexalgo.UI\Cognexalgo.UI_ccbgo3c3_wpftmp.csproj]
C:\Users\anijay\.gemini\antigravity\scratch\COGNEX\Cognexalgo.UI\ViewModels\MainViewModel.cs(97,39): warning CS8622: Nullability of reference types in type of parameter 'sender' of 'void MainViewModel.AutoRefreshTimer_Tick(object sender, EventArgs e)' doesn't match the target delegate 'EventHandler' (possibly because of nullability attributes). [C:\Users\anijay\.gemini\antigravity\scratch\COGNEX\Cognexalgo.UI\Cognexalgo.UI_ccbgo3c3_wpftmp.csproj]
C:\Users\anijay\.gemini\antigravity\scratch\COGNEX\Cognexalgo.UI\ViewModels\MainViewModel.cs(252,25): warning CS4014: Because this call is not awaited, execution of the current method continues before the call is completed. Consider applying the 'await' operator to the result of the call. [C:\Users\anijay\.gemini\antigravity\scratch\COGNEX\Cognexalgo.UI\Cognexalgo.UI_ccbgo3c3_wpftmp.csproj]
C:\Users\anijay\.gemini\antigravity\scratch\COGNEX\Cognexalgo.UI\ViewModels\MainViewModel.cs(297,18): warning CS4014: Because this call is not awaited, execution of the current method continues before the call is completed. Consider applying the 'await' operator to the result of the call. [C:\Users\anijay\.gemini\antigravity\scratch\COGNEX\Cognexalgo.UI\Cognexalgo.UI_ccbgo3c3_wpftmp.csproj]
C:\Users\anijay\.gemini\antigravity\scratch\COGNEX\Cognexalgo.UI\ViewModels\MainViewModel.cs(337,19): warning CS4014: Because this call is not awaited, execution of the current method continues before the call is completed. Consider applying the 'await' operator to the result of the call. [C:\Users\anijay\.gemini\antigravity\scratch\COGNEX\Cognexalgo.UI\Cognexalgo.UI_ccbgo3c3_wpftmp.csproj]
C:\Users\anijay\.gemini\antigravity\scratch\COGNEX\Cognexalgo.UI\ViewModels\MainViewModel.cs(374,27): warning CS1998: This async method lacks 'await' operators and will run synchronously. Consider using the 'await' operator to await non-blocking API calls, or 'await Task.Run(...)' to do CPU-bound work on a background thread. [C:\Users\anijay\.gemini\antigravity\scratch\COGNEX\Cognexalgo.UI\Cognexalgo.UI_ccbgo3c3_wpftmp.csproj]
C:\Users\anijay\.gemini\antigravity\scratch\COGNEX\Cognexalgo.UI\Converters\HybridConverters.cs(31,35): warning CS8600: Converting null literal or possible null value to non-nullable type. [C:\Users\anijay\.gemini\antigravity\scratch\COGNEX\Cognexalgo.UI\Cognexalgo.UI.csproj]
C:\Users\anijay\.gemini\antigravity\scratch\COGNEX\Cognexalgo.UI\Converters\HybridConverters.cs(32,33): warning CS8600: Converting null literal or possible null value to non-nullable type. [C:\Users\anijay\.gemini\antigravity\scratch\COGNEX\Cognexalgo.UI\Cognexalgo.UI.csproj]
C:\Users\anijay\.gemini\antigravity\scratch\COGNEX\Cognexalgo.UI\Converters\HybridConverters.cs(60,37): warning CS8600: Converting null literal or possible null value to non-nullable type. [C:\Users\anijay\.gemini\antigravity\scratch\COGNEX\Cognexalgo.UI\Cognexalgo.UI.csproj]
C:\Users\anijay\.gemini\antigravity\scratch\COGNEX\Cognexalgo.UI\Converters\HybridConverters.cs(61,35): warning CS8600: Converting null literal or possible null value to non-nullable type. [C:\Users\anijay\.gemini\antigravity\scratch\COGNEX\Cognexalgo.UI\Cognexalgo.UI.csproj]
C:\Users\anijay\.gemini\antigravity\scratch\COGNEX\Cognexalgo.UI\Converters\StatusColorConverter.cs(53,29): warning CS8600: Converting null literal or possible null value to non-nullable type. [C:\Users\anijay\.gemini\antigravity\scratch\COGNEX\Cognexalgo.UI\Cognexalgo.UI.csproj]
C:\Users\anijay\.gemini\antigravity\scratch\COGNEX\Cognexalgo.UI\ViewModels\StrategyBuilderViewModel.cs(669,23): warning CS8618: Non-nullable property 'Description' must contain a non-null value when exiting constructor. Consider declaring the property as nullable. [C:\Users\anijay\.gemini\antigravity\scratch\COGNEX\Cognexalgo.UI\Cognexalgo.UI.csproj]
C:\Users\anijay\.gemini\antigravity\scratch\COGNEX\Cognexalgo.UI\ViewModels\StrategyBuilderViewModel.cs(670,26): warning CS8618: Non-nullable property 'Condition' must contain a non-null value when exiting constructor. Consider declaring the property as nullable. [C:\Users\anijay\.gemini\antigravity\scratch\COGNEX\Cognexalgo.UI\Cognexalgo.UI.csproj]
C:\Users\anijay\.gemini\antigravity\scratch\COGNEX\Cognexalgo.UI\ViewModels\StrategyBuilderViewModel.cs(671,23): warning CS8618: Non-nullable property 'Action' must contain a non-null value when exiting constructor. Consider declaring the property as nullable. [C:\Users\anijay\.gemini\antigravity\scratch\COGNEX\Cognexalgo.UI\Cognexalgo.UI.csproj]
C:\Users\anijay\.gemini\antigravity\scratch\COGNEX\Cognexalgo.UI\Converters\StatusColorConverter.cs(19,29): warning CS8600: Converting null literal or possible null value to non-nullable type. [C:\Users\anijay\.gemini\antigravity\scratch\COGNEX\Cognexalgo.UI\Cognexalgo.UI.csproj]
C:\Users\anijay\.gemini\antigravity\scratch\COGNEX\Cognexalgo.UI\ViewModels\AccountManagerViewModel.cs(31,34): warning CS8622: Nullability of reference types in type of parameter 'sender' of 'void AccountManagerViewModel.OnTimerTick(object sender, EventArgs e)' doesn't match the target delegate 'EventHandler' (possibly because of nullability attributes). [C:\Users\anijay\.gemini\antigravity\scratch\COGNEX\Cognexalgo.UI\Cognexalgo.UI.csproj]
C:\Users\anijay\.gemini\antigravity\scratch\COGNEX\Cognexalgo.UI\ViewModels\LoginViewModel.cs(25,16): warning CS8618: Non-nullable field '_statusMessage' must contain a non-null value when exiting constructor. Consider declaring the field as nullable. [C:\Users\anijay\.gemini\antigravity\scratch\COGNEX\Cognexalgo.UI\Cognexalgo.UI.csproj]
C:\Users\anijay\.gemini\antigravity\scratch\COGNEX\Cognexalgo.UI\ViewModels\AccountManagerViewModel.cs(37,28): warning CS1998: This async method lacks 'await' operators and will run synchronously. Consider using the 'await' operator to await non-blocking API calls, or 'await Task.Run(...)' to do CPU-bound work on a background thread. [C:\Users\anijay\.gemini\antigravity\scratch\COGNEX\Cognexalgo.UI\Cognexalgo.UI.csproj]
C:\Users\anijay\.gemini\antigravity\scratch\COGNEX\Cognexalgo.UI\App.xaml.cs(13,63): warning CS8618: Non-nullable field '_firebaseService' must contain a non-null value when exiting constructor. Consider declaring the field as nullable. [C:\Users\anijay\.gemini\antigravity\scratch\COGNEX\Cognexalgo.UI\Cognexalgo.UI.csproj]
C:\Users\anijay\.gemini\antigravity\scratch\COGNEX\Cognexalgo.UI\ViewModels\AccountManagerViewModel.cs(127,27): warning CS1998: This async method lacks 'await' operators and will run synchronously. Consider using the 'await' operator to await non-blocking API calls, or 'await Task.Run(...)' to do CPU-bound work on a background thread. [C:\Users\anijay\.gemini\antigravity\scratch\COGNEX\Cognexalgo.UI\Cognexalgo.UI.csproj]
C:\Users\anijay\.gemini\antigravity\scratch\COGNEX\Cognexalgo.UI\ViewModels\SettingsViewModel.cs(27,16): warning CS8618: Non-nullable field '_apiKey' must contain a non-null value when exiting constructor. Consider declaring the field as nullable. [C:\Users\anijay\.gemini\antigravity\scratch\COGNEX\Cognexalgo.UI\Cognexalgo.UI.csproj]
C:\Users\anijay\.gemini\antigravity\scratch\COGNEX\Cognexalgo.UI\ViewModels\SettingsViewModel.cs(27,16): warning CS8618: Non-nullable field '_clientCode' must contain a non-null value when exiting constructor. Consider declaring the field as nullable. [C:\Users\anijay\.gemini\antigravity\scratch\COGNEX\Cognexalgo.UI\Cognexalgo.UI.csproj]
C:\Users\anijay\.gemini\antigravity\scratch\COGNEX\Cognexalgo.UI\ViewModels\SettingsViewModel.cs(27,16): warning CS8618: Non-nullable field '_password' must contain a non-null value when exiting constructor. Consider declaring the field as nullable. [C:\Users\anijay\.gemini\antigravity\scratch\COGNEX\Cognexalgo.UI\Cognexalgo.UI.csproj]
C:\Users\anijay\.gemini\antigravity\scratch\COGNEX\Cognexalgo.UI\ViewModels\SettingsViewModel.cs(27,16): warning CS8618: Non-nullable field '_totpKey' must contain a non-null value when exiting constructor. Consider declaring the field as nullable. [C:\Users\anijay\.gemini\antigravity\scratch\COGNEX\Cognexalgo.UI\Cognexalgo.UI.csproj]
C:\Users\anijay\.gemini\antigravity\scratch\COGNEX\Cognexalgo.UI\ViewModels\MainViewModel.cs(97,39): warning CS8622: Nullability of reference types in type of parameter 'sender' of 'void MainViewModel.AutoRefreshTimer_Tick(object sender, EventArgs e)' doesn't match the target delegate 'EventHandler' (possibly because of nullability attributes). [C:\Users\anijay\.gemini\antigravity\scratch\COGNEX\Cognexalgo.UI\Cognexalgo.UI.csproj]
C:\Users\anijay\.gemini\antigravity\scratch\COGNEX\Cognexalgo.UI\ViewModels\MainViewModel.cs(252,25): warning CS4014: Because this call is not awaited, execution of the current method continues before the call is completed. Consider applying the 'await' operator to the result of the call. [C:\Users\anijay\.gemini\antigravity\scratch\COGNEX\Cognexalgo.UI\Cognexalgo.UI.csproj]
C:\Users\anijay\.gemini\antigravity\scratch\COGNEX\Cognexalgo.UI\ViewModels\MainViewModel.cs(297,18): warning CS4014: Because this call is not awaited, execution of the current method continues before the call is completed. Consider applying the 'await' operator to the result of the call. [C:\Users\anijay\.gemini\antigravity\scratch\COGNEX\Cognexalgo.UI\Cognexalgo.UI.csproj]
C:\Users\anijay\.gemini\antigravity\scratch\COGNEX\Cognexalgo.UI\ViewModels\MainViewModel.cs(337,19): warning CS4014: Because this call is not awaited, execution of the current method continues before the call is completed. Consider applying the 'await' operator to the result of the call. [C:\Users\anijay\.gemini\antigravity\scratch\COGNEX\Cognexalgo.UI\Cognexalgo.UI.csproj]
C:\Users\anijay\.gemini\antigravity\scratch\COGNEX\Cognexalgo.UI\ViewModels\MainViewModel.cs(374,27): warning CS1998: This async method lacks 'await' operators and will run synchronously. Consider using the 'await' operator to await non-blocking API calls, or 'await Task.Run(...)' to do CPU-bound work on a background thread. [C:\Users\anijay\.gemini\antigravity\scratch\COGNEX\Cognexalgo.UI\Cognexalgo.UI.csproj]
C:\Program Files\dotnet\sdk\8.0.124\Microsoft.Common.CurrentVersion.targets(4911,5): warning MSB3026: Could not copy "C:\Users\anijay\.gemini\antigravity\scratch\COGNEX\Cognexalgo.Core\bin\Debug\net8.0\Cognexalgo.Core.dll" to "bin\Debug\net8.0-windows\Cognexalgo.Core.dll". Beginning retry 1 in 1000ms. The process cannot access the file 'C:\Users\anijay\.gemini\antigravity\scratch\COGNEX\Cognexalgo.UI\bin\Debug\net8.0-windows\Cognexalgo.Core.dll' because it is being used by another process. The file is locked by: "Cognexalgo.UI (10524)" [C:\Users\anijay\.gemini\antigravity\scratch\COGNEX\Cognexalgo.UI\Cognexalgo.UI.csproj]
C:\Program Files\dotnet\sdk\8.0.124\Microsoft.Common.CurrentVersion.targets(4911,5): warning MSB3026: Could not copy "C:\Users\anijay\.gemini\antigravity\scratch\COGNEX\Cognexalgo.Core\bin\Debug\net8.0\Cognexalgo.Core.dll" to "bin\Debug\net8.0-windows\Cognexalgo.Core.dll". Beginning retry 2 in 1000ms. The process cannot access the file 'C:\Users\anijay\.gemini\antigravity\scratch\COGNEX\Cognexalgo.UI\bin\Debug\net8.0-windows\Cognexalgo.Core.dll' because it is being used by another process. The file is locked by: "Cognexalgo.UI (10524)" [C:\Users\anijay\.gemini\antigravity\scratch\COGNEX\Cognexalgo.UI\Cognexalgo.UI.csproj]
C:\Program Files\dotnet\sdk\8.0.124\Microsoft.Common.CurrentVersion.targets(4911,5): warning MSB3026: Could not copy "C:\Users\anijay\.gemini\antigravity\scratch\COGNEX\Cognexalgo.Core\bin\Debug\net8.0\Cognexalgo.Core.dll" to "bin\Debug\net8.0-windows\Cognexalgo.Core.dll". Beginning retry 3 in 1000ms. The process cannot access the file 'C:\Users\anijay\.gemini\antigravity\scratch\COGNEX\Cognexalgo.UI\bin\Debug\net8.0-windows\Cognexalgo.Core.dll' because it is being used by another process. The file is locked by: "Cognexalgo.UI (10524)" [C:\Users\anijay\.gemini\antigravity\scratch\COGNEX\Cognexalgo.UI\Cognexalgo.UI.csproj]
C:\Program Files\dotnet\sdk\8.0.124\Microsoft.Common.CurrentVersion.targets(4911,5): warning MSB3026: Could not copy "C:\Users\anijay\.gemini\antigravity\scratch\COGNEX\Cognexalgo.Core\bin\Debug\net8.0\Cognexalgo.Core.dll" to "bin\Debug\net8.0-windows\Cognexalgo.Core.dll". Beginning retry 4 in 1000ms. The process cannot access the file 'C:\Users\anijay\.gemini\antigravity\scratch\COGNEX\Cognexalgo.UI\bin\Debug\net8.0-windows\Cognexalgo.Core.dll' because it is being used by another process. The file is locked by: "Cognexalgo.UI (10524)" [C:\Users\anijay\.gemini\antigravity\scratch\COGNEX\Cognexalgo.UI\Cognexalgo.UI.csproj]
C:\Program Files\dotnet\sdk\8.0.124\Microsoft.Common.CurrentVersion.targets(4911,5): warning MSB3026: Could not copy "C:\Users\anijay\.gemini\antigravity\scratch\COGNEX\Cognexalgo.Core\bin\Debug\net8.0\Cognexalgo.Core.dll" to "bin\Debug\net8.0-windows\Cognexalgo.Core.dll". Beginning retry 5 in 1000ms. The process cannot access the file 'C:\Users\anijay\.gemini\antigravity\scratch\COGNEX\Cognexalgo.UI\bin\Debug\net8.0-windows\Cognexalgo.Core.dll' because it is being used by another process. The file is locked by: "Cognexalgo.UI (10524)" [C:\Users\anijay\.gemini\antigravity\scratch\COGNEX\Cognexalgo.UI\Cognexalgo.UI.csproj]
C:\Program Files\dotnet\sdk\8.0.124\Microsoft.Common.CurrentVersion.targets(4911,5): warning MSB3026: Could not copy "C:\Users\anijay\.gemini\antigravity\scratch\COGNEX\Cognexalgo.Core\bin\Debug\net8.0\Cognexalgo.Core.dll" to "bin\Debug\net8.0-windows\Cognexalgo.Core.dll". Beginning retry 6 in 1000ms. The process cannot access the file 'C:\Users\anijay\.gemini\antigravity\scratch\COGNEX\Cognexalgo.UI\bin\Debug\net8.0-windows\Cognexalgo.Core.dll' because it is being used by another process. The file is locked by: "Cognexalgo.UI (10524)" [C:\Users\anijay\.gemini\antigravity\scratch\COGNEX\Cognexalgo.UI\Cognexalgo.UI.csproj]
C:\Program Files\dotnet\sdk\8.0.124\Microsoft.Common.CurrentVersion.targets(4911,5): warning MSB3026: Could not copy "C:\Users\anijay\.gemini\antigravity\scratch\COGNEX\Cognexalgo.Core\bin\Debug\net8.0\Cognexalgo.Core.dll" to "bin\Debug\net8.0-windows\Cognexalgo.Core.dll". Beginning retry 7 in 1000ms. The process cannot access the file 'C:\Users\anijay\.gemini\antigravity\scratch\COGNEX\Cognexalgo.UI\bin\Debug\net8.0-windows\Cognexalgo.Core.dll' because it is being used by another process. The file is locked by: "Cognexalgo.UI (10524)" [C:\Users\anijay\.gemini\antigravity\scratch\COGNEX\Cognexalgo.UI\Cognexalgo.UI.csproj]
C:\Program Files\dotnet\sdk\8.0.124\Microsoft.Common.CurrentVersion.targets(4911,5): warning MSB3026: Could not copy "C:\Users\anijay\.gemini\antigravity\scratch\COGNEX\Cognexalgo.Core\bin\Debug\net8.0\Cognexalgo.Core.dll" to "bin\Debug\net8.0-windows\Cognexalgo.Core.dll". Beginning retry 8 in 1000ms. The process cannot access the file 'C:\Users\anijay\.gemini\antigravity\scratch\COGNEX\Cognexalgo.UI\bin\Debug\net8.0-windows\Cognexalgo.Core.dll' because it is being used by another process. The file is locked by: "Cognexalgo.UI (10524)" [C:\Users\anijay\.gemini\antigravity\scratch\COGNEX\Cognexalgo.UI\Cognexalgo.UI.csproj]
C:\Program Files\dotnet\sdk\8.0.124\Microsoft.Common.CurrentVersion.targets(4911,5): warning MSB3026: Could not copy "C:\Users\anijay\.gemini\antigravity\scratch\COGNEX\Cognexalgo.Core\bin\Debug\net8.0\Cognexalgo.Core.dll" to "bin\Debug\net8.0-windows\Cognexalgo.Core.dll". Beginning retry 9 in 1000ms. The process cannot access the file 'C:\Users\anijay\.gemini\antigravity\scratch\COGNEX\Cognexalgo.UI\bin\Debug\net8.0-windows\Cognexalgo.Core.dll' because it is being used by another process. The file is locked by: "Cognexalgo.UI (10524)" [C:\Users\anijay\.gemini\antigravity\scratch\COGNEX\Cognexalgo.UI\Cognexalgo.UI.csproj]
C:\Program Files\dotnet\sdk\8.0.124\Microsoft.Common.CurrentVersion.targets(4911,5): warning MSB3026: Could not copy "C:\Users\anijay\.gemini\antigravity\scratch\COGNEX\Cognexalgo.Core\bin\Debug\net8.0\Cognexalgo.Core.dll" to "bin\Debug\net8.0-windows\Cognexalgo.Core.dll". Beginning retry 10 in 1000ms. The process cannot access the file 'C:\Users\anijay\.gemini\antigravity\scratch\COGNEX\Cognexalgo.UI\bin\Debug\net8.0-windows\Cognexalgo.Core.dll' because it is being used by another process. The file is locked by: "Cognexalgo.UI (10524)" [C:\Users\anijay\.gemini\antigravity\scratch\COGNEX\Cognexalgo.UI\Cognexalgo.UI.csproj]
C:\Program Files\dotnet\sdk\8.0.124\Microsoft.Common.CurrentVersion.targets(4911,5): error MSB3027: Could not copy "C:\Users\anijay\.gemini\antigravity\scratch\COGNEX\Cognexalgo.Core\bin\Debug\net8.0\Cognexalgo.Core.dll" to "bin\Debug\net8.0-windows\Cognexalgo.Core.dll". Exceeded retry count of 10. Failed. The file is locked by: "Cognexalgo.UI (10524)" [C:\Users\anijay\.gemini\antigravity\scratch\COGNEX\Cognexalgo.UI\Cognexalgo.UI.csproj]
C:\Program Files\dotnet\sdk\8.0.124\Microsoft.Common.CurrentVersion.targets(4911,5): error MSB3021: Unable to copy file "C:\Users\anijay\.gemini\antigravity\scratch\COGNEX\Cognexalgo.Core\bin\Debug\net8.0\Cognexalgo.Core.dll" to "bin\Debug\net8.0-windows\Cognexalgo.Core.dll". The process cannot access the file 'C:\Users\anijay\.gemini\antigravity\scratch\COGNEX\Cognexalgo.UI\bin\Debug\net8.0-windows\Cognexalgo.Core.dll' because it is being used by another process. [C:\Users\anijay\.gemini\antigravity\scratch\COGNEX\Cognexalgo.UI\Cognexalgo.UI.csproj]
    93 Warning(s)
    2 Error(s)

Time Elapsed 00:00:16.74
