  Determining projects to restore...
C:\Users\anijay\.gemini\antigravity\scratch\COGNEX\Cognexalgo.Core\Cognexalgo.Core.csproj : warning NU1701: Package 'FireSharp 2.0.4' was restored using '.NETFramework,Version=v4.6.1, .NETFramework,Version=v4.6.2, .NETFramework,Version=v4.7, .NETFramework,Version=v4.7.1, .NETFramework,Version=v4.7.2, .NETFramework,Version=v4.8, .NETFramework,Version=v4.8.1' instead of the project target framework 'net8.0'. This package may not be fully compatible with your project. [C:\Users\anijay\.gemini\antigravity\scratch\COGNEX\Cognexalgo.Tests\Cognexalgo.Tests.csproj]
C:\Users\anijay\.gemini\antigravity\scratch\COGNEX\Cognexalgo.Tests\Cognexalgo.Tests.csproj : warning NU1701: Package 'FireSharp 2.0.4' was restored using '.NETFramework,Version=v4.6.1, .NETFramework,Version=v4.6.2, .NETFramework,Version=v4.7, .NETFramework,Version=v4.7.1, .NETFramework,Version=v4.7.2, .NETFramework,Version=v4.8, .NETFramework,Version=v4.8.1' instead of the project target framework 'net8.0'. This package may not be fully compatible with your project.
C:\Users\anijay\.gemini\antigravity\scratch\COGNEX\Cognexalgo.Core\Cognexalgo.Core.csproj : warning NU1701: Package 'Microsoft.Bcl 1.1.9' was restored using '.NETFramework,Version=v4.6.1, .NETFramework,Version=v4.6.2, .NETFramework,Version=v4.7, .NETFramework,Version=v4.7.1, .NETFramework,Version=v4.7.2, .NETFramework,Version=v4.8, .NETFramework,Version=v4.8.1' instead of the project target framework 'net8.0'. This package may not be fully compatible with your project. [C:\Users\anijay\.gemini\antigravity\scratch\COGNEX\Cognexalgo.Tests\Cognexalgo.Tests.csproj]
C:\Users\anijay\.gemini\antigravity\scratch\COGNEX\Cognexalgo.Tests\Cognexalgo.Tests.csproj : warning NU1701: Package 'Microsoft.Bcl 1.1.9' was restored using '.NETFramework,Version=v4.6.1, .NETFramework,Version=v4.6.2, .NETFramework,Version=v4.7, .NETFramework,Version=v4.7.1, .NETFramework,Version=v4.7.2, .NETFramework,Version=v4.8, .NETFramework,Version=v4.8.1' instead of the project target framework 'net8.0'. This package may not be fully compatible with your project.
C:\Users\anijay\.gemini\antigravity\scratch\COGNEX\Cognexalgo.Core\Cognexalgo.Core.csproj : warning NU1701: Package 'Microsoft.Bcl.Async 1.0.168' was restored using '.NETFramework,Version=v4.6.1, .NETFramework,Version=v4.6.2, .NETFramework,Version=v4.7, .NETFramework,Version=v4.7.1, .NETFramework,Version=v4.7.2, .NETFramework,Version=v4.8, .NETFramework,Version=v4.8.1' instead of the project target framework 'net8.0'. This package may not be fully compatible with your project. [C:\Users\anijay\.gemini\antigravity\scratch\COGNEX\Cognexalgo.Tests\Cognexalgo.Tests.csproj]
C:\Users\anijay\.gemini\antigravity\scratch\COGNEX\Cognexalgo.Tests\Cognexalgo.Tests.csproj : warning NU1701: Package 'Microsoft.Bcl.Async 1.0.168' was restored using '.NETFramework,Version=v4.6.1, .NETFramework,Version=v4.6.2, .NETFramework,Version=v4.7, .NETFramework,Version=v4.7.1, .NETFramework,Version=v4.7.2, .NETFramework,Version=v4.8, .NETFramework,Version=v4.8.1' instead of the project target framework 'net8.0'. This package may not be fully compatible with your project.
C:\Users\anijay\.gemini\antigravity\scratch\COGNEX\Cognexalgo.Core\Cognexalgo.Core.csproj : warning NU1701: Package 'Microsoft.Net.Http 2.2.28' was restored using '.NETFramework,Version=v4.6.1, .NETFramework,Version=v4.6.2, .NETFramework,Version=v4.7, .NETFramework,Version=v4.7.1, .NETFramework,Version=v4.7.2, .NETFramework,Version=v4.8, .NETFramework,Version=v4.8.1' instead of the project target framework 'net8.0'. This package may not be fully compatible with your project. [C:\Users\anijay\.gemini\antigravity\scratch\COGNEX\Cognexalgo.Tests\Cognexalgo.Tests.csproj]
C:\Users\anijay\.gemini\antigravity\scratch\COGNEX\Cognexalgo.Tests\Cognexalgo.Tests.csproj : warning NU1701: Package 'Microsoft.Net.Http 2.2.28' was restored using '.NETFramework,Version=v4.6.1, .NETFramework,Version=v4.6.2, .NETFramework,Version=v4.7, .NETFramework,Version=v4.7.1, .NETFramework,Version=v4.7.2, .NETFramework,Version=v4.8, .NETFramework,Version=v4.8.1' instead of the project target framework 'net8.0'. This package may not be fully compatible with your project.
  All projects are up-to-date for restore.
C:\Users\anijay\.gemini\antigravity\scratch\COGNEX\Cognexalgo.Tests\Cognexalgo.Tests.csproj : warning NU1701: Package 'FireSharp 2.0.4' was restored using '.NETFramework,Version=v4.6.1, .NETFramework,Version=v4.6.2, .NETFramework,Version=v4.7, .NETFramework,Version=v4.7.1, .NETFramework,Version=v4.7.2, .NETFramework,Version=v4.8, .NETFramework,Version=v4.8.1' instead of the project target framework 'net8.0'. This package may not be fully compatible with your project.
C:\Users\anijay\.gemini\antigravity\scratch\COGNEX\Cognexalgo.Tests\Cognexalgo.Tests.csproj : warning NU1701: Package 'Microsoft.Bcl 1.1.9' was restored using '.NETFramework,Version=v4.6.1, .NETFramework,Version=v4.6.2, .NETFramework,Version=v4.7, .NETFramework,Version=v4.7.1, .NETFramework,Version=v4.7.2, .NETFramework,Version=v4.8, .NETFramework,Version=v4.8.1' instead of the project target framework 'net8.0'. This package may not be fully compatible with your project.
C:\Users\anijay\.gemini\antigravity\scratch\COGNEX\Cognexalgo.Tests\Cognexalgo.Tests.csproj : warning NU1701: Package 'Microsoft.Bcl.Async 1.0.168' was restored using '.NETFramework,Version=v4.6.1, .NETFramework,Version=v4.6.2, .NETFramework,Version=v4.7, .NETFramework,Version=v4.7.1, .NETFramework,Version=v4.7.2, .NETFramework,Version=v4.8, .NETFramework,Version=v4.8.1' instead of the project target framework 'net8.0'. This package may not be fully compatible with your project.
C:\Users\anijay\.gemini\antigravity\scratch\COGNEX\Cognexalgo.Tests\Cognexalgo.Tests.csproj : warning NU1701: Package 'Microsoft.Net.Http 2.2.28' was restored using '.NETFramework,Version=v4.6.1, .NETFramework,Version=v4.6.2, .NETFramework,Version=v4.7, .NETFramework,Version=v4.7.1, .NETFramework,Version=v4.7.2, .NETFramework,Version=v4.8, .NETFramework,Version=v4.8.1' instead of the project target framework 'net8.0'. This package may not be fully compatible with your project.
C:\Users\anijay\.gemini\antigravity\scratch\COGNEX\Cognexalgo.Core\Cognexalgo.Core.csproj : warning NU1701: Package 'FireSharp 2.0.4' was restored using '.NETFramework,Version=v4.6.1, .NETFramework,Version=v4.6.2, .NETFramework,Version=v4.7, .NETFramework,Version=v4.7.1, .NETFramework,Version=v4.7.2, .NETFramework,Version=v4.8, .NETFramework,Version=v4.8.1' instead of the project target framework 'net8.0'. This package may not be fully compatible with your project.
C:\Users\anijay\.gemini\antigravity\scratch\COGNEX\Cognexalgo.Core\Cognexalgo.Core.csproj : warning NU1701: Package 'Microsoft.Bcl 1.1.9' was restored using '.NETFramework,Version=v4.6.1, .NETFramework,Version=v4.6.2, .NETFramework,Version=v4.7, .NETFramework,Version=v4.7.1, .NETFramework,Version=v4.7.2, .NETFramework,Version=v4.8, .NETFramework,Version=v4.8.1' instead of the project target framework 'net8.0'. This package may not be fully compatible with your project.
C:\Users\anijay\.gemini\antigravity\scratch\COGNEX\Cognexalgo.Core\Cognexalgo.Core.csproj : warning NU1701: Package 'Microsoft.Bcl.Async 1.0.168' was restored using '.NETFramework,Version=v4.6.1, .NETFramework,Version=v4.6.2, .NETFramework,Version=v4.7, .NETFramework,Version=v4.7.1, .NETFramework,Version=v4.7.2, .NETFramework,Version=v4.8, .NETFramework,Version=v4.8.1' instead of the project target framework 'net8.0'. This package may not be fully compatible with your project.
C:\Users\anijay\.gemini\antigravity\scratch\COGNEX\Cognexalgo.Core\Cognexalgo.Core.csproj : warning NU1701: Package 'Microsoft.Net.Http 2.2.28' was restored using '.NETFramework,Version=v4.6.1, .NETFramework,Version=v4.6.2, .NETFramework,Version=v4.7, .NETFramework,Version=v4.7.1, .NETFramework,Version=v4.7.2, .NETFramework,Version=v4.8, .NETFramework,Version=v4.8.1' instead of the project target framework 'net8.0'. This package may not be fully compatible with your project.
  Cognexalgo.Core -> C:\Users\anijay\.gemini\antigravity\scratch\COGNEX\Cognexalgo.Core\bin\Debug\net8.0\Cognexalgo.Core.dll
C:\Users\anijay\.gemini\antigravity\scratch\COGNEX\Cognexalgo.Tests\ClosestPremiumTest.cs(18,27): warning CS8892: Method 'Program.Main(string[])' will not be used as an entry point because a synchronous entry point 'AutoGeneratedProgram.Main(string[])' was found. [C:\Users\anijay\.gemini\antigravity\scratch\COGNEX\Cognexalgo.Tests\Cognexalgo.Tests.csproj]
C:\Users\anijay\.gemini\antigravity\scratch\COGNEX\Cognexalgo.Tests\DatabasePersistenceTest.cs(53,29): error CS0117: 'StrategyLeg' does not contain a definition for 'LegType' [C:\Users\anijay\.gemini\antigravity\scratch\COGNEX\Cognexalgo.Tests\Cognexalgo.Tests.csproj]
C:\Users\anijay\.gemini\antigravity\scratch\COGNEX\Cognexalgo.Tests\DatabasePersistenceTest.cs(57,29): error CS0117: 'StrategyLeg' does not contain a definition for 'StopLoss' [C:\Users\anijay\.gemini\antigravity\scratch\COGNEX\Cognexalgo.Tests\Cognexalgo.Tests.csproj]
C:\Users\anijay\.gemini\antigravity\scratch\COGNEX\Cognexalgo.Tests\ClosestPremiumTest.cs(44,33): warning CS8602: Dereference of a possibly null reference. [C:\Users\anijay\.gemini\antigravity\scratch\COGNEX\Cognexalgo.Tests\Cognexalgo.Tests.csproj]
C:\Users\anijay\.gemini\antigravity\scratch\COGNEX\Cognexalgo.Tests\ClosestPremiumTest.cs(44,33): warning CS8602: Dereference of a possibly null reference. [C:\Users\anijay\.gemini\antigravity\scratch\COGNEX\Cognexalgo.Tests\Cognexalgo.Tests.csproj]
C:\Users\anijay\.gemini\antigravity\scratch\COGNEX\Cognexalgo.Tests\ClosestPremiumTest.cs(45,37): warning CS8602: Dereference of a possibly null reference. [C:\Users\anijay\.gemini\antigravity\scratch\COGNEX\Cognexalgo.Tests\Cognexalgo.Tests.csproj]
C:\Users\anijay\.gemini\antigravity\scratch\COGNEX\Cognexalgo.Tests\ClosestPremiumTest.cs(45,37): warning CS8602: Dereference of a possibly null reference. [C:\Users\anijay\.gemini\antigravity\scratch\COGNEX\Cognexalgo.Tests\Cognexalgo.Tests.csproj]
C:\Users\anijay\.gemini\antigravity\scratch\COGNEX\Cognexalgo.Tests\ClosestPremiumTest.cs(46,35): warning CS8602: Dereference of a possibly null reference. [C:\Users\anijay\.gemini\antigravity\scratch\COGNEX\Cognexalgo.Tests\Cognexalgo.Tests.csproj]
C:\Users\anijay\.gemini\antigravity\scratch\COGNEX\Cognexalgo.Tests\ClosestPremiumTest.cs(46,35): warning CS8602: Dereference of a possibly null reference. [C:\Users\anijay\.gemini\antigravity\scratch\COGNEX\Cognexalgo.Tests\Cognexalgo.Tests.csproj]
C:\Users\anijay\.gemini\antigravity\scratch\COGNEX\Cognexalgo.Tests\ClosestPremiumTest.cs(47,37): warning CS8602: Dereference of a possibly null reference. [C:\Users\anijay\.gemini\antigravity\scratch\COGNEX\Cognexalgo.Tests\Cognexalgo.Tests.csproj]
C:\Users\anijay\.gemini\antigravity\scratch\COGNEX\Cognexalgo.Tests\ClosestPremiumTest.cs(47,37): warning CS8602: Dereference of a possibly null reference. [C:\Users\anijay\.gemini\antigravity\scratch\COGNEX\Cognexalgo.Tests\Cognexalgo.Tests.csproj]
C:\Users\anijay\.gemini\antigravity\scratch\COGNEX\Cognexalgo.Tests\ClosestPremiumTest.cs(66,32): warning CS8602: Dereference of a possibly null reference. [C:\Users\anijay\.gemini\antigravity\scratch\COGNEX\Cognexalgo.Tests\Cognexalgo.Tests.csproj]
C:\Users\anijay\.gemini\antigravity\scratch\COGNEX\Cognexalgo.Tests\ClosestPremiumTest.cs(67,37): warning CS8602: Dereference of a possibly null reference. [C:\Users\anijay\.gemini\antigravity\scratch\COGNEX\Cognexalgo.Tests\Cognexalgo.Tests.csproj]
C:\Users\anijay\.gemini\antigravity\scratch\COGNEX\Cognexalgo.Tests\ClosestPremiumTest.cs(68,40): warning CS8602: Dereference of a possibly null reference. [C:\Users\anijay\.gemini\antigravity\scratch\COGNEX\Cognexalgo.Tests\Cognexalgo.Tests.csproj]
C:\Users\anijay\.gemini\antigravity\scratch\COGNEX\Cognexalgo.Tests\ClosestPremiumTest.cs(322,28): warning CS8603: Possible null reference return. [C:\Users\anijay\.gemini\antigravity\scratch\COGNEX\Cognexalgo.Tests\Cognexalgo.Tests.csproj]
C:\Users\anijay\.gemini\antigravity\scratch\COGNEX\Cognexalgo.Tests\ClosestPremiumTest.cs(331,24): warning CS8603: Possible null reference return. [C:\Users\anijay\.gemini\antigravity\scratch\COGNEX\Cognexalgo.Tests\Cognexalgo.Tests.csproj]
