  Determining projects to restore...
c:\Users\anijay\.gemini\antigravity\scratch\COGNEX\Cognexalgo.Core\Cognexalgo.Core.csproj : warning NU1701: Package 'FireSharp 2.0.4' was restored using '.NETFramework,Version=v4.6.1, .NETFramework,Version=v4.6.2, .NETFramework,Version=v4.7, .NETFramework,Version=v4.7.1, .NETFramework,Version=v4.7.2, .NETFramework,Version=v4.8, .NETFramework,Version=v4.8.1' instead of the project target framework 'net8.0'. This package may not be fully compatible with your project. [c:\Users\anijay\.gemini\antigravity\scratch\COGNEX\Cognexalgo.Tests\Cognexalgo.Tests.csproj]
c:\Users\anijay\.gemini\antigravity\scratch\COGNEX\Cognexalgo.Core\Cognexalgo.Core.csproj : warning NU1701: Package 'Microsoft.Bcl 1.1.9' was restored using '.NETFramework,Version=v4.6.1, .NETFramework,Version=v4.6.2, .NETFramework,Version=v4.7, .NETFramework,Version=v4.7.1, .NETFramework,Version=v4.7.2, .NETFramework,Version=v4.8, .NETFramework,Version=v4.8.1' instead of the project target framework 'net8.0'. This package may not be fully compatible with your project. [c:\Users\anijay\.gemini\antigravity\scratch\COGNEX\Cognexalgo.Tests\Cognexalgo.Tests.csproj]
c:\Users\anijay\.gemini\antigravity\scratch\COGNEX\Cognexalgo.Core\Cognexalgo.Core.csproj : warning NU1701: Package 'Microsoft.Bcl.Async 1.0.168' was restored using '.NETFramework,Version=v4.6.1, .NETFramework,Version=v4.6.2, .NETFramework,Version=v4.7, .NETFramework,Version=v4.7.1, .NETFramework,Version=v4.7.2, .NETFramework,Version=v4.8, .NETFramework,Version=v4.8.1' instead of the project target framework 'net8.0'. This package may not be fully compatible with your project. [c:\Users\anijay\.gemini\antigravity\scratch\COGNEX\Cognexalgo.Tests\Cognexalgo.Tests.csproj]
c:\Users\anijay\.gemini\antigravity\scratch\COGNEX\Cognexalgo.Core\Cognexalgo.Core.csproj : warning NU1701: Package 'Microsoft.Net.Http 2.2.28' was restored using '.NETFramework,Version=v4.6.1, .NETFramework,Version=v4.6.2, .NETFramework,Version=v4.7, .NETFramework,Version=v4.7.1, .NETFramework,Version=v4.7.2, .NETFramework,Version=v4.8, .NETFramework,Version=v4.8.1' instead of the project target framework 'net8.0'. This package may not be fully compatible with your project. [c:\Users\anijay\.gemini\antigravity\scratch\COGNEX\Cognexalgo.Tests\Cognexalgo.Tests.csproj]
c:\Users\anijay\.gemini\antigravity\scratch\COGNEX\Cognexalgo.Tests\Cognexalgo.Tests.csproj : warning NU1701: Package 'FireSharp 2.0.4' was restored using '.NETFramework,Version=v4.6.1, .NETFramework,Version=v4.6.2, .NETFramework,Version=v4.7, .NETFramework,Version=v4.7.1, .NETFramework,Version=v4.7.2, .NETFramework,Version=v4.8, .NETFramework,Version=v4.8.1' instead of the project target framework 'net8.0'. This package may not be fully compatible with your project.
c:\Users\anijay\.gemini\antigravity\scratch\COGNEX\Cognexalgo.Tests\Cognexalgo.Tests.csproj : warning NU1701: Package 'Microsoft.Bcl 1.1.9' was restored using '.NETFramework,Version=v4.6.1, .NETFramework,Version=v4.6.2, .NETFramework,Version=v4.7, .NETFramework,Version=v4.7.1, .NETFramework,Version=v4.7.2, .NETFramework,Version=v4.8, .NETFramework,Version=v4.8.1' instead of the project target framework 'net8.0'. This package may not be fully compatible with your project.
c:\Users\anijay\.gemini\antigravity\scratch\COGNEX\Cognexalgo.Tests\Cognexalgo.Tests.csproj : warning NU1701: Package 'Microsoft.Bcl.Async 1.0.168' was restored using '.NETFramework,Version=v4.6.1, .NETFramework,Version=v4.6.2, .NETFramework,Version=v4.7, .NETFramework,Version=v4.7.1, .NETFramework,Version=v4.7.2, .NETFramework,Version=v4.8, .NETFramework,Version=v4.8.1' instead of the project target framework 'net8.0'. This package may not be fully compatible with your project.
c:\Users\anijay\.gemini\antigravity\scratch\COGNEX\Cognexalgo.Tests\Cognexalgo.Tests.csproj : warning NU1701: Package 'Microsoft.Net.Http 2.2.28' was restored using '.NETFramework,Version=v4.6.1, .NETFramework,Version=v4.6.2, .NETFramework,Version=v4.7, .NETFramework,Version=v4.7.1, .NETFramework,Version=v4.7.2, .NETFramework,Version=v4.8, .NETFramework,Version=v4.8.1' instead of the project target framework 'net8.0'. This package may not be fully compatible with your project.
  All projects are up-to-date for restore.
c:\Users\anijay\.gemini\antigravity\scratch\COGNEX\Cognexalgo.Tests\Cognexalgo.Tests.csproj : warning NU1701: Package 'FireSharp 2.0.4' was restored using '.NETFramework,Version=v4.6.1, .NETFramework,Version=v4.6.2, .NETFramework,Version=v4.7, .NETFramework,Version=v4.7.1, .NETFramework,Version=v4.7.2, .NETFramework,Version=v4.8, .NETFramework,Version=v4.8.1' instead of the project target framework 'net8.0'. This package may not be fully compatible with your project.
c:\Users\anijay\.gemini\antigravity\scratch\COGNEX\Cognexalgo.Tests\Cognexalgo.Tests.csproj : warning NU1701: Package 'Microsoft.Bcl 1.1.9' was restored using '.NETFramework,Version=v4.6.1, .NETFramework,Version=v4.6.2, .NETFramework,Version=v4.7, .NETFramework,Version=v4.7.1, .NETFramework,Version=v4.7.2, .NETFramework,Version=v4.8, .NETFramework,Version=v4.8.1' instead of the project target framework 'net8.0'. This package may not be fully compatible with your project.
c:\Users\anijay\.gemini\antigravity\scratch\COGNEX\Cognexalgo.Tests\Cognexalgo.Tests.csproj : warning NU1701: Package 'Microsoft.Bcl.Async 1.0.168' was restored using '.NETFramework,Version=v4.6.1, .NETFramework,Version=v4.6.2, .NETFramework,Version=v4.7, .NETFramework,Version=v4.7.1, .NETFramework,Version=v4.7.2, .NETFramework,Version=v4.8, .NETFramework,Version=v4.8.1' instead of the project target framework 'net8.0'. This package may not be fully compatible with your project.
c:\Users\anijay\.gemini\antigravity\scratch\COGNEX\Cognexalgo.Tests\Cognexalgo.Tests.csproj : warning NU1701: Package 'Microsoft.Net.Http 2.2.28' was restored using '.NETFramework,Version=v4.6.1, .NETFramework,Version=v4.6.2, .NETFramework,Version=v4.7, .NETFramework,Version=v4.7.1, .NETFramework,Version=v4.7.2, .NETFramework,Version=v4.8, .NETFramework,Version=v4.8.1' instead of the project target framework 'net8.0'. This package may not be fully compatible with your project.
c:\Users\anijay\.gemini\antigravity\scratch\COGNEX\Cognexalgo.Core\Cognexalgo.Core.csproj : warning NU1701: Package 'FireSharp 2.0.4' was restored using '.NETFramework,Version=v4.6.1, .NETFramework,Version=v4.6.2, .NETFramework,Version=v4.7, .NETFramework,Version=v4.7.1, .NETFramework,Version=v4.7.2, .NETFramework,Version=v4.8, .NETFramework,Version=v4.8.1' instead of the project target framework 'net8.0'. This package may not be fully compatible with your project.
c:\Users\anijay\.gemini\antigravity\scratch\COGNEX\Cognexalgo.Core\Cognexalgo.Core.csproj : warning NU1701: Package 'Microsoft.Bcl 1.1.9' was restored using '.NETFramework,Version=v4.6.1, .NETFramework,Version=v4.6.2, .NETFramework,Version=v4.7, .NETFramework,Version=v4.7.1, .NETFramework,Version=v4.7.2, .NETFramework,Version=v4.8, .NETFramework,Version=v4.8.1' instead of the project target framework 'net8.0'. This package may not be fully compatible with your project.
c:\Users\anijay\.gemini\antigravity\scratch\COGNEX\Cognexalgo.Core\Cognexalgo.Core.csproj : warning NU1701: Package 'Microsoft.Bcl.Async 1.0.168' was restored using '.NETFramework,Version=v4.6.1, .NETFramework,Version=v4.6.2, .NETFramework,Version=v4.7, .NETFramework,Version=v4.7.1, .NETFramework,Version=v4.7.2, .NETFramework,Version=v4.8, .NETFramework,Version=v4.8.1' instead of the project target framework 'net8.0'. This package may not be fully compatible with your project.
c:\Users\anijay\.gemini\antigravity\scratch\COGNEX\Cognexalgo.Core\Cognexalgo.Core.csproj : warning NU1701: Package 'Microsoft.Net.Http 2.2.28' was restored using '.NETFramework,Version=v4.6.1, .NETFramework,Version=v4.6.2, .NETFramework,Version=v4.7, .NETFramework,Version=v4.7.1, .NETFramework,Version=v4.7.2, .NETFramework,Version=v4.8, .NETFramework,Version=v4.8.1' instead of the project target framework 'net8.0'. This package may not be fully compatible with your project.
  Cognexalgo.Core -> c:\Users\anijay\.gemini\antigravity\scratch\COGNEX\Cognexalgo.Core\bin\Debug\net8.0\Cognexalgo.Core.dll
  Cognexalgo.Tests -> c:\Users\anijay\.gemini\antigravity\scratch\COGNEX\Cognexalgo.Tests\bin\Debug\net8.0\Cognexalgo.Tests.dll
Test run for c:\Users\anijay\.gemini\antigravity\scratch\COGNEX\Cognexalgo.Tests\bin\Debug\net8.0\Cognexalgo.Tests.dll (.NETCoreApp,Version=v8.0)
Microsoft (R) Test Execution Command Line Tool Version 17.8.0 (x64)
Copyright (c) Microsoft Corporation.  All rights reserved.

Starting test execution, please wait...
A total of 1 test files matched the specified pattern.
c:\Users\anijay\.gemini\antigravity\scratch\COGNEX\Cognexalgo.Tests\bin\Debug\net8.0\Cognexalgo.Tests.dll
[xUnit.net 00:00:00.00] xUnit.net VSTest Adapter v2.5.6+bf9b858c26 (64-bit .NET 8.0.24)
[xUnit.net 00:00:00.08]   Discovering: Cognexalgo.Tests
[xUnit.net 00:00:00.12]   Discovered:  Cognexalgo.Tests
[xUnit.net 00:00:00.12]   Starting:    Cognexalgo.Tests
[Indicator Warning] EMA requested with period 200 but only 20 candles available.
EMA 200 with 20 candles returned: 25024
Attempting to connect to database...
[Strategy] EMA_Touch_Test initialized with 15 historical candles.
[xUnit.net 00:00:00.41]       Assert.Equal() Failure: Values differ
[xUnit.net 00:00:00.41]       Expected: 1
[xUnit.net 00:00:00.41]       Actual:   0
[xUnit.net 00:00:00.41]       Stack Trace:
[xUnit.net 00:00:00.41]         c:\Users\anijay\.gemini\antigravity\scratch\COGNEX\Cognexalgo.Tests\MissedSignalTest.cs(76,0): at Cognexalgo.Tests.MissedSignalTest.Test_DynamicStrategy_GeneratesSignal_MidCandle()
[xUnit.net 00:00:00.41]         --- End of stack trace from previous location ---
  Passed Cognexalgo.Tests.IndicatorHistoryTest.Test_EMA200_WithShortHistory_ReturnsNonZero [18 ms]
  Failed Cognexalgo.Tests.MissedSignalTest.Test_DynamicStrategy_GeneratesSignal_MidCandle [217 ms]
  Error Message:
   Assert.Equal() Failure: Values differ
Expected: 1
Actual:   0
  Stack Trace:
     at Cognexalgo.Tests.MissedSignalTest.Test_DynamicStrategy_GeneratesSignal_MidCandle() in c:\Users\anijay\.gemini\antigravity\scratch\COGNEX\Cognexalgo.Tests\MissedSignalTest.cs:line 76
--- End of stack trace from previous location ---
Database connection successful.
Saving strategy...
Successfully saved strategy ID: 20
[xUnit.net 00:00:03.45]   Finished:    Cognexalgo.Tests
  Passed Cognexalgo.Tests.DatabasePersistenceTest.CanConnectAndSaveStrategy [3 s]

Total tests: 3
     Passed: 2
     Failed: 1
 Total time: 4.0083 Seconds
